Archive member included to satisfy reference by file (symbol)

C:/ST/STM32CubeIDE_1.16.0/STM32CubeIDE/plugins/com.st.stm32cube.ide.mcu.externaltools.gnu-tools-for-stm32.12.3.rel1.win32_1.0.200.202406191623/tools/bin/../lib/gcc/arm-none-eabi/12.3.1/../../../../arm-none-eabi/lib/thumb/v7e-m+fp/hard\libstdc++_nano.a(del_ops.o)
                              ./Core/Src/hc05_lib.o (operator delete(void*, unsigned int))
C:/ST/STM32CubeIDE_1.16.0/STM32CubeIDE/plugins/com.st.stm32cube.ide.mcu.externaltools.gnu-tools-for-stm32.12.3.rel1.win32_1.0.200.202406191623/tools/bin/../lib/gcc/arm-none-eabi/12.3.1/../../../../arm-none-eabi/lib/thumb/v7e-m+fp/hard\libstdc++_nano.a(new_op.o)
                              ./Core/Src/hc05_lib.o (operator new(unsigned int))
C:/ST/STM32CubeIDE_1.16.0/STM32CubeIDE/plugins/com.st.stm32cube.ide.mcu.externaltools.gnu-tools-for-stm32.12.3.rel1.win32_1.0.200.202406191623/tools/bin/../lib/gcc/arm-none-eabi/12.3.1/../../../../arm-none-eabi/lib/thumb/v7e-m+fp/hard\libstdc++_nano.a(allocator-inst.o)
                              ./Core/Src/hc05_lib.o (std::allocator<char>::allocator())
C:/ST/STM32CubeIDE_1.16.0/STM32CubeIDE/plugins/com.st.stm32cube.ide.mcu.externaltools.gnu-tools-for-stm32.12.3.rel1.win32_1.0.200.202406191623/tools/bin/../lib/gcc/arm-none-eabi/12.3.1/../../../../arm-none-eabi/lib/thumb/v7e-m+fp/hard\libstdc++_nano.a(functexcept.o)
                              ./Core/Src/hc05_lib.o (std::__throw_bad_alloc())
C:/ST/STM32CubeIDE_1.16.0/STM32CubeIDE/plugins/com.st.stm32cube.ide.mcu.externaltools.gnu-tools-for-stm32.12.3.rel1.win32_1.0.200.202406191623/tools/bin/../lib/gcc/arm-none-eabi/12.3.1/../../../../arm-none-eabi/lib/thumb/v7e-m+fp/hard\libstdc++_nano.a(string-inst.o)
                              ./Core/Src/hc05_lib.o (std::__cxx11::basic_string<char, std::char_traits<char>, std::allocator<char> >::basic_string())
C:/ST/STM32CubeIDE_1.16.0/STM32CubeIDE/plugins/com.st.stm32cube.ide.mcu.externaltools.gnu-tools-for-stm32.12.3.rel1.win32_1.0.200.202406191623/tools/bin/../lib/gcc/arm-none-eabi/12.3.1/../../../../arm-none-eabi/lib/thumb/v7e-m+fp/hard\libstdc++_nano.a(del_op.o)
                              C:/ST/STM32CubeIDE_1.16.0/STM32CubeIDE/plugins/com.st.stm32cube.ide.mcu.externaltools.gnu-tools-for-stm32.12.3.rel1.win32_1.0.200.202406191623/tools/bin/../lib/gcc/arm-none-eabi/12.3.1/../../../../arm-none-eabi/lib/thumb/v7e-m+fp/hard\libstdc++_nano.a(del_ops.o) (operator delete(void*))
C:/ST/STM32CubeIDE_1.16.0/STM32CubeIDE/plugins/com.st.stm32cube.ide.mcu.externaltools.gnu-tools-for-stm32.12.3.rel1.win32_1.0.200.202406191623/tools/bin/../lib/gcc/arm-none-eabi/12.3.1/../../../../arm-none-eabi/lib/thumb/v7e-m+fp/hard\libstdc++_nano.a(new_handler.o)
                              C:/ST/STM32CubeIDE_1.16.0/STM32CubeIDE/plugins/com.st.stm32cube.ide.mcu.externaltools.gnu-tools-for-stm32.12.3.rel1.win32_1.0.200.202406191623/tools/bin/../lib/gcc/arm-none-eabi/12.3.1/../../../../arm-none-eabi/lib/thumb/v7e-m+fp/hard\libstdc++_nano.a(new_op.o) (std::get_new_handler())
C:/ST/STM32CubeIDE_1.16.0/STM32CubeIDE/plugins/com.st.stm32cube.ide.mcu.externaltools.gnu-tools-for-stm32.12.3.rel1.win32_1.0.200.202406191623/tools/bin/../lib/gcc/arm-none-eabi/12.3.1/../../../../arm-none-eabi/lib/thumb/v7e-m+fp/hard\libc_nano.a(libc_a-abort.o)
                              C:/ST/STM32CubeIDE_1.16.0/STM32CubeIDE/plugins/com.st.stm32cube.ide.mcu.externaltools.gnu-tools-for-stm32.12.3.rel1.win32_1.0.200.202406191623/tools/bin/../lib/gcc/arm-none-eabi/12.3.1/../../../../arm-none-eabi/lib/thumb/v7e-m+fp/hard\libstdc++_nano.a(new_op.o) (abort)
C:/ST/STM32CubeIDE_1.16.0/STM32CubeIDE/plugins/com.st.stm32cube.ide.mcu.externaltools.gnu-tools-for-stm32.12.3.rel1.win32_1.0.200.202406191623/tools/bin/../lib/gcc/arm-none-eabi/12.3.1/../../../../arm-none-eabi/lib/thumb/v7e-m+fp/hard\libc_nano.a(libc_a-exit.o)
                              C:/ST/STM32CubeIDE_1.16.0/STM32CubeIDE/plugins/com.st.stm32cube.ide.mcu.externaltools.gnu-tools-for-stm32.12.3.rel1.win32_1.0.200.202406191623/tools/bin/../lib/gcc/arm-none-eabi/12.3.1/../../../../arm-none-eabi/lib/thumb/v7e-m+fp/hard/crt0.o (exit)
C:/ST/STM32CubeIDE_1.16.0/STM32CubeIDE/plugins/com.st.stm32cube.ide.mcu.externaltools.gnu-tools-for-stm32.12.3.rel1.win32_1.0.200.202406191623/tools/bin/../lib/gcc/arm-none-eabi/12.3.1/../../../../arm-none-eabi/lib/thumb/v7e-m+fp/hard\libc_nano.a(libc_a-malloc.o)
                              C:/ST/STM32CubeIDE_1.16.0/STM32CubeIDE/plugins/com.st.stm32cube.ide.mcu.externaltools.gnu-tools-for-stm32.12.3.rel1.win32_1.0.200.202406191623/tools/bin/../lib/gcc/arm-none-eabi/12.3.1/../../../../arm-none-eabi/lib/thumb/v7e-m+fp/hard\libstdc++_nano.a(new_op.o) (malloc)
C:/ST/STM32CubeIDE_1.16.0/STM32CubeIDE/plugins/com.st.stm32cube.ide.mcu.externaltools.gnu-tools-for-stm32.12.3.rel1.win32_1.0.200.202406191623/tools/bin/../lib/gcc/arm-none-eabi/12.3.1/../../../../arm-none-eabi/lib/thumb/v7e-m+fp/hard\libc_nano.a(libc_a-mallocr.o)
[...]
Memory Configuration

Name             Origin             Length             Attributes
CCMRAM           0x10000000         0x00004000         xrw
RAM              0x20000000         0x00010000         xrw
FLASH            0x08000000         0x00080000         xr
*default*        0x00000000         0xffffffff

Linker script and memory map

LOAD C:/ST/STM32CubeIDE_1.16.0/STM32CubeIDE/plugins/com.st.stm32cube.ide.mcu.externaltools.gnu-tools-for-stm32.12.3.rel1.win32_1.0.200.202406191623/tools/bin/../lib/gcc/arm-none-eabi/12.3.1/thumb/v7e-m+fp/hard/crti.o
LOAD C:/ST/STM32CubeIDE_1.16.0/STM32CubeIDE/plugins/com.st.stm32cube.ide.mcu.externaltools.gnu-tools-for-stm32.12.3.rel1.win32_1.0.200.202406191623/tools/bin/../lib/gcc/arm-none-eabi/12.3.1/thumb/v7e-m+fp/hard/crtbegin.o
LOAD C:/ST/STM32CubeIDE_1.16.0/STM32CubeIDE/plugins/com.st.stm32cube.ide.mcu.externaltools.gnu-tools-for-stm32.12.3.rel1.win32_1.0.200.202406191623/tools/bin/../lib/gcc/arm-none-eabi/12.3.1/../../../../arm-none-eabi/lib/thumb/v7e-m+fp/hard/crt0.o
LOAD ./Core/Src/gpio.o
LOAD ./Core/Src/hc05_lib.o
LOAD ./Core/Src/main.o
LOAD ./Core/Src/stm32f3xx_hal_msp.o
LOAD ./Core/Src/stm32f3xx_it.o
LOAD ./Core/Src/syscalls.o
LOAD ./Core/Src/sysmem.o
LOAD ./Core/Src/system_stm32f3xx.o
LOAD ./Core/Src/usart.o
LOAD ./Core/Startup/startup_stm32f303retx.o
LOAD ./Drivers/STM32F3xx_HAL_Driver/Src/stm32f3xx_hal.o
LOAD ./Drivers/STM32F3xx_HAL_Driver/Src/stm32f3xx_hal_cortex.o
LOAD ./Drivers/STM32F3xx_HAL_Driver/Src/stm32f3xx_hal_dma.o
LOAD ./Drivers/STM32F3xx_HAL_Driver/Src/stm32f3xx_hal_exti.o
LOAD ./Drivers/STM32F3xx_HAL_Driver/Src/stm32f3xx_hal_flash.o
LOAD ./Drivers/STM32F3xx_HAL_Driver/Src/stm32f3xx_hal_flash_ex.o
LOAD ./Drivers/STM32F3xx_HAL_Driver/Src/stm32f3xx_hal_gpio.o
LOAD ./Drivers/STM32F3xx_HAL_Driver/Src/stm32f3xx_hal_i2c.o
LOAD ./Drivers/STM32F3xx_HAL_Driver/Src/stm32f3xx_hal_i2c_ex.o
LOAD ./Drivers/STM32F3xx_HAL_Driver/Src/stm32f3xx_hal_pwr.o
LOAD ./Drivers/STM32F3xx_HAL_Driver/Src/stm32f3xx_hal_pwr_ex.o
LOAD ./Drivers/STM32F3xx_HAL_Driver/Src/stm32f3xx_hal_rcc.o
LOAD ./Drivers/STM32F3xx_HAL_Driver/Src/stm32f3xx_hal_rcc_ex.o
LOAD ./Drivers/STM32F3xx_HAL_Driver/Src/stm32f3xx_hal_tim.o
LOAD ./Drivers/STM32F3xx_HAL_Driver/Src/stm32f3xx_hal_tim_ex.o
LOAD ./Drivers/STM32F3xx_HAL_Driver/Src/stm32f3xx_hal_uart.o
LOAD ./Drivers/STM32F3xx_HAL_Driver/Src/stm32f3xx_hal_uart_ex.o
START GROUP
LOAD C:/ST/STM32CubeIDE_1.16.0/STM32CubeIDE/plugins/com.st.stm32cube.ide.mcu.externaltools.gnu-tools-for-stm32.12.3.rel1.win32_1.0.200.202406191623/tools/bin/../lib/gcc/arm-none-eabi/12.3.1/../../../../arm-none-eabi/lib/thumb/v7e-m+fp/hard\libstdc++_nano.a
LOAD C:/ST/STM32CubeIDE_1.16.0/STM32CubeIDE/plugins/com.st.stm32cube.ide.mcu.externaltools.gnu-tools-for-stm32.12.3.rel1.win32_1.0.200.202406191623/tools/bin/../lib/gcc/arm-none-eabi/12.3.1/../../../../arm-none-eabi/lib/thumb/v7e-m+fp/hard\libsupc++_nano.a
END GROUP
LOAD C:/ST/STM32CubeIDE_1.16.0/STM32CubeIDE/plugins/com.st.stm32cube.ide.mcu.externaltools.gnu-tools-for-stm32.12.3.rel1.win32_1.0.200.202406191623/tools/bin/../lib/gcc/arm-none-eabi/12.3.1/../../../../arm-none-eabi/lib/thumb/v7e-m+fp/hard\libstdc++_nano.a
LOAD C:/ST/STM32CubeIDE_1.16.0/STM32CubeIDE/plugins/com.st.stm32cube.ide.mcu.externaltools.gnu-tools-for-stm32.12.3.rel1.win32_1.0.200.202406191623/tools/bin/../lib/gcc/arm-none-eabi/12.3.1/../../../../arm-none-eabi/lib/thumb/v7e-m+fp/hard\libm.a
LOAD C:/ST/STM32CubeIDE_1.16.0/STM32CubeIDE/plugins/com.st.stm32cube.ide.mcu.externaltools.gnu-tools-for-stm32.12.3.rel1.win32_1.0.200.202406191623/tools/bin/../lib/gcc/arm-none-eabi/12.3.1/../../../../arm-none-eabi/lib/thumb/v7e-m+fp/hard\libc_nano.a
START GROUP
LOAD C:/ST/STM32CubeIDE_1.16.0/STM32CubeIDE/plugins/com.st.stm32cube.ide.mcu.externaltools.gnu-tools-for-stm32.12.3.rel1.win32_1.0.200.202406191623/tools/bin/../lib/gcc/arm-none-eabi/12.3.1/thumb/v7e-m+fp/hard\libgcc.a
LOAD C:/ST/STM32CubeIDE_1.16.0/STM32CubeIDE/plugins/com.st.stm32cube.ide.mcu.externaltools.gnu-tools-for-stm32.12.3.rel1.win32_1.0.200.202406191623/tools/bin/../lib/gcc/arm-none-eabi/12.3.1/../../../../arm-none-eabi/lib/thumb/v7e-m+fp/hard\libc_nano.a
END GROUP
START GROUP
LOAD C:/ST/STM32CubeIDE_1.16.0/STM32CubeIDE/plugins/com.st.stm32cube.ide.mcu.externaltools.gnu-tools-for-stm32.12.3.rel1.win32_1.0.200.202406191623/tools/bin/../lib/gcc/arm-none-eabi/12.3.1/thumb/v7e-m+fp/hard\libgcc.a
LOAD C:/ST/STM32CubeIDE_1.16.0/STM32CubeIDE/plugins/com.st.stm32cube.ide.mcu.externaltools.gnu-tools-for-stm32.12.3.rel1.win32_1.0.200.202406191623/tools/bin/../lib/gcc/arm-none-eabi/12.3.1/../../../../arm-none-eabi/lib/thumb/v7e-m+fp/hard\libc_nano.a
LOAD C:/ST/STM32CubeIDE_1.16.0/STM32CubeIDE/plugins/com.st.stm32cube.ide.mcu.externaltools.gnu-tools-for-stm32.12.3.rel1.win32_1.0.200.202406191623/tools/bin/../lib/gcc/arm-none-eabi/12.3.1/../../../../arm-none-eabi/lib/thumb/v7e-m+fp/hard\libnosys.a
END GROUP
START GROUP
LOAD C:/ST/STM32CubeIDE_1.16.0/STM32CubeIDE/plugins/com.st.stm32cube.ide.mcu.externaltools.gnu-tools-for-stm32.12.3.rel1.win32_1.0.200.202406191623/tools/bin/../lib/gcc/arm-none-eabi/12.3.1/thumb/v7e-m+fp/hard\libgcc.a
LOAD C:/ST/STM32CubeIDE_1.16.0/STM32CubeIDE/plugins/com.st.stm32cube.ide.mcu.externaltools.gnu-tools-for-stm32.12.3.rel1.win32_1.0.200.202406191623/tools/bin/../lib/gcc/arm-none-eabi/12.3.1/../../../../arm-none-eabi/lib/thumb/v7e-m+fp/hard\libc_nano.a
LOAD C:/ST/STM32CubeIDE_1.16.0/STM32CubeIDE/plugins/com.st.stm32cube.ide.mcu.externaltools.gnu-tools-for-stm32.12.3.rel1.win32_1.0.200.202406191623/tools/bin/../lib/gcc/arm-none-eabi/12.3.1/../../../../arm-none-eabi/lib/thumb/v7e-m+fp/hard\libnosys.a
END GROUP
LOAD C:/ST/STM32CubeIDE_1.16.0/STM32CubeIDE/plugins/com.st.stm32cube.ide.mcu.externaltools.gnu-tools-for-stm32.12.3.rel1.win32_1.0.200.202406191623/tools/bin/../lib/gcc/arm-none-eabi/12.3.1/thumb/v7e-m+fp/hard/crtend.o
LOAD C:/ST/STM32CubeIDE_1.16.0/STM32CubeIDE/plugins/com.st.stm32cube.ide.mcu.externaltools.gnu-tools-for-stm32.12.3.rel1.win32_1.0.200.202406191623/tools/bin/../lib/gcc/arm-none-eabi/12.3.1/thumb/v7e-m+fp/hard/crtn.o
                0x20010000                        _estack = (ORIGIN (RAM) + LENGTH (RAM))
                0x00000200                        _Min_Heap_Size = 0x200
                0x00000400                        _Min_Stack_Size = 0x400

.isr_vector     0x08000000      0x194
                0x08000000                        . = ALIGN (0x4)
 *(.isr_vector)
 .isr_vector    0x08000000      0x194 ./Core/Startup/startup_stm32f303retx.o
                0x08000000                g_pfnVectors
                0x08000194                        . = ALIGN (0x4)

.text           0x080001a0     0x654c
                0x080001a0                        . = ALIGN (0x4)
 *(.text)
 .text          0x080001a0       0x40 C:/ST/STM32CubeIDE_1.16.0/STM32CubeIDE/plugins/com.st.stm32cube.ide.mcu.externaltools.gnu-tools-for-stm32.12.3.rel1.win32_1.0.200.202406191623/tools/bin/../lib/gcc/arm-none-eabi/12.3.1/thumb/v7e-m+fp/hard/crtbegin.o
 .text          0x080001e0       0xa0 C:/ST/STM32CubeIDE_1.16.0/STM32CubeIDE/plugins/com.st.stm32cube.ide.mcu.externaltools.gnu-tools-for-stm32.12.3.rel1.win32_1.0.200.202406191623/tools/bin/../lib/gcc/arm-none-eabi/12.3.1/../../../../arm-none-eabi/lib/thumb/v7e-m+fp/hard\libc_nano.a(libc_a-memchr.o)
                0x080001e0                memchr
 .text          0x08000280       0x10 C:/ST/STM32CubeIDE_1.16.0/STM32CubeIDE/plugins/com.st.stm32cube.ide.mcu.externaltools.gnu-tools-for-stm32.12.3.rel1.win32_1.0.200.202406191623/tools/bin/../lib/gcc/arm-none-eabi/12.3.1/../../../../arm-none-eabi/lib/thumb/v7e-m+fp/hard\libc_nano.a(libc_a-strlen.o)
                0x08000280                strlen
 *(.text*)
 .text.MX_GPIO_Init
                0x08000290      0x138 ./Core/Src/gpio.o
                0x08000290                MX_GPIO_Init
 .text._ZNSt11char_traitsIcE7compareEPKcS2_j
                0x080003c8       0x2c ./Core/Src/hc05_lib.o
                0x080003c8                std::char_traits<char>::compare(char const*, char const*, unsigned int)
 .text._ZNSt11char_traitsIcE6lengthEPKc
                0x080003f4       0x18 ./Core/Src/hc05_lib.o
                0x080003f4                std::char_traits<char>::length(char const*)
 .text._ZnwjPv  0x0800040c       0x18 ./Core/Src/hc05_lib.o
                0x0800040c                operator new(unsigned int, void*)
 .text._ZNSt7__cxx119to_stringEi
                0x08000424       0x72 ./Core/Src/hc05_lib.o
                0x08000424                std::__cxx11::to_string(int)
 .text._ZN4HC05C2EP20__UART_HandleTypeDefP12GPIO_TypeDeftS3_tm
                0x08000496       0x84 ./Core/Src/hc05_lib.o
                0x08000496                HC05::HC05(__UART_HandleTypeDef*, GPIO_TypeDef*, unsigned short, GPIO_TypeDef*, unsigned short, unsigned long)
                0x08000496                HC05::HC05(__UART_HandleTypeDef*, GPIO_TypeDef*, unsigned short, GPIO_TypeDef*, unsigned short, unsigned long)
 *fill*         0x0800051a        0x2 
 .text._ZN4HC0514isConnectionOkEv
                0x0800051c       0x58 ./Core/Src/hc05_lib.o
                0x0800051c                HC05::isConnectionOk()
 .text._ZN4HC0511setBaudRateE8BaudRate7StopBit9ParityBit
                0x08000574      0x124 ./Core/Src/hc05_lib.o
                0x08000574                HC05::setBaudRate(BaudRate, StopBit, ParityBit)
 .text._ZN4HC057setRoleE4Role
                0x08000698       0x78 ./Core/Src/hc05_lib.o
                0x08000698                HC05::setRole(Role)
 .text._ZNSt12_Vector_baseI10Slave_infoSaIS0_EE12_Vector_implD2Ev
                0x08000710       0x18 ./Core/Src/hc05_lib.o
                0x08000710                std::_Vector_base<Slave_info, std::allocator<Slave_info> >::_Vector_impl::~_Vector_impl()
                0x08000710                std::_Vector_base<Slave_info, std::allocator<Slave_info> >::_Vector_impl::~_Vector_impl()
 .text._ZNSt12_Vector_baseI10Slave_infoSaIS0_EEC2Ev
                0x08000728       0x1a ./Core/Src/hc05_lib.o
                0x08000728                std::_Vector_base<Slave_info, std::allocator<Slave_info> >::_Vector_base()
                0x08000728                std::_Vector_base<Slave_info, std::allocator<Slave_info> >::_Vector_base()
 .text._ZNSt6vectorI10Slave_infoSaIS0_EEC2Ev
                0x08000742       0x1a ./Core/Src/hc05_lib.o
                0x08000742                std::vector<Slave_info, std::allocator<Slave_info> >::vector()
                0x08000742                std::vector<Slave_info, std::allocator<Slave_info> >::vector()
 .text._ZN10Slave_infoC2Ev
                0x0800075c       0x38 ./Core/Src/hc05_lib.o
                0x0800075c                Slave_info::Slave_info()
                0x0800075c                Slave_info::Slave_info()
 .text._ZN10Slave_infoD2Ev
                0x08000794       0x38 ./Core/Src/hc05_lib.o
                0x08000794                Slave_info::~Slave_info()
                0x08000794                Slave_info::~Slave_info()
 .text._ZNSt12_Vector_baseI10Slave_infoSaIS0_EEC2EOS2_
                0x080007cc       0x20 ./Core/Src/hc05_lib.o
                0x080007cc                std::_Vector_base<Slave_info, std::allocator<Slave_info> >::_Vector_base(std::_Vector_base<Slave_info, std::allocator<Slave_info> >&&)
                0x080007cc                std::_Vector_base<Slave_info, std::allocator<Slave_info> >::_Vector_base(std::_Vector_base<Slave_info, std::allocator<Slave_info> >&&)
 .text._ZNSt6vectorI10Slave_infoSaIS0_EEC2EOS2_
                0x080007ec       0x20 ./Core/Src/hc05_lib.o
                0x080007ec                std::vector<Slave_info, std::allocator<Slave_info> >::vector(std::vector<Slave_info, std::allocator<Slave_info> >&&)
                0x080007ec                std::vector<Slave_info, std::allocator<Slave_info> >::vector(std::vector<Slave_info, std::allocator<Slave_info> >&&)
 .text._ZN4HC0519getBluetoothDevicesEhh
                0x0800080c      0x830 ./Core/Src/hc05_lib.o
                0x0800080c                HC05::getBluetoothDevices(unsigned char, unsigned char)
 .text._ZN4HC0519getMACAddressByNameENSt7__cxx1112basic_stringIcSt11char_traitsIcESaIcEEERKSt6vectorI10Slave_infoSaIS7_EE
                0x0800103c       0xa0 ./Core/Src/hc05_lib.o
                0x0800103c                HC05::getMACAddressByName(std::__cxx11::basic_string<char, std::char_traits<char>, std::allocator<char> >, std::vector<Slave_info, std::allocator<Slave_info> > const&)
 .text._ZN4HC0514getNameFromMACENSt7__cxx1112basic_stringIcSt11char_traitsIcESaIcEEE
                0x080010dc      0x148 ./Core/Src/hc05_lib.o
                0x080010dc                HC05::getNameFromMAC(std::__cxx11::basic_string<char, std::char_traits<char>, std::allocator<char> >)
 .text._ZN4HC0521connectDevicesViaNameENSt7__cxx1112basic_stringIcSt11char_traitsIcESaIcEEEhh
                0x08001224      0x12c ./Core/Src/hc05_lib.o
                0x08001224                HC05::connectDevicesViaName(std::__cxx11::basic_string<char, std::char_traits<char>, std::allocator<char> >, unsigned char, unsigned char)
 .text._ZN4HC0513initPinConfigEv
                0x08001350       0x56 ./Core/Src/hc05_lib.o
                0x08001350                HC05::initPinConfig()
 *fill*         0x080013a6        0x2 
 .text._ZN4HC0517disconnectDevicesEv
                0x080013a8       0x98 ./Core/Src/hc05_lib.o
                0x080013a8                HC05::disconnectDevices()
 .text._ZN4HC0511findMACaddrENSt7__cxx1112basic_stringIcSt11char_traitsIcESaIcEEE
                0x08001440       0xb4 ./Core/Src/hc05_lib.o
                0x08001440                HC05::findMACaddr(std::__cxx11::basic_string<char, std::char_traits<char>, std::allocator<char> >)
 .text._ZN4HC0511findDevTypeENSt7__cxx1112basic_stringIcSt11char_traitsIcESaIcEEE
                0x080014f4       0x84 ./Core/Src/hc05_lib.o
                0x080014f4                HC05::findDevType(std::__cxx11::basic_string<char, std::char_traits<char>, std::allocator<char> >)
 .text._ZN4HC0511findDevRssiENSt7__cxx1112basic_stringIcSt11char_traitsIcESaIcEEE
                0x08001578       0x7c ./Core/Src/hc05_lib.o
                0x08001578                HC05::findDevRssi(std::__cxx11::basic_string<char, std::char_traits<char>, std::allocator<char> >)
 .text._ZN4HC0513MacConversionENSt7__cxx1112basic_stringIcSt11char_traitsIcESaIcEEE
                0x080015f4       0x48 ./Core/Src/hc05_lib.o
                0x080015f4                HC05::MacConversion(std::__cxx11::basic_string<char, std::char_traits<char>, std::allocator<char> >)
 .text._ZN4HC059getAnswerENSt7__cxx1112basic_stringIcSt11char_traitsIcESaIcEEEt
                0x0800163c      0x248 ./Core/Src/hc05_lib.o
                0x0800163c                HC05::getAnswer(std::__cxx11::basic_string<char, std::char_traits<char>, std::allocator<char> >, unsigned short)
 .text._ZN4HC0515checkIsAnswerOKERKNSt7__cxx1112basic_stringIcSt11char_traitsIcESaIcEEE
                0x08001884       0x30 ./Core/Src/hc05_lib.o
                0x08001884                HC05::checkIsAnswerOK(std::__cxx11::basic_string<char, std::char_traits<char>, std::allocator<char> > const&)
 .text._ZN4HC058cmdWriteENSt7__cxx1112basic_stringIcSt11char_traitsIcESaIcEEE
                0x080018b4      0x124 ./Core/Src/hc05_lib.o
                0x080018b4                HC05::cmdWrite(std::__cxx11::basic_string<char, std::char_traits<char>, std::allocator<char> >)
 .text._ZN4HC0517setATModeBaudRateEt
                0x080019d8       0x32 ./Core/Src/hc05_lib.o
                0x080019d8                HC05::setATModeBaudRate(unsigned short)
 .text._ZNSt8__detail14__to_chars_lenIjEEjT_i
                0x08001a0a       0x7e ./Core/Src/hc05_lib.o
                0x08001a0a                unsigned int std::__detail::__to_chars_len<unsigned int>(unsigned int, int)
 .text._ZNSt8__detail18__to_chars_10_implIjEEvPcjT_
                0x08001a88       0xac ./Core/Src/hc05_lib.o
                0x08001a88                void std::__detail::__to_chars_10_impl<unsigned int>(char*, unsigned int, unsigned int)
 .text._ZStplIcSt11char_traitsIcESaIcEENSt7__cxx1112basic_stringIT_T0_T1_EEPKS5_RKS8_
                0x08001b34       0x80 ./Core/Src/hc05_lib.o
                0x08001b34                std::__cxx11::basic_string<char, std::char_traits<char>, std::allocator<char> > std::operator+<char, std::char_traits<char>, std::allocator<char> >(char const*, std::__cxx11::basic_string<char, std::char_traits<char>, std::allocator<char> > const&)
 .text._ZStplIcSt11char_traitsIcESaIcEENSt7__cxx1112basic_stringIT_T0_T1_EEOS8_PKS5_
                0x08001bb4       0x2e ./Core/Src/hc05_lib.o
                0x08001bb4                std::__cxx11::basic_string<char, std::char_traits<char>, std::allocator<char> > std::operator+<char, std::char_traits<char>, std::allocator<char> >(std::__cxx11::basic_string<char, std::char_traits<char>, std::allocator<char> >&&, char const*)
 .text._ZStplIcSt11char_traitsIcESaIcEENSt7__cxx1112basic_stringIT_T0_T1_EEOS8_RKS8_
                0x08001be2       0x2e ./Core/Src/hc05_lib.o
                0x08001be2                std::__cxx11::basic_string<char, std::char_traits<char>, std::allocator<char> > std::operator+<char, std::char_traits<char>, std::allocator<char> >(std::__cxx11::basic_string<char, std::char_traits<char>, std::allocator<char> >&&, std::__cxx11::basic_string<char, std::char_traits<char>, std::allocator<char> > const&)
 .text._ZNSt12_Vector_baseI10Slave_infoSaIS0_EE12_Vector_implC2Ev
                0x08001c10       0x20 ./Core/Src/hc05_lib.o
                0x08001c10                std::_Vector_base<Slave_info, std::allocator<Slave_info> >::_Vector_impl::_Vector_impl()
                0x08001c10                std::_Vector_base<Slave_info, std::allocator<Slave_info> >::_Vector_impl::_Vector_impl()
 .text._ZNSaI10Slave_infoED2Ev
                0x08001c30       0x18 ./Core/Src/hc05_lib.o
                0x08001c30                std::allocator<Slave_info>::~allocator()
                0x08001c30                std::allocator<Slave_info>::~allocator()
 .text._ZNSt12_Vector_baseI10Slave_infoSaIS0_EED2Ev
                0x08001c48       0x3c ./Core/Src/hc05_lib.o
                0x08001c48                std::_Vector_base<Slave_info, std::allocator<Slave_info> >::~_Vector_base()
                0x08001c48                std::_Vector_base<Slave_info, std::allocator<Slave_info> >::~_Vector_base()
 .text._ZNSt6vectorI10Slave_infoSaIS0_EED2Ev
                0x08001c84       0x36 ./Core/Src/hc05_lib.o
                0x08001c84                std::vector<Slave_info, std::allocator<Slave_info> >::~vector()
                0x08001c84                std::vector<Slave_info, std::allocator<Slave_info> >::~vector()
 .text._ZNSt6vectorI10Slave_infoSaIS0_EE9push_backERKS0_
                0x08001cba       0x4c ./Core/Src/hc05_lib.o
                0x08001cba                std::vector<Slave_info, std::allocator<Slave_info> >::push_back(Slave_info const&)
 .text._ZNSt12_Vector_baseI10Slave_infoSaIS0_EE12_Vector_implC2EOS3_
                0x08001d06       0x36 ./Core/Src/hc05_lib.o
                0x08001d06                std::_Vector_base<Slave_info, std::allocator<Slave_info> >::_Vector_impl::_Vector_impl(std::_Vector_base<Slave_info, std::allocator<Slave_info> >::_Vector_impl&&)
                0x08001d06                std::_Vector_base<Slave_info, std::allocator<Slave_info> >::_Vector_impl::_Vector_impl(std::_Vector_base<Slave_info, std::allocator<Slave_info> >::_Vector_impl&&)
 .text._ZNKSt6vectorI10Slave_infoSaIS0_EE5beginEv
                0x08001d3c       0x20 ./Core/Src/hc05_lib.o
                0x08001d3c                std::vector<Slave_info, std::allocator<Slave_info> >::begin() const
 .text._ZNKSt6vectorI10Slave_infoSaIS0_EE3endEv
                0x08001d5c       0x22 ./Core/Src/hc05_lib.o
                0x08001d5c                std::vector<Slave_info, std::allocator<Slave_info> >::end() const
 .text._ZN9__gnu_cxxneIPK10Slave_infoSt6vectorIS1_SaIS1_EEEEbRKNS_17__normal_iteratorIT_T0_EESC_
                0x08001d7e       0x30 ./Core/Src/hc05_lib.o
                0x08001d7e                bool __gnu_cxx::operator!=<Slave_info const*, std::vector<Slave_info, std::allocator<Slave_info> > >(__gnu_cxx::__normal_iterator<Slave_info const*, std::vector<Slave_info, std::allocator<Slave_info> > > const&, __gnu_cxx::__normal_iterator<Slave_info const*, std::vector<Slave_info, std::allocator<Slave_info> > > const&)
 .text._ZN9__gnu_cxx17__normal_iteratorIPK10Slave_infoSt6vectorIS1_SaIS1_EEEppEv
                0x08001dae       0x22 ./Core/Src/hc05_lib.o
                0x08001dae                __gnu_cxx::__normal_iterator<Slave_info const*, std::vector<Slave_info, std::allocator<Slave_info> > >::operator++()
 .text._ZNK9__gnu_cxx17__normal_iteratorIPK10Slave_infoSt6vectorIS1_SaIS1_EEEdeEv
                0x08001dd0       0x18 ./Core/Src/hc05_lib.o
                0x08001dd0                __gnu_cxx::__normal_iterator<Slave_info const*, std::vector<Slave_info, std::allocator<Slave_info> > >::operator*() const
 .text._ZSteqIcEN9__gnu_cxx11__enable_ifIXsrSt9__is_charIT_E7__valueEbE6__typeERKNSt7__cxx1112basic_stringIS3_St11char_traitsIS3_ESaIS3_EEESE_
                0x08001de8       0x54 ./Core/Src/hc05_lib.o
                0x08001de8                __gnu_cxx::__enable_if<std::__is_char<char>::__value, bool>::__type std::operator==<char>(std::__cxx11::basic_string<char, std::char_traits<char>, std::allocator<char> > const&, std::__cxx11::basic_string<char, std::char_traits<char>, std::allocator<char> > const&)
 .text._ZStplIcSt11char_traitsIcESaIcEENSt7__cxx1112basic_stringIT_T0_T1_EEPKS5_OS8_
                0x08001e3c       0x30 ./Core/Src/hc05_lib.o
                0x08001e3c                std::__cxx11::basic_string<char, std::char_traits<char>, std::allocator<char> > std::operator+<char, std::char_traits<char>, std::allocator<char> >(char const*, std::__cxx11::basic_string<char, std::char_traits<char>, std::allocator<char> >&&)
 .text._ZStplIcSt11char_traitsIcESaIcEENSt7__cxx1112basic_stringIT_T0_T1_EERKS8_PKS5_
                0x08001e6c       0x26 ./Core/Src/hc05_lib.o
                0x08001e6c                std::__cxx11::basic_string<char, std::char_traits<char>, std::allocator<char> > std::operator+<char, std::char_traits<char>, std::allocator<char> >(std::__cxx11::basic_string<char, std::char_traits<char>, std::allocator<char> > const&, char const*)
 .text._ZN9__gnu_cxx14__alloc_traitsISaIcEcE17_S_select_on_copyERKS1_
                0x08001e92       0x1c ./Core/Src/hc05_lib.o
                0x08001e92                __gnu_cxx::__alloc_traits<std::allocator<char>, char>::_S_select_on_copy(std::allocator<char> const&)
 .text._ZSt4moveIRNSt7__cxx1112basic_stringIcSt11char_traitsIcESaIcEEEEONSt16remove_referenceIT_E4typeEOS8_
                0x08001eae       0x16 ./Core/Src/hc05_lib.o
                0x08001eae                std::remove_reference<std::__cxx11::basic_string<char, std::char_traits<char>, std::allocator<char> >&>::type&& std::move<std::__cxx11::basic_string<char, std::char_traits<char>, std::allocator<char> >&>(std::__cxx11::basic_string<char, std::char_traits<char>, std::allocator<char> >&)
 .text._ZNSaI10Slave_infoEC2Ev
                0x08001ec4       0x18 ./Core/Src/hc05_lib.o
                0x08001ec4                std::allocator<Slave_info>::allocator()
                0x08001ec4                std::allocator<Slave_info>::allocator()
 .text._ZNSt12_Vector_baseI10Slave_infoSaIS0_EE17_Vector_impl_dataC2Ev
                0x08001edc       0x28 ./Core/Src/hc05_lib.o
                0x08001edc                std::_Vector_base<Slave_info, std::allocator<Slave_info> >::_Vector_impl_data::_Vector_impl_data()
                0x08001edc                std::_Vector_base<Slave_info, std::allocator<Slave_info> >::_Vector_impl_data::_Vector_impl_data()
 .text._ZNSt15__new_allocatorI10Slave_infoED2Ev
                0x08001f04       0x16 ./Core/Src/hc05_lib.o
                0x08001f04                std::__new_allocator<Slave_info>::~__new_allocator()
                0x08001f04                std::__new_allocator<Slave_info>::~__new_allocator()
 .text._ZNSt12_Vector_baseI10Slave_infoSaIS0_EE13_M_deallocateEPS0_j
                0x08001f1a       0x26 ./Core/Src/hc05_lib.o
                0x08001f1a                std::_Vector_base<Slave_info, std::allocator<Slave_info> >::_M_deallocate(Slave_info*, unsigned int)
 .text._ZNSt12_Vector_baseI10Slave_infoSaIS0_EE19_M_get_Tp_allocatorEv
                0x08001f40       0x16 ./Core/Src/hc05_lib.o
                0x08001f40                std::_Vector_base<Slave_info, std::allocator<Slave_info> >::_M_get_Tp_allocator()
 .text._ZSt8_DestroyIP10Slave_infoS0_EvT_S2_RSaIT0_E
                0x08001f56       0x1c ./Core/Src/hc05_lib.o
                0x08001f56                void std::_Destroy<Slave_info*, Slave_info>(Slave_info*, Slave_info*, std::allocator<Slave_info>&)
 .text._ZNSt16allocator_traitsISaI10Slave_infoEE9constructIS0_JRKS0_EEEvRS1_PT_DpOT0_
                0x08001f72       0x26 ./Core/Src/hc05_lib.o
                0x08001f72                void std::allocator_traits<std::allocator<Slave_info> >::construct<Slave_info, Slave_info const&>(std::allocator<Slave_info>&, Slave_info*, Slave_info const&)
 .text._ZNSt6vectorI10Slave_infoSaIS0_EE3endEv
                0x08001f98       0x22 ./Core/Src/hc05_lib.o
                0x08001f98                std::vector<Slave_info, std::allocator<Slave_info> >::end()
 .text._ZNSt6vectorI10Slave_infoSaIS0_EE15_S_use_relocateEv
                0x08001fba       0x16 ./Core/Src/hc05_lib.o
                0x08001fba                std::vector<Slave_info, std::allocator<Slave_info> >::_S_use_relocate()
 .text._ZNSt6vectorI10Slave_infoSaIS0_EE19_S_nothrow_relocateESt17integral_constantIbLb1EE
                0x08001fd0       0x16 ./Core/Src/hc05_lib.o
                0x08001fd0                std::vector<Slave_info, std::allocator<Slave_info> >::_S_nothrow_relocate(std::integral_constant<bool, true>)
 *fill*         0x08001fe6        0x2 
 .text._ZNSt6vectorI10Slave_infoSaIS0_EE17_M_realloc_insertIJRKS0_EEEvN9__gnu_cxx17__normal_iteratorIPS0_S2_EEDpOT_
                0x08001fe8      0x190 ./Core/Src/hc05_lib.o
                0x08001fe8                void std::vector<Slave_info, std::allocator<Slave_info> >::_M_realloc_insert<Slave_info const&>(__gnu_cxx::__normal_iterator<Slave_info*, std::vector<Slave_info, std::allocator<Slave_info> > >, Slave_info const&)
 .text._ZSt4moveIRNSt12_Vector_baseI10Slave_infoSaIS1_EE12_Vector_implEEONSt16remove_referenceIT_E4typeEOS7_
                0x08002178       0x16 ./Core/Src/hc05_lib.o
                0x08002178                std::remove_reference<std::_Vector_base<Slave_info, std::allocator<Slave_info> >::_Vector_impl&>::type&& std::move<std::_Vector_base<Slave_info, std::allocator<Slave_info> >::_Vector_impl&>(std::_Vector_base<Slave_info, std::allocator<Slave_info> >::_Vector_impl&)
 .text._ZNSaI10Slave_infoEC2ERKS0_
                0x0800218e       0x1c ./Core/Src/hc05_lib.o
                0x0800218e                std::allocator<Slave_info>::allocator(std::allocator<Slave_info> const&)
                0x0800218e                std::allocator<Slave_info>::allocator(std::allocator<Slave_info> const&)
 .text._ZNSt12_Vector_baseI10Slave_infoSaIS0_EE17_Vector_impl_dataC2EOS3_
                0x080021aa       0x46 ./Core/Src/hc05_lib.o
                0x080021aa                std::_Vector_base<Slave_info, std::allocator<Slave_info> >::_Vector_impl_data::_Vector_impl_data(std::_Vector_base<Slave_info, std::allocator<Slave_info> >::_Vector_impl_data&&)
                0x080021aa                std::_Vector_base<Slave_info, std::allocator<Slave_info> >::_Vector_impl_data::_Vector_impl_data(std::_Vector_base<Slave_info, std::allocator<Slave_info> >::_Vector_impl_data&&)
 .text._ZN9__gnu_cxx17__normal_iteratorIPK10Slave_infoSt6vectorIS1_SaIS1_EEEC2ERKS3_
                0x080021f0       0x20 ./Core/Src/hc05_lib.o
                0x080021f0                __gnu_cxx::__normal_iterator<Slave_info const*, std::vector<Slave_info, std::allocator<Slave_info> > >::__normal_iterator(Slave_info const* const&)
                0x080021f0                __gnu_cxx::__normal_iterator<Slave_info const*, std::vector<Slave_info, std::allocator<Slave_info> > >::__normal_iterator(Slave_info const* const&)
 .text._ZNK9__gnu_cxx17__normal_iteratorIPK10Slave_infoSt6vectorIS1_SaIS1_EEE4baseEv
                0x08002210       0x16 ./Core/Src/hc05_lib.o
                0x08002210                __gnu_cxx::__normal_iterator<Slave_info const*, std::vector<Slave_info, std::allocator<Slave_info> > >::base() const
 .text._ZNSt16allocator_traitsISaIcEE37select_on_container_copy_constructionERKS0_
                0x08002226       0x1a ./Core/Src/hc05_lib.o
                0x08002226                std::allocator_traits<std::allocator<char> >::select_on_container_copy_construction(std::allocator<char> const&)
 .text._ZNSt15__new_allocatorI10Slave_infoEC2Ev
                0x08002240       0x16 ./Core/Src/hc05_lib.o
                0x08002240                std::__new_allocator<Slave_info>::__new_allocator()
                0x08002240                std::__new_allocator<Slave_info>::__new_allocator()
 .text._ZNSt16allocator_traitsISaI10Slave_infoEE10deallocateERS1_PS0_j
                0x08002256       0x1e ./Core/Src/hc05_lib.o
                0x08002256                std::allocator_traits<std::allocator<Slave_info> >::deallocate(std::allocator<Slave_info>&, Slave_info*, unsigned int)
 .text._ZSt8_DestroyIP10Slave_infoEvT_S2_
                0x08002274       0x1a ./Core/Src/hc05_lib.o
                0x08002274                void std::_Destroy<Slave_info*>(Slave_info*, Slave_info*)
 .text._ZSt7forwardIRK10Slave_infoEOT_RNSt16remove_referenceIS3_E4typeE
                0x0800228e       0x16 ./Core/Src/hc05_lib.o
                0x0800228e                Slave_info const& std::forward<Slave_info const&>(std::remove_reference<Slave_info const&>::type&)
 .text._ZN10Slave_infoC2ERKS_
                0x080022a4       0x56 ./Core/Src/hc05_lib.o
                0x080022a4                Slave_info::Slave_info(Slave_info const&)
                0x080022a4                Slave_info::Slave_info(Slave_info const&)
 .text._ZNSt15__new_allocatorI10Slave_infoE9constructIS0_JRKS0_EEEvPT_DpOT0_
                0x080022fa       0x30 ./Core/Src/hc05_lib.o
                0x080022fa                void std::__new_allocator<Slave_info>::construct<Slave_info, Slave_info const&>(Slave_info*, Slave_info const&)
 .text._ZN9__gnu_cxx17__normal_iteratorIP10Slave_infoSt6vectorIS1_SaIS1_EEEC2ERKS2_
                0x0800232a       0x20 ./Core/Src/hc05_lib.o
                0x0800232a                __gnu_cxx::__normal_iterator<Slave_info*, std::vector<Slave_info, std::allocator<Slave_info> > >::__normal_iterator(Slave_info* const&)
                0x0800232a                __gnu_cxx::__normal_iterator<Slave_info*, std::vector<Slave_info, std::allocator<Slave_info> > >::__normal_iterator(Slave_info* const&)
 .text._ZNKSt6vectorI10Slave_infoSaIS0_EE12_M_check_lenEjPKc
                0x0800234a       0x8e ./Core/Src/hc05_lib.o
                0x0800234a                std::vector<Slave_info, std::allocator<Slave_info> >::_M_check_len(unsigned int, char const*) const
 .text._ZNSt6vectorI10Slave_infoSaIS0_EE5beginEv
                0x080023d8       0x20 ./Core/Src/hc05_lib.o
                0x080023d8                std::vector<Slave_info, std::allocator<Slave_info> >::begin()
 .text._ZN9__gnu_cxxmiIP10Slave_infoSt6vectorIS1_SaIS1_EEEENS_17__normal_iteratorIT_T0_E15difference_typeERKS9_SC_
                0x080023f8       0x34 ./Core/Src/hc05_lib.o
                0x080023f8                __gnu_cxx::__normal_iterator<Slave_info*, std::vector<Slave_info, std::allocator<Slave_info> > >::difference_type __gnu_cxx::operator-<Slave_info*, std::vector<Slave_info, std::allocator<Slave_info> > >(__gnu_cxx::__normal_iterator<Slave_info*, std::vector<Slave_info, std::allocator<Slave_info> > > const&, __gnu_cxx::__normal_iterator<Slave_info*, std::vector<Slave_info, std::allocator<Slave_info> > > const&)
 .text._ZNSt12_Vector_baseI10Slave_infoSaIS0_EE11_M_allocateEj
                0x0800242c       0x28 ./Core/Src/hc05_lib.o
                0x0800242c                std::_Vector_base<Slave_info, std::allocator<Slave_info> >::_M_allocate(unsigned int)
 .text._ZNSt6vectorI10Slave_infoSaIS0_EE11_S_relocateEPS0_S3_S3_RS1_
                0x08002454       0x28 ./Core/Src/hc05_lib.o
                0x08002454                std::vector<Slave_info, std::allocator<Slave_info> >::_S_relocate(Slave_info*, Slave_info*, Slave_info*, std::allocator<Slave_info>&)
 .text._ZNK9__gnu_cxx17__normal_iteratorIP10Slave_infoSt6vectorIS1_SaIS1_EEE4baseEv
                0x0800247c       0x16 ./Core/Src/hc05_lib.o
                0x0800247c                __gnu_cxx::__normal_iterator<Slave_info*, std::vector<Slave_info, std::allocator<Slave_info> > >::base() const
 .text._ZSt34__uninitialized_move_if_noexcept_aIP10Slave_infoS1_SaIS0_EET0_T_S4_S3_RT1_
                0x08002492       0x32 ./Core/Src/hc05_lib.o
                0x08002492                Slave_info* std::__uninitialized_move_if_noexcept_a<Slave_info*, Slave_info*, std::allocator<Slave_info> >(Slave_info*, Slave_info*, Slave_info*, std::allocator<Slave_info>&)
 .text._ZNSt16allocator_traitsISaI10Slave_infoEE7destroyIS0_EEvRS1_PT_
                0x080024c4       0x1a ./Core/Src/hc05_lib.o
                0x080024c4                void std::allocator_traits<std::allocator<Slave_info> >::destroy<Slave_info>(std::allocator<Slave_info>&, Slave_info*)
 .text._ZNSt15__new_allocatorI10Slave_infoEC2ERKS1_
                0x080024de       0x18 ./Core/Src/hc05_lib.o
                0x080024de                std::__new_allocator<Slave_info>::__new_allocator(std::__new_allocator<Slave_info> const&)
                0x080024de                std::__new_allocator<Slave_info>::__new_allocator(std::__new_allocator<Slave_info> const&)
 .text._ZNSt15__new_allocatorI10Slave_infoE10deallocateEPS0_j
                0x080024f6       0x26 ./Core/Src/hc05_lib.o
                0x080024f6                std::__new_allocator<Slave_info>::deallocate(Slave_info*, unsigned int)
 .text._ZNSt12_Destroy_auxILb0EE9__destroyIP10Slave_infoEEvT_S4_
                0x0800251c       0x32 ./Core/Src/hc05_lib.o
                0x0800251c                void std::_Destroy_aux<false>::__destroy<Slave_info*>(Slave_info*, Slave_info*)
 .text._ZNKSt6vectorI10Slave_infoSaIS0_EE8max_sizeEv
                0x0800254e       0x22 ./Core/Src/hc05_lib.o
                0x0800254e                std::vector<Slave_info, std::allocator<Slave_info> >::max_size() const
 .text._ZNKSt6vectorI10Slave_infoSaIS0_EE4sizeEv
                0x08002570       0x2c ./Core/Src/hc05_lib.o
                0x08002570                std::vector<Slave_info, std::allocator<Slave_info> >::size() const
 .text._ZSt3maxIjERKT_S2_S2_
                0x0800259c       0x28 ./Core/Src/hc05_lib.o
                0x0800259c                unsigned int const& std::max<unsigned int>(unsigned int const&, unsigned int const&)
 .text._ZNSt16allocator_traitsISaI10Slave_infoEE8allocateERS1_j
                0x080025c4       0x1e ./Core/Src/hc05_lib.o
                0x080025c4                std::allocator_traits<std::allocator<Slave_info> >::allocate(std::allocator<Slave_info>&, unsigned int)
 .text._ZNSt6vectorI10Slave_infoSaIS0_EE14_S_do_relocateEPS0_S3_S3_RS1_St17integral_constantIbLb1EE
                0x080025e2       0x24 ./Core/Src/hc05_lib.o
                0x080025e2                std::vector<Slave_info, std::allocator<Slave_info> >::_S_do_relocate(Slave_info*, Slave_info*, Slave_info*, std::allocator<Slave_info>&, std::integral_constant<bool, true>)
 .text._ZSt32__make_move_if_noexcept_iteratorI10Slave_infoSt13move_iteratorIPS0_EET0_PT_
                0x08002606       0x1e ./Core/Src/hc05_lib.o
                0x08002606                std::move_iterator<Slave_info*> std::__make_move_if_noexcept_iterator<Slave_info, std::move_iterator<Slave_info*> >(Slave_info*)
 .text._ZSt22__uninitialized_copy_aISt13move_iteratorIP10Slave_infoES2_S1_ET0_T_S5_S4_RSaIT1_E
                0x08002624       0x22 ./Core/Src/hc05_lib.o
                0x08002624                Slave_info* std::__uninitialized_copy_a<std::move_iterator<Slave_info*>, Slave_info*, Slave_info>(std::move_iterator<Slave_info*>, std::move_iterator<Slave_info*>, Slave_info*, std::allocator<Slave_info>&)
 .text._ZNSt15__new_allocatorI10Slave_infoE7destroyIS0_EEvPT_
                0x08002646       0x18 ./Core/Src/hc05_lib.o
                0x08002646                void std::__new_allocator<Slave_info>::destroy<Slave_info>(Slave_info*)
 .text._ZSt11__addressofI10Slave_infoEPT_RS1_
                0x0800265e       0x16 ./Core/Src/hc05_lib.o
                0x0800265e                Slave_info* std::__addressof<Slave_info>(Slave_info&)
 .text._ZSt8_DestroyI10Slave_infoEvPT_
                0x08002674       0x16 ./Core/Src/hc05_lib.o
                0x08002674                void std::_Destroy<Slave_info>(Slave_info*)
 *fill*         0x0800268a        0x2 
 .text._ZNSt6vectorI10Slave_infoSaIS0_EE11_S_max_sizeERKS1_
                0x0800268c       0x38 ./Core/Src/hc05_lib.o
                0x0800268c                std::vector<Slave_info, std::allocator<Slave_info> >::_S_max_size(std::allocator<Slave_info> const&)
 .text._ZNKSt12_Vector_baseI10Slave_infoSaIS0_EE19_M_get_Tp_allocatorEv
                0x080026c4       0x16 ./Core/Src/hc05_lib.o
                0x080026c4                std::_Vector_base<Slave_info, std::allocator<Slave_info> >::_M_get_Tp_allocator() const
 *fill*         0x080026da        0x2 
 .text._ZNSt15__new_allocatorI10Slave_infoE8allocateEjPKv
                0x080026dc       0x5c ./Core/Src/hc05_lib.o
                0x080026dc                std::__new_allocator<Slave_info>::allocate(unsigned int, void const*)
 .text._ZSt12__relocate_aIP10Slave_infoS1_SaIS0_EET0_T_S4_S3_RT1_
                0x08002738       0x3a ./Core/Src/hc05_lib.o
                0x08002738                Slave_info* std::__relocate_a<Slave_info*, Slave_info*, std::allocator<Slave_info> >(Slave_info*, Slave_info*, Slave_info*, std::allocator<Slave_info>&)
 .text._ZNSt13move_iteratorIP10Slave_infoEC2ES1_
                0x08002772       0x24 ./Core/Src/hc05_lib.o
                0x08002772                std::move_iterator<Slave_info*>::move_iterator(Slave_info*)
                0x08002772                std::move_iterator<Slave_info*>::move_iterator(Slave_info*)
 .text._ZSt18uninitialized_copyISt13move_iteratorIP10Slave_infoES2_ET0_T_S5_S4_
                0x08002796       0x28 ./Core/Src/hc05_lib.o
                0x08002796                Slave_info* std::uninitialized_copy<std::move_iterator<Slave_info*>, Slave_info*>(std::move_iterator<Slave_info*>, std::move_iterator<Slave_info*>, Slave_info*)
 .text._ZNSt16allocator_traitsISaI10Slave_infoEE8max_sizeERKS1_
                0x080027be       0x18 ./Core/Src/hc05_lib.o
                0x080027be                std::allocator_traits<std::allocator<Slave_info> >::max_size(std::allocator<Slave_info> const&)
 .text._ZSt3minIjERKT_S2_S2_
                0x080027d6       0x28 ./Core/Src/hc05_lib.o
                0x080027d6                unsigned int const& std::min<unsigned int>(unsigned int const&, unsigned int const&)
 *fill*         0x080027fe        0x2 
 .text._ZNKSt15__new_allocatorI10Slave_infoE11_M_max_sizeEv
                0x08002800       0x1c ./Core/Src/hc05_lib.o
                0x08002800                std::__new_allocator<Slave_info>::_M_max_size() const
 .text._ZSt12__niter_baseIP10Slave_infoET_S2_
                0x0800281c       0x16 ./Core/Src/hc05_lib.o
                0x0800281c                Slave_info* std::__niter_base<Slave_info*>(Slave_info*)
 .text._ZSt14__relocate_a_1IP10Slave_infoS1_SaIS0_EET0_T_S4_S3_RT1_
                0x08002832       0x4c ./Core/Src/hc05_lib.o
                0x08002832                Slave_info* std::__relocate_a_1<Slave_info*, Slave_info*, std::allocator<Slave_info> >(Slave_info*, Slave_info*, Slave_info*, std::allocator<Slave_info>&)
 .text._ZSt4moveIRP10Slave_infoEONSt16remove_referenceIT_E4typeEOS4_
                0x0800287e       0x16 ./Core/Src/hc05_lib.o
                0x0800287e                std::remove_reference<Slave_info*&>::type&& std::move<Slave_info*&>(Slave_info*&)
 .text._ZNSt20__uninitialized_copyILb0EE13__uninit_copyISt13move_iteratorIP10Slave_infoES4_EET0_T_S7_S6_
                0x08002894       0x20 ./Core/Src/hc05_lib.o
                0x08002894                Slave_info* std::__uninitialized_copy<false>::__uninit_copy<std::move_iterator<Slave_info*>, Slave_info*>(std::move_iterator<Slave_info*>, std::move_iterator<Slave_info*>, Slave_info*)
 .text._ZNKSt15__new_allocatorI10Slave_infoE8max_sizeEv
                0x080028b4       0x18 ./Core/Src/hc05_lib.o
                0x080028b4                std::__new_allocator<Slave_info>::max_size() const
 .text._ZSt19__relocate_object_aI10Slave_infoS0_SaIS0_EEvPT_PT0_RT1_
                0x080028cc       0x36 ./Core/Src/hc05_lib.o
                0x080028cc                void std::__relocate_object_a<Slave_info, Slave_info, std::allocator<Slave_info> >(Slave_info*, Slave_info*, std::allocator<Slave_info>&)
 .text._ZSt16__do_uninit_copyISt13move_iteratorIP10Slave_infoES2_ET0_T_S5_S4_
                0x08002902       0x5e ./Core/Src/hc05_lib.o
                0x08002902                Slave_info* std::__do_uninit_copy<std::move_iterator<Slave_info*>, Slave_info*>(std::move_iterator<Slave_info*>, std::move_iterator<Slave_info*>, Slave_info*)
 .text._ZSt4moveIR10Slave_infoEONSt16remove_referenceIT_E4typeEOS3_
                0x08002960       0x16 ./Core/Src/hc05_lib.o
                0x08002960                std::remove_reference<Slave_info&>::type&& std::move<Slave_info&>(Slave_info&)
 .text._ZNSt16allocator_traitsISaI10Slave_infoEE9constructIS0_JS0_EEEvRS1_PT_DpOT0_
                0x08002976       0x26 ./Core/Src/hc05_lib.o
                0x08002976                void std::allocator_traits<std::allocator<Slave_info> >::construct<Slave_info, Slave_info>(std::allocator<Slave_info>&, Slave_info*, Slave_info&&)
 .text._ZStneIP10Slave_infoEbRKSt13move_iteratorIT_ES6_
                0x0800299c       0x22 ./Core/Src/hc05_lib.o
                0x0800299c                bool std::operator!=<Slave_info*>(std::move_iterator<Slave_info*> const&, std::move_iterator<Slave_info*> const&)
 .text._ZNSt13move_iteratorIP10Slave_infoEppEv
                0x080029be       0x22 ./Core/Src/hc05_lib.o
                0x080029be                std::move_iterator<Slave_info*>::operator++()
 .text._ZNKSt13move_iteratorIP10Slave_infoEdeEv
                0x080029e0       0x18 ./Core/Src/hc05_lib.o
                0x080029e0                std::move_iterator<Slave_info*>::operator*() const
 .text._ZN10Slave_infoC2EOS_
                0x080029f8       0x56 ./Core/Src/hc05_lib.o
                0x080029f8                Slave_info::Slave_info(Slave_info&&)
                0x080029f8                Slave_info::Slave_info(Slave_info&&)
 .text._ZSt10_ConstructI10Slave_infoJS0_EEvPT_DpOT0_
                0x08002a4e       0x2e ./Core/Src/hc05_lib.o
                0x08002a4e                void std::_Construct<Slave_info, Slave_info>(Slave_info*, Slave_info&&)
 .text._ZSt7forwardI10Slave_infoEOT_RNSt16remove_referenceIS1_E4typeE
                0x08002a7c       0x16 ./Core/Src/hc05_lib.o
                0x08002a7c                Slave_info&& std::forward<Slave_info>(std::remove_reference<Slave_info>::type&)
 .text._ZNSt15__new_allocatorI10Slave_infoE9constructIS0_JS0_EEEvPT_DpOT0_
                0x08002a92       0x30 ./Core/Src/hc05_lib.o
                0x08002a92                void std::__new_allocator<Slave_info>::construct<Slave_info, Slave_info>(Slave_info*, Slave_info&&)
 .text._ZSteqIP10Slave_infoEbRKSt13move_iteratorIT_ES6_
                0x08002ac2       0x2c ./Core/Src/hc05_lib.o
                0x08002ac2                bool std::operator==<Slave_info*>(std::move_iterator<Slave_info*> const&, std::move_iterator<Slave_info*> const&)
 .text._ZNKSt13move_iteratorIP10Slave_infoE4baseEv
                0x08002aee       0x18 ./Core/Src/hc05_lib.o
                0x08002aee                std::move_iterator<Slave_info*>::base() const
 *fill*         0x08002b06        0x2 
 .text.main     0x08002b08      0x104 ./Core/Src/main.o
                0x08002b08                main
 .text._Z18SystemClock_Configv
                0x08002c0c       0xde ./Core/Src/main.o
                0x08002c0c                SystemClock_Config()
 .text.Error_Handler
                0x08002cea        0xc ./Core/Src/main.o
                0x08002cea                Error_Handler
 *fill*         0x08002cf6        0x2 
 .text._Z41__static_initialization_and_destruction_0ii
                0x08002cf8       0x94 ./Core/Src/main.o
 .text._GLOBAL__sub_I_checker_AT
                0x08002d8c       0x10 ./Core/Src/main.o
 .text._GLOBAL__sub_D_checker_AT
                0x08002d9c       0x10 ./Core/Src/main.o
 .text.HAL_MspInit
                0x08002dac       0x48 ./Core/Src/stm32f3xx_hal_msp.o
                0x08002dac                HAL_MspInit
 .text.NMI_Handler
                0x08002df4        0x8 ./Core/Src/stm32f3xx_it.o
                0x08002df4                NMI_Handler
 .text.HardFault_Handler
                0x08002dfc        0x8 ./Core/Src/stm32f3xx_it.o
                0x08002dfc                HardFault_Handler
 .text.MemManage_Handler
                0x08002e04        0x8 ./Core/Src/stm32f3xx_it.o
                0x08002e04                MemManage_Handler
 .text.BusFault_Handler
                0x08002e0c        0x8 ./Core/Src/stm32f3xx_it.o
                0x08002e0c                BusFault_Handler
 .text.UsageFault_Handler
                0x08002e14        0x8 ./Core/Src/stm32f3xx_it.o
                0x08002e14                UsageFault_Handler
 .text.SVC_Handler
                0x08002e1c        0xe ./Core/Src/stm32f3xx_it.o
                0x08002e1c                SVC_Handler
 .text.DebugMon_Handler
                0x08002e2a        0xe ./Core/Src/stm32f3xx_it.o
                0x08002e2a                DebugMon_Handler
 .text.PendSV_Handler
                0x08002e38        0xe ./Core/Src/stm32f3xx_it.o
                0x08002e38                PendSV_Handler
 .text.SysTick_Handler
                0x08002e46        0xc ./Core/Src/stm32f3xx_it.o
                0x08002e46                SysTick_Handler
 .text._getpid  0x08002e52       0x10 ./Core/Src/syscalls.o
                0x08002e52                _getpid
 .text._kill    0x08002e62       0x20 ./Core/Src/syscalls.o
                0x08002e62                _kill
 .text._exit    0x08002e82       0x16 ./Core/Src/syscalls.o
                0x08002e82                _exit
 .text._sbrk    0x08002e98       0x6c ./Core/Src/sysmem.o
                0x08002e98                _sbrk
 .text.SystemInit
                0x08002f04       0x24 ./Core/Src/system_stm32f3xx.o
                0x08002f04                SystemInit
 .text.MX_UART4_Init
                0x08002f28       0x60 ./Core/Src/usart.o
                0x08002f28                MX_UART4_Init
 .text.MX_USART2_UART_Init
                0x08002f88       0x60 ./Core/Src/usart.o
                0x08002f88                MX_USART2_UART_Init
 .text.HAL_UART_MspInit
                0x08002fe8       0xec ./Core/Src/usart.o
                0x08002fe8                HAL_UART_MspInit
 .text.Reset_Handler
                0x080030d4       0x50 ./Core/Startup/startup_stm32f303retx.o
                0x080030d4                Reset_Handler
 .text.Default_Handler
                0x08003124        0x2 ./Core/Startup/startup_stm32f303retx.o
                0x08003124                RTC_Alarm_IRQHandler
                0x08003124                TIM8_TRG_COM_IRQHandler
                0x08003124                TIM8_CC_IRQHandler
                0x08003124                SPI4_IRQHandler
                0x08003124                TIM1_CC_IRQHandler
                0x08003124                USB_HP_IRQHandler
                0x08003124                PVD_IRQHandler
                0x08003124                TAMP_STAMP_IRQHandler
                0x08003124                EXTI3_IRQHandler
                0x08003124                I2C3_ER_IRQHandler
                0x08003124                USB_HP_CAN_TX_IRQHandler
                0x08003124                EXTI0_IRQHandler
                0x08003124                I2C2_EV_IRQHandler
                0x08003124                FPU_IRQHandler
                0x08003124                TIM1_UP_TIM16_IRQHandler
                0x08003124                ADC1_2_IRQHandler
                0x08003124                SPI1_IRQHandler
                0x08003124                CAN_SCE_IRQHandler
                0x08003124                TIM6_DAC_IRQHandler
                0x08003124                TIM8_UP_IRQHandler
                0x08003124                DMA2_Channel2_IRQHandler
                0x08003124                DMA1_Channel4_IRQHandler
                0x08003124                TIM20_TRG_COM_IRQHandler
                0x08003124                USART3_IRQHandler
                0x08003124                DMA1_Channel7_IRQHandler
                0x08003124                UART5_IRQHandler
                0x08003124                ADC3_IRQHandler
                0x08003124                TIM4_IRQHandler
                0x08003124                CAN_RX1_IRQHandler
                0x08003124                DMA2_Channel1_IRQHandler
                0x08003124                I2C1_EV_IRQHandler
                0x08003124                DMA1_Channel6_IRQHandler
                0x08003124                UART4_IRQHandler
                0x08003124                DMA2_Channel4_IRQHandler
                0x08003124                TIM3_IRQHandler
                0x08003124                RCC_IRQHandler
                0x08003124                TIM20_UP_IRQHandler
                0x08003124                DMA1_Channel1_IRQHandler
                0x08003124                Default_Handler
                0x08003124                USBWakeUp_RMP_IRQHandler
                0x08003124                EXTI15_10_IRQHandler
                0x08003124                TIM7_IRQHandler
                0x08003124                I2C3_EV_IRQHandler
                0x08003124                EXTI9_5_IRQHandler
                0x08003124                RTC_WKUP_IRQHandler
                0x08003124                SPI2_IRQHandler
                0x08003124                USB_LP_CAN_RX0_IRQHandler
                0x08003124                DMA2_Channel5_IRQHandler
                0x08003124                DMA1_Channel5_IRQHandler
                0x08003124                USB_LP_IRQHandler
                0x08003124                EXTI4_IRQHandler
                0x08003124                TIM1_TRG_COM_TIM17_IRQHandler
                0x08003124                DMA1_Channel3_IRQHandler
                0x08003124                ADC4_IRQHandler
                0x08003124                WWDG_IRQHandler
                0x08003124                TIM2_IRQHandler
                0x08003124                COMP7_IRQHandler
                0x08003124                COMP1_2_3_IRQHandler
                0x08003124                EXTI1_IRQHandler
                0x08003124                USART2_IRQHandler
                0x08003124                COMP4_5_6_IRQHandler
                0x08003124                TIM20_BRK_IRQHandler
                0x08003124                I2C2_ER_IRQHandler
                0x08003124                DMA1_Channel2_IRQHandler
                0x08003124                TIM8_BRK_IRQHandler
                0x08003124                FLASH_IRQHandler
                0x08003124                TIM20_CC_IRQHandler
                0x08003124                USART1_IRQHandler
                0x08003124                SPI3_IRQHandler
                0x08003124                I2C1_ER_IRQHandler
                0x08003124                FMC_IRQHandler
                0x08003124                USBWakeUp_IRQHandler
                0x08003124                DMA2_Channel3_IRQHandler
                0x08003124                EXTI2_TSC_IRQHandler
                0x08003124                TIM1_BRK_TIM15_IRQHandler
 *fill*         0x08003126        0x2 
 .text.HAL_Init
                0x08003128       0x2c ./Drivers/STM32F3xx_HAL_Driver/Src/stm32f3xx_hal.o
                0x08003128                HAL_Init
 .text.HAL_InitTick
                0x08003154       0x60 ./Drivers/STM32F3xx_HAL_Driver/Src/stm32f3xx_hal.o
                0x08003154                HAL_InitTick
 .text.HAL_IncTick
                0x080031b4       0x28 ./Drivers/STM32F3xx_HAL_Driver/Src/stm32f3xx_hal.o
                0x080031b4                HAL_IncTick
 .text.HAL_GetTick
                0x080031dc       0x18 ./Drivers/STM32F3xx_HAL_Driver/Src/stm32f3xx_hal.o
                0x080031dc                HAL_GetTick
 .text.HAL_Delay
                0x080031f4       0x48 ./Drivers/STM32F3xx_HAL_Driver/Src/stm32f3xx_hal.o
                0x080031f4                HAL_Delay
 .text.__NVIC_SetPriorityGrouping
                0x0800323c       0x48 ./Drivers/STM32F3xx_HAL_Driver/Src/stm32f3xx_hal_cortex.o
 .text.__NVIC_GetPriorityGrouping
                0x08003284       0x1c ./Drivers/STM32F3xx_HAL_Driver/Src/stm32f3xx_hal_cortex.o
 .text.__NVIC_SetPriority
                0x080032a0       0x54 ./Drivers/STM32F3xx_HAL_Driver/Src/stm32f3xx_hal_cortex.o
 .text.NVIC_EncodePriority
                0x080032f4       0x66 ./Drivers/STM32F3xx_HAL_Driver/Src/stm32f3xx_hal_cortex.o
 *fill*         0x0800335a        0x2 
 .text.SysTick_Config
                0x0800335c       0x44 ./Drivers/STM32F3xx_HAL_Driver/Src/stm32f3xx_hal_cortex.o
 .text.HAL_NVIC_SetPriorityGrouping
                0x080033a0       0x16 ./Drivers/STM32F3xx_HAL_Driver/Src/stm32f3xx_hal_cortex.o
                0x080033a0                HAL_NVIC_SetPriorityGrouping
 .text.HAL_NVIC_SetPriority
                0x080033b6       0x38 ./Drivers/STM32F3xx_HAL_Driver/Src/stm32f3xx_hal_cortex.o
                0x080033b6                HAL_NVIC_SetPriority
 .text.HAL_SYSTICK_Config
                0x080033ee       0x18 ./Drivers/STM32F3xx_HAL_Driver/Src/stm32f3xx_hal_cortex.o
                0x080033ee                HAL_SYSTICK_Config
 *fill*         0x08003406        0x2 
 .text.HAL_GPIO_Init
                0x08003408      0x314 ./Drivers/STM32F3xx_HAL_Driver/Src/stm32f3xx_hal_gpio.o
                0x08003408                HAL_GPIO_Init
 .text.HAL_GPIO_WritePin
                0x0800371c       0x30 ./Drivers/STM32F3xx_HAL_Driver/Src/stm32f3xx_hal_gpio.o
                0x0800371c                HAL_GPIO_WritePin
 .text.HAL_RCC_OscConfig
                0x0800374c     0x10a8 ./Drivers/STM32F3xx_HAL_Driver/Src/stm32f3xx_hal_rcc.o
                0x0800374c                HAL_RCC_OscConfig
 .text.HAL_RCC_ClockConfig
                0x080047f4      0x2f8 ./Drivers/STM32F3xx_HAL_Driver/Src/stm32f3xx_hal_rcc.o
                0x080047f4                HAL_RCC_ClockConfig
 .text.HAL_RCC_GetSysClockFreq
                0x08004aec       0xa8 ./Drivers/STM32F3xx_HAL_Driver/Src/stm32f3xx_hal_rcc.o
                0x08004aec                HAL_RCC_GetSysClockFreq
 .text.HAL_RCC_GetHCLKFreq
                0x08004b94       0x18 ./Drivers/STM32F3xx_HAL_Driver/Src/stm32f3xx_hal_rcc.o
                0x08004b94                HAL_RCC_GetHCLKFreq
 .text.HAL_RCC_GetPCLK1Freq
                0x08004bac       0x44 ./Drivers/STM32F3xx_HAL_Driver/Src/stm32f3xx_hal_rcc.o
                0x08004bac                HAL_RCC_GetPCLK1Freq
 .text.HAL_RCC_GetPCLK2Freq
                0x08004bf0       0x44 ./Drivers/STM32F3xx_HAL_Driver/Src/stm32f3xx_hal_rcc.o
                0x08004bf0                HAL_RCC_GetPCLK2Freq
 .text.HAL_RCCEx_PeriphCLKConfig
                0x08004c34      0x43c ./Drivers/STM32F3xx_HAL_Driver/Src/stm32f3xx_hal_rcc_ex.o
                0x08004c34                HAL_RCCEx_PeriphCLKConfig
 .text.HAL_UART_Init
                0x08005070       0x9c ./Drivers/STM32F3xx_HAL_Driver/Src/stm32f3xx_hal_uart.o
                0x08005070                HAL_UART_Init
 .text.HAL_UART_Transmit
                0x0800510c      0x112 ./Drivers/STM32F3xx_HAL_Driver/Src/stm32f3xx_hal_uart.o
                0x0800510c                HAL_UART_Transmit
 .text.HAL_UART_Receive
                0x0800521e      0x192 ./Drivers/STM32F3xx_HAL_Driver/Src/stm32f3xx_hal_uart.o
                0x0800521e                HAL_UART_Receive
 .text.UART_SetConfig
                0x080053b0      0x3a8 ./Drivers/STM32F3xx_HAL_Driver/Src/stm32f3xx_hal_uart.o
                0x080053b0                UART_SetConfig
 .text.UART_AdvFeatureConfig
                0x08005758      0x144 ./Drivers/STM32F3xx_HAL_Driver/Src/stm32f3xx_hal_uart.o
                0x08005758                UART_AdvFeatureConfig
 .text.UART_CheckIdleState
                0x0800589c      0x150 ./Drivers/STM32F3xx_HAL_Driver/Src/stm32f3xx_hal_uart.o
                0x0800589c                UART_CheckIdleState
 .text.UART_WaitOnFlagUntilTimeout
                0x080059ec       0xda ./Drivers/STM32F3xx_HAL_Driver/Src/stm32f3xx_hal_uart.o
                0x080059ec                UART_WaitOnFlagUntilTimeout
 .text.UART_EndRxTransfer
                0x08005ac6       0xc8 ./Drivers/STM32F3xx_HAL_Driver/Src/stm32f3xx_hal_uart.o
 .text._ZdlPvj  0x08005b8e        0x4 C:/ST/STM32CubeIDE_1.16.0/STM32CubeIDE/plugins/com.st.stm32cube.ide.mcu.externaltools.gnu-tools-for-stm32.12.3.rel1.win32_1.0.200.202406191623/tools/bin/../lib/gcc/arm-none-eabi/12.3.1/../../../../arm-none-eabi/lib/thumb/v7e-m+fp/hard\libstdc++_nano.a(del_ops.o)
                0x08005b8e                operator delete(void*, unsigned int)
 .text._Znwj    0x08005b92       0x22 C:/ST/STM32CubeIDE_1.16.0/STM32CubeIDE/plugins/com.st.stm32cube.ide.mcu.externaltools.gnu-tools-for-stm32.12.3.rel1.win32_1.0.200.202406191623/tools/bin/../lib/gcc/arm-none-eabi/12.3.1/../../../../arm-none-eabi/lib/thumb/v7e-m+fp/hard\libstdc++_nano.a(new_op.o)
                0x08005b92                operator new(unsigned int)
 .text._ZNSaIcEC2Ev
                0x08005bb4        0x2 C:/ST/STM32CubeIDE_1.16.0/STM32CubeIDE/plugins/com.st.stm32cube.ide.mcu.externaltools.gnu-tools-for-stm32.12.3.rel1.win32_1.0.200.202406191623/tools/bin/../lib/gcc/arm-none-eabi/12.3.1/../../../../arm-none-eabi/lib/thumb/v7e-m+fp/hard\libstdc++_nano.a(allocator-inst.o)
                0x08005bb4                std::allocator<char>::allocator()
                0x08005bb4                std::allocator<char>::allocator()
 .text._ZNSaIcEC2ERKS_
                0x08005bb6        0x2 C:/ST/STM32CubeIDE_1.16.0/STM32CubeIDE/plugins/com.st.stm32cube.ide.mcu.externaltools.gnu-tools-for-stm32.12.3.rel1.win32_1.0.200.202406191623/tools/bin/../lib/gcc/arm-none-eabi/12.3.1/../../../../arm-none-eabi/lib/thumb/v7e-m+fp/hard\libstdc++_nano.a(allocator-inst.o)
                0x08005bb6                std::allocator<char>::allocator(std::allocator<char> const&)
                0x08005bb6                std::allocator<char>::allocator(std::allocator<char> const&)
 .text._ZNSaIcED2Ev
                0x08005bb8        0x2 C:/ST/STM32CubeIDE_1.16.0/STM32CubeIDE/plugins/com.st.stm32cube.ide.mcu.externaltools.gnu-tools-for-stm32.12.3.rel1.win32_1.0.200.202406191623/tools/bin/../lib/gcc/arm-none-eabi/12.3.1/../../../../arm-none-eabi/lib/thumb/v7e-m+fp/hard\libstdc++_nano.a(allocator-inst.o)
                0x08005bb8                std::allocator<char>::~allocator()
                0x08005bb8                std::allocator<char>::~allocator()
 .text.unlikely._ZSt17__throw_bad_allocv
                0x08005bba        0x6 C:/ST/STM32CubeIDE_1.16.0/STM32CubeIDE/plugins/com.st.stm32cube.ide.mcu.externaltools.gnu-tools-for-stm32.12.3.rel1.win32_1.0.200.202406191623/tools/bin/../lib/gcc/arm-none-eabi/12.3.1/../../../../arm-none-eabi/lib/thumb/v7e-m+fp/hard\libstdc++_nano.a(functexcept.o)
                0x08005bba                std::__throw_bad_alloc()
 .text.unlikely._ZSt28__throw_bad_array_new_lengthv
                0x08005bc0        0x6 C:/ST/STM32CubeIDE_1.16.0/STM32CubeIDE/plugins/com.st.stm32cube.ide.mcu.externaltools.gnu-tools-for-stm32.12.3.rel1.win32_1.0.200.202406191623/tools/bin/../lib/gcc/arm-none-eabi/12.3.1/../../../../arm-none-eabi/lib/thumb/v7e-m+fp/hard\libstdc++_nano.a(functexcept.o)
                0x08005bc0                std::__throw_bad_array_new_length()
 .text.unlikely._ZSt19__throw_logic_errorPKc
                0x08005bc6        0x6 C:/ST/STM32CubeIDE_1.16.0/STM32CubeIDE/plugins/com.st.stm32cube.ide.mcu.externaltools.gnu-tools-for-stm32.12.3.rel1.win32_1.0.200.202406191623/tools/bin/../lib/gcc/arm-none-eabi/12.3.1/../../../../arm-none-eabi/lib/thumb/v7e-m+fp/hard\libstdc++_nano.a(functexcept.o)
                0x08005bc6                std::__throw_logic_error(char const*)
 .text.unlikely._ZSt20__throw_length_errorPKc
                0x08005bcc        0x6 C:/ST/STM32CubeIDE_1.16.0/STM32CubeIDE/plugins/com.st.stm32cube.ide.mcu.externaltools.gnu-tools-for-stm32.12.3.rel1.win32_1.0.200.202406191623/tools/bin/../lib/gcc/arm-none-eabi/12.3.1/../../../../arm-none-eabi/lib/thumb/v7e-m+fp/hard\libstdc++_nano.a(functexcept.o)
                0x08005bcc                std::__throw_length_error(char const*)
 .text.unlikely._ZSt24__throw_out_of_range_fmtPKcz
                0x08005bd2        0x8 C:/ST/STM32CubeIDE_1.16.0/STM32CubeIDE/plugins/com.st.stm32cube.ide.mcu.externaltools.gnu-tools-for-stm32.12.3.rel1.win32_1.0.200.202406191623/tools/bin/../lib/gcc/arm-none-eabi/12.3.1/../../../../arm-none-eabi/lib/thumb/v7e-m+fp/hard\libstdc++_nano.a(functexcept.o)
                0x08005bd2                std::__throw_out_of_range_fmt(char const*, ...)
 .text._ZNSt11char_traitsIcE4copyEPcPKcj.isra.0
                0x08005bda        0x8 C:/ST/STM32CubeIDE_1.16.0/STM32CubeIDE/plugins/com.st.stm32cube.ide.mcu.externaltools.gnu-tools-for-stm32.12.3.rel1.win32_1.0.200.202406191623/tools/bin/../lib/gcc/arm-none-eabi/12.3.1/../../../../arm-none-eabi/lib/thumb/v7e-m+fp/hard\libstdc++_nano.a(string-inst.o)
 .text._ZNSt11char_traitsIcE4findEPKcjRS1_
                0x08005be2       0x10 C:/ST/STM32CubeIDE_1.16.0/STM32CubeIDE/plugins/com.st.stm32cube.ide.mcu.externaltools.gnu-tools-for-stm32.12.3.rel1.win32_1.0.200.202406191623/tools/bin/../lib/gcc/arm-none-eabi/12.3.1/../../../../arm-none-eabi/lib/thumb/v7e-m+fp/hard\libstdc++_nano.a(string-inst.o)
                0x08005be2                std::char_traits<char>::find(char const*, unsigned int, char const&)
 .text._ZNKSt7__cxx1112basic_stringIcSt11char_traitsIcESaIcEE11_M_is_localEv
                0x08005bf2        0xc C:/ST/STM32CubeIDE_1.16.0/STM32CubeIDE/plugins/com.st.stm32cube.ide.mcu.externaltools.gnu-tools-for-stm32.12.3.rel1.win32_1.0.200.202406191623/tools/bin/../lib/gcc/arm-none-eabi/12.3.1/../../../../arm-none-eabi/lib/thumb/v7e-m+fp/hard\libstdc++_nano.a(string-inst.o)
                0x08005bf2                std::__cxx11::basic_string<char, std::char_traits<char>, std::allocator<char> >::_M_is_local() const
 *fill*         0x08005bfe        0x2 
 .text._ZNSt7__cxx1112basic_stringIcSt11char_traitsIcESaIcEE9_M_createERjj
                0x08005c00       0x44 C:/ST/STM32CubeIDE_1.16.0/STM32CubeIDE/plugins/com.st.stm32cube.ide.mcu.externaltools.gnu-tools-for-stm32.12.3.rel1.win32_1.0.200.202406191623/tools/bin/../lib/gcc/arm-none-eabi/12.3.1/../../../../arm-none-eabi/lib/thumb/v7e-m+fp/hard\libstdc++_nano.a(string-inst.o)
                0x08005c00                std::__cxx11::basic_string<char, std::char_traits<char>, std::allocator<char> >::_M_create(unsigned int&, unsigned int)
 .text._ZNSt7__cxx1112basic_stringIcSt11char_traitsIcESaIcEE10_M_disposeEv
                0x08005c44       0x16 C:/ST/STM32CubeIDE_1.16.0/STM32CubeIDE/plugins/com.st.stm32cube.ide.mcu.externaltools.gnu-tools-for-stm32.12.3.rel1.win32_1.0.200.202406191623/tools/bin/../lib/gcc/arm-none-eabi/12.3.1/../../../../arm-none-eabi/lib/thumb/v7e-m+fp/hard\libstdc++_nano.a(string-inst.o)
                0x08005c44                std::__cxx11::basic_string<char, std::char_traits<char>, std::allocator<char> >::_M_dispose()
 *fill*         0x08005c5a        0x2 
 .text._ZNKSt7__cxx1112basic_stringIcSt11char_traitsIcESaIcEE8_M_checkEjPKc
                0x08005c5c       0x1c C:/ST/STM32CubeIDE_1.16.0/STM32CubeIDE/plugins/com.st.stm32cube.ide.mcu.externaltools.gnu-tools-for-stm32.12.3.rel1.win32_1.0.200.202406191623/tools/bin/../lib/gcc/arm-none-eabi/12.3.1/../../../../arm-none-eabi/lib/thumb/v7e-m+fp/hard\libstdc++_nano.a(string-inst.o)
                0x08005c5c                std::__cxx11::basic_string<char, std::char_traits<char>, std::allocator<char> >::_M_check(unsigned int, char const*) const
 .text._ZNKSt7__cxx1112basic_stringIcSt11char_traitsIcESaIcEE15_M_check_lengthEjjPKc
                0x08005c78       0x18 C:/ST/STM32CubeIDE_1.16.0/STM32CubeIDE/plugins/com.st.stm32cube.ide.mcu.externaltools.gnu-tools-for-stm32.12.3.rel1.win32_1.0.200.202406191623/tools/bin/../lib/gcc/arm-none-eabi/12.3.1/../../../../arm-none-eabi/lib/thumb/v7e-m+fp/hard\libstdc++_nano.a(string-inst.o)
                0x08005c78                std::__cxx11::basic_string<char, std::char_traits<char>, std::allocator<char> >::_M_check_length(unsigned int, unsigned int, char const*) const
 .text._ZNKSt7__cxx1112basic_stringIcSt11char_traitsIcESaIcEE11_M_disjunctEPKc
                0x08005c90       0x18 C:/ST/STM32CubeIDE_1.16.0/STM32CubeIDE/plugins/com.st.stm32cube.ide.mcu.externaltools.gnu-tools-for-stm32.12.3.rel1.win32_1.0.200.202406191623/tools/bin/../lib/gcc/arm-none-eabi/12.3.1/../../../../arm-none-eabi/lib/thumb/v7e-m+fp/hard\libstdc++_nano.a(string-inst.o)
                0x08005c90                std::__cxx11::basic_string<char, std::char_traits<char>, std::allocator<char> >::_M_disjunct(char const*) const
 .text._ZNSt7__cxx1112basic_stringIcSt11char_traitsIcESaIcEE7_S_copyEPcPKcj
                0x08005ca8       0x18 C:/ST/STM32CubeIDE_1.16.0/STM32CubeIDE/plugins/com.st.stm32cube.ide.mcu.externaltools.gnu-tools-for-stm32.12.3.rel1.win32_1.0.200.202406191623/tools/bin/../lib/gcc/arm-none-eabi/12.3.1/../../../../arm-none-eabi/lib/thumb/v7e-m+fp/hard\libstdc++_nano.a(string-inst.o)
                0x08005ca8                std::__cxx11::basic_string<char, std::char_traits<char>, std::allocator<char> >::_S_copy(char*, char const*, unsigned int)
 .text._ZNSt7__cxx1112basic_stringIcSt11char_traitsIcESaIcEE7_S_moveEPcPKcj
                0x08005cc0       0x18 C:/ST/STM32CubeIDE_1.16.0/STM32CubeIDE/plugins/com.st.stm32cube.ide.mcu.externaltools.gnu-tools-for-stm32.12.3.rel1.win32_1.0.200.202406191623/tools/bin/../lib/gcc/arm-none-eabi/12.3.1/../../../../arm-none-eabi/lib/thumb/v7e-m+fp/hard\libstdc++_nano.a(string-inst.o)
                0x08005cc0                std::__cxx11::basic_string<char, std::char_traits<char>, std::allocator<char> >::_S_move(char*, char const*, unsigned int)
 .text._ZNSt7__cxx1112basic_stringIcSt11char_traitsIcESaIcEE9_S_assignEPcjc
                0x08005cd8       0x22 C:/ST/STM32CubeIDE_1.16.0/STM32CubeIDE/plugins/com.st.stm32cube.ide.mcu.externaltools.gnu-tools-for-stm32.12.3.rel1.win32_1.0.200.202406191623/tools/bin/../lib/gcc/arm-none-eabi/12.3.1/../../../../arm-none-eabi/lib/thumb/v7e-m+fp/hard\libstdc++_nano.a(string-inst.o)
                0x08005cd8                std::__cxx11::basic_string<char, std::char_traits<char>, std::allocator<char> >::_S_assign(char*, unsigned int, char)
 .text._ZNSt7__cxx1112basic_stringIcSt11char_traitsIcESaIcEE12_M_constructEjc
                0x08005cfa       0x34 C:/ST/STM32CubeIDE_1.16.0/STM32CubeIDE/plugins/com.st.stm32cube.ide.mcu.externaltools.gnu-tools-for-stm32.12.3.rel1.win32_1.0.200.202406191623/tools/bin/../lib/gcc/arm-none-eabi/12.3.1/../../../../arm-none-eabi/lib/thumb/v7e-m+fp/hard\libstdc++_nano.a(string-inst.o)
                0x08005cfa                std::__cxx11::basic_string<char, std::char_traits<char>, std::allocator<char> >::_M_construct(unsigned int, char)
 .text._ZNSt7__cxx1112basic_stringIcSt11char_traitsIcESaIcEE13_S_copy_charsEPcS5_S5_
                0x08005d2e        0xa C:/ST/STM32CubeIDE_1.16.0/STM32CubeIDE/plugins/com.st.stm32cube.ide.mcu.externaltools.gnu-tools-for-stm32.12.3.rel1.win32_1.0.200.202406191623/tools/bin/../lib/gcc/arm-none-eabi/12.3.1/../../../../arm-none-eabi/lib/thumb/v7e-m+fp/hard\libstdc++_nano.a(string-inst.o)
                0x08005d2e                std::__cxx11::basic_string<char, std::char_traits<char>, std::allocator<char> >::_S_copy_chars(char*, char*, char*)
 .text._ZNSt7__cxx1112basic_stringIcSt11char_traitsIcESaIcEE13_S_copy_charsEPcPKcS7_
                0x08005d38        0xa C:/ST/STM32CubeIDE_1.16.0/STM32CubeIDE/plugins/com.st.stm32cube.ide.mcu.externaltools.gnu-tools-for-stm32.12.3.rel1.win32_1.0.200.202406191623/tools/bin/../lib/gcc/arm-none-eabi/12.3.1/../../../../arm-none-eabi/lib/thumb/v7e-m+fp/hard\libstdc++_nano.a(string-inst.o)
                0x08005d38                std::__cxx11::basic_string<char, std::char_traits<char>, std::allocator<char> >::_S_copy_chars(char*, char const*, char const*)
 .text._ZNSt7__cxx1112basic_stringIcSt11char_traitsIcESaIcEEC2Ev
                0x08005d42        0xe C:/ST/STM32CubeIDE_1.16.0/STM32CubeIDE/plugins/com.st.stm32cube.ide.mcu.externaltools.gnu-tools-for-stm32.12.3.rel1.win32_1.0.200.202406191623/tools/bin/../lib/gcc/arm-none-eabi/12.3.1/../../../../arm-none-eabi/lib/thumb/v7e-m+fp/hard\libstdc++_nano.a(string-inst.o)
                0x08005d42                std::__cxx11::basic_string<char, std::char_traits<char>, std::allocator<char> >::basic_string()
                0x08005d42                std::__cxx11::basic_string<char, std::char_traits<char>, std::allocator<char> >::basic_string()
 .text._ZNSt7__cxx1112basic_stringIcSt11char_traitsIcESaIcEEC2ERKS3_
                0x08005d50        0xe C:/ST/STM32CubeIDE_1.16.0/STM32CubeIDE/plugins/com.st.stm32cube.ide.mcu.externaltools.gnu-tools-for-stm32.12.3.rel1.win32_1.0.200.202406191623/tools/bin/../lib/gcc/arm-none-eabi/12.3.1/../../../../arm-none-eabi/lib/thumb/v7e-m+fp/hard\libstdc++_nano.a(string-inst.o)
                0x08005d50                std::__cxx11::basic_string<char, std::char_traits<char>, std::allocator<char> >::basic_string(std::allocator<char> const&)
                0x08005d50                std::__cxx11::basic_string<char, std::char_traits<char>, std::allocator<char> >::basic_string(std::allocator<char> const&)
 .text._ZNSt7__cxx1112basic_stringIcSt11char_traitsIcESaIcEEC2EjcRKS3_
                0x08005d5e       0x12 C:/ST/STM32CubeIDE_1.16.0/STM32CubeIDE/plugins/com.st.stm32cube.ide.mcu.externaltools.gnu-tools-for-stm32.12.3.rel1.win32_1.0.200.202406191623/tools/bin/../lib/gcc/arm-none-eabi/12.3.1/../../../../arm-none-eabi/lib/thumb/v7e-m+fp/hard\libstdc++_nano.a(string-inst.o)
                0x08005d5e                std::__cxx11::basic_string<char, std::char_traits<char>, std::allocator<char> >::basic_string(unsigned int, char, std::allocator<char> const&)
                0x08005d5e                std::__cxx11::basic_string<char, std::char_traits<char>, std::allocator<char> >::basic_string(unsigned int, char, std::allocator<char> const&)
 .text._ZNSt7__cxx1112basic_stringIcSt11char_traitsIcESaIcEEC2EOS4_
                0x08005d70       0x3e C:/ST/STM32CubeIDE_1.16.0/STM32CubeIDE/plugins/com.st.stm32cube.ide.mcu.externaltools.gnu-tools-for-stm32.12.3.rel1.win32_1.0.200.202406191623/tools/bin/../lib/gcc/arm-none-eabi/12.3.1/../../../../arm-none-eabi/lib/thumb/v7e-m+fp/hard\libstdc++_nano.a(string-inst.o)
                0x08005d70                std::__cxx11::basic_string<char, std::char_traits<char>, std::allocator<char> >::basic_string(std::__cxx11::basic_string<char, std::char_traits<char>, std::allocator<char> >&&)
                0x08005d70                std::__cxx11::basic_string<char, std::char_traits<char>, std::allocator<char> >::basic_string(std::__cxx11::basic_string<char, std::char_traits<char>, std::allocator<char> >&&)
 .text._ZNSt7__cxx1112basic_stringIcSt11char_traitsIcESaIcEED2Ev
                0x08005dae        0xc C:/ST/STM32CubeIDE_1.16.0/STM32CubeIDE/plugins/com.st.stm32cube.ide.mcu.externaltools.gnu-tools-for-stm32.12.3.rel1.win32_1.0.200.202406191623/tools/bin/../lib/gcc/arm-none-eabi/12.3.1/../../../../arm-none-eabi/lib/thumb/v7e-m+fp/hard\libstdc++_nano.a(string-inst.o)
                0x08005dae                std::__cxx11::basic_string<char, std::char_traits<char>, std::allocator<char> >::~basic_string()
                0x08005dae                std::__cxx11::basic_string<char, std::char_traits<char>, std::allocator<char> >::~basic_string()
 .text._ZNSt7__cxx1112basic_stringIcSt11char_traitsIcESaIcEEaSEOS4_
                0x08005dba       0x5c C:/ST/STM32CubeIDE_1.16.0/STM32CubeIDE/plugins/com.st.stm32cube.ide.mcu.externaltools.gnu-tools-for-stm32.12.3.rel1.win32_1.0.200.202406191623/tools/bin/../lib/gcc/arm-none-eabi/12.3.1/../../../../arm-none-eabi/lib/thumb/v7e-m+fp/hard\libstdc++_nano.a(string-inst.o)
                0x08005dba                std::__cxx11::basic_string<char, std::char_traits<char>, std::allocator<char> >::operator=(std::__cxx11::basic_string<char, std::char_traits<char>, std::allocator<char> >&&)
 .text._ZNKSt7__cxx1112basic_stringIcSt11char_traitsIcESaIcEE4sizeEv
                0x08005e16        0x4 C:/ST/STM32CubeIDE_1.16.0/STM32CubeIDE/plugins/com.st.stm32cube.ide.mcu.externaltools.gnu-tools-for-stm32.12.3.rel1.win32_1.0.200.202406191623/tools/bin/../lib/gcc/arm-none-eabi/12.3.1/../../../../arm-none-eabi/lib/thumb/v7e-m+fp/hard\libstdc++_nano.a(string-inst.o)
                0x08005e16                std::__cxx11::basic_string<char, std::char_traits<char>, std::allocator<char> >::size() const
 .text._ZNKSt7__cxx1112basic_stringIcSt11char_traitsIcESaIcEE6lengthEv
                0x08005e1a        0x4 C:/ST/STM32CubeIDE_1.16.0/STM32CubeIDE/plugins/com.st.stm32cube.ide.mcu.externaltools.gnu-tools-for-stm32.12.3.rel1.win32_1.0.200.202406191623/tools/bin/../lib/gcc/arm-none-eabi/12.3.1/../../../../arm-none-eabi/lib/thumb/v7e-m+fp/hard\libstdc++_nano.a(string-inst.o)
                0x08005e1a                std::__cxx11::basic_string<char, std::char_traits<char>, std::allocator<char> >::length() const
 .text._ZNKSt7__cxx1112basic_stringIcSt11char_traitsIcESaIcEE8capacityEv
                0x08005e1e       0x12 C:/ST/STM32CubeIDE_1.16.0/STM32CubeIDE/plugins/com.st.stm32cube.ide.mcu.externaltools.gnu-tools-for-stm32.12.3.rel1.win32_1.0.200.202406191623/tools/bin/../lib/gcc/arm-none-eabi/12.3.1/../../../../arm-none-eabi/lib/thumb/v7e-m+fp/hard\libstdc++_nano.a(string-inst.o)
                0x08005e1e                std::__cxx11::basic_string<char, std::char_traits<char>, std::allocator<char> >::capacity() const
 .text._ZNSt7__cxx1112basic_stringIcSt11char_traitsIcESaIcEE9_M_assignERKS4_
                0x08005e30       0x4a C:/ST/STM32CubeIDE_1.16.0/STM32CubeIDE/plugins/com.st.stm32cube.ide.mcu.externaltools.gnu-tools-for-stm32.12.3.rel1.win32_1.0.200.202406191623/tools/bin/../lib/gcc/arm-none-eabi/12.3.1/../../../../arm-none-eabi/lib/thumb/v7e-m+fp/hard\libstdc++_nano.a(string-inst.o)
                0x08005e30                std::__cxx11::basic_string<char, std::char_traits<char>, std::allocator<char> >::_M_assign(std::__cxx11::basic_string<char, std::char_traits<char>, std::allocator<char> > const&)
 .text._ZNSt7__cxx1112basic_stringIcSt11char_traitsIcESaIcEEaSERKS4_
                0x08005e7a        0xc C:/ST/STM32CubeIDE_1.16.0/STM32CubeIDE/plugins/com.st.stm32cube.ide.mcu.externaltools.gnu-tools-for-stm32.12.3.rel1.win32_1.0.200.202406191623/tools/bin/../lib/gcc/arm-none-eabi/12.3.1/../../../../arm-none-eabi/lib/thumb/v7e-m+fp/hard\libstdc++_nano.a(string-inst.o)
                0x08005e7a                std::__cxx11::basic_string<char, std::char_traits<char>, std::allocator<char> >::operator=(std::__cxx11::basic_string<char, std::char_traits<char>, std::allocator<char> > const&)
 .text._ZNSt7__cxx1112basic_stringIcSt11char_traitsIcESaIcEE9_M_mutateEjjPKcj
                0x08005e86       0x70 C:/ST/STM32CubeIDE_1.16.0/STM32CubeIDE/plugins/com.st.stm32cube.ide.mcu.externaltools.gnu-tools-for-stm32.12.3.rel1.win32_1.0.200.202406191623/tools/bin/../lib/gcc/arm-none-eabi/12.3.1/../../../../arm-none-eabi/lib/thumb/v7e-m+fp/hard\libstdc++_nano.a(string-inst.o)
                0x08005e86                std::__cxx11::basic_string<char, std::char_traits<char>, std::allocator<char> >::_M_mutate(unsigned int, unsigned int, char const*, unsigned int)
 .text._ZNSt7__cxx1112basic_stringIcSt11char_traitsIcESaIcEE7reserveEj
                0x08005ef6       0x36 C:/ST/STM32CubeIDE_1.16.0/STM32CubeIDE/plugins/com.st.stm32cube.ide.mcu.externaltools.gnu-tools-for-stm32.12.3.rel1.win32_1.0.200.202406191623/tools/bin/../lib/gcc/arm-none-eabi/12.3.1/../../../../arm-none-eabi/lib/thumb/v7e-m+fp/hard\libstdc++_nano.a(string-inst.o)
                0x08005ef6                std::__cxx11::basic_string<char, std::char_traits<char>, std::allocator<char> >::reserve(unsigned int)
 .text._ZNKSt7__cxx1112basic_stringIcSt11char_traitsIcESaIcEE5emptyEv
                0x08005f2c        0xa C:/ST/STM32CubeIDE_1.16.0/STM32CubeIDE/plugins/com.st.stm32cube.ide.mcu.externaltools.gnu-tools-for-stm32.12.3.rel1.win32_1.0.200.202406191623/tools/bin/../lib/gcc/arm-none-eabi/12.3.1/../../../../arm-none-eabi/lib/thumb/v7e-m+fp/hard\libstdc++_nano.a(string-inst.o)
                0x08005f2c                std::__cxx11::basic_string<char, std::char_traits<char>, std::allocator<char> >::empty() const
 .text._ZNSt7__cxx1112basic_stringIcSt11char_traitsIcESaIcEEixEj
                0x08005f36        0x6 C:/ST/STM32CubeIDE_1.16.0/STM32CubeIDE/plugins/com.st.stm32cube.ide.mcu.externaltools.gnu-tools-for-stm32.12.3.rel1.win32_1.0.200.202406191623/tools/bin/../lib/gcc/arm-none-eabi/12.3.1/../../../../arm-none-eabi/lib/thumb/v7e-m+fp/hard\libstdc++_nano.a(string-inst.o)
                0x08005f36                std::__cxx11::basic_string<char, std::char_traits<char>, std::allocator<char> >::operator[](unsigned int)
 .text._ZNSt7__cxx1112basic_stringIcSt11char_traitsIcESaIcEE2atEj
                0x08005f3c       0x18 C:/ST/STM32CubeIDE_1.16.0/STM32CubeIDE/plugins/com.st.stm32cube.ide.mcu.externaltools.gnu-tools-for-stm32.12.3.rel1.win32_1.0.200.202406191623/tools/bin/../lib/gcc/arm-none-eabi/12.3.1/../../../../arm-none-eabi/lib/thumb/v7e-m+fp/hard\libstdc++_nano.a(string-inst.o)
                0x08005f3c                std::__cxx11::basic_string<char, std::char_traits<char>, std::allocator<char> >::at(unsigned int)
 .text._ZNSt7__cxx1112basic_stringIcSt11char_traitsIcESaIcEE10_M_replaceEjjPKcj
                0x08005f54       0xf8 C:/ST/STM32CubeIDE_1.16.0/STM32CubeIDE/plugins/com.st.stm32cube.ide.mcu.externaltools.gnu-tools-for-stm32.12.3.rel1.win32_1.0.200.202406191623/tools/bin/../lib/gcc/arm-none-eabi/12.3.1/../../../../arm-none-eabi/lib/thumb/v7e-m+fp/hard\libstdc++_nano.a(string-inst.o)
                0x08005f54                std::__cxx11::basic_string<char, std::char_traits<char>, std::allocator<char> >::_M_replace(unsigned int, unsigned int, char const*, unsigned int)
 .text._ZNSt7__cxx1112basic_stringIcSt11char_traitsIcESaIcEE7replaceEjjPKcj
                0x0800604c       0x30 C:/ST/STM32CubeIDE_1.16.0/STM32CubeIDE/plugins/com.st.stm32cube.ide.mcu.externaltools.gnu-tools-for-stm32.12.3.rel1.win32_1.0.200.202406191623/tools/bin/../lib/gcc/arm-none-eabi/12.3.1/../../../../arm-none-eabi/lib/thumb/v7e-m+fp/hard\libstdc++_nano.a(string-inst.o)
                0x0800604c                std::__cxx11::basic_string<char, std::char_traits<char>, std::allocator<char> >::replace(unsigned int, unsigned int, char const*, unsigned int)
 .text._ZNSt7__cxx1112basic_stringIcSt11char_traitsIcESaIcEE6insertEjPKc
                0x0800607c       0x20 C:/ST/STM32CubeIDE_1.16.0/STM32CubeIDE/plugins/com.st.stm32cube.ide.mcu.externaltools.gnu-tools-for-stm32.12.3.rel1.win32_1.0.200.202406191623/tools/bin/../lib/gcc/arm-none-eabi/12.3.1/../../../../arm-none-eabi/lib/thumb/v7e-m+fp/hard\libstdc++_nano.a(string-inst.o)
                0x0800607c                std::__cxx11::basic_string<char, std::char_traits<char>, std::allocator<char> >::insert(unsigned int, char const*)
 .text._ZNSt7__cxx1112basic_stringIcSt11char_traitsIcESaIcEE9_M_appendEPKcj
                0x0800609c       0x48 C:/ST/STM32CubeIDE_1.16.0/STM32CubeIDE/plugins/com.st.stm32cube.ide.mcu.externaltools.gnu-tools-for-stm32.12.3.rel1.win32_1.0.200.202406191623/tools/bin/../lib/gcc/arm-none-eabi/12.3.1/../../../../arm-none-eabi/lib/thumb/v7e-m+fp/hard\libstdc++_nano.a(string-inst.o)
                0x0800609c                std::__cxx11::basic_string<char, std::char_traits<char>, std::allocator<char> >::_M_append(char const*, unsigned int)
 .text._ZNSt7__cxx1112basic_stringIcSt11char_traitsIcESaIcEE6appendEPKcj
                0x080060e4       0x20 C:/ST/STM32CubeIDE_1.16.0/STM32CubeIDE/plugins/com.st.stm32cube.ide.mcu.externaltools.gnu-tools-for-stm32.12.3.rel1.win32_1.0.200.202406191623/tools/bin/../lib/gcc/arm-none-eabi/12.3.1/../../../../arm-none-eabi/lib/thumb/v7e-m+fp/hard\libstdc++_nano.a(string-inst.o)
                0x080060e4                std::__cxx11::basic_string<char, std::char_traits<char>, std::allocator<char> >::append(char const*, unsigned int)
 .text._ZNSt7__cxx1112basic_stringIcSt11char_traitsIcESaIcEE6appendERKS4_
                0x08006104        0xc C:/ST/STM32CubeIDE_1.16.0/STM32CubeIDE/plugins/com.st.stm32cube.ide.mcu.externaltools.gnu-tools-for-stm32.12.3.rel1.win32_1.0.200.202406191623/tools/bin/../lib/gcc/arm-none-eabi/12.3.1/../../../../arm-none-eabi/lib/thumb/v7e-m+fp/hard\libstdc++_nano.a(string-inst.o)
                0x08006104                std::__cxx11::basic_string<char, std::char_traits<char>, std::allocator<char> >::append(std::__cxx11::basic_string<char, std::char_traits<char>, std::allocator<char> > const&)
 .text._ZNSt7__cxx1112basic_stringIcSt11char_traitsIcESaIcEE6appendEPKc
                0x08006110       0x2c C:/ST/STM32CubeIDE_1.16.0/STM32CubeIDE/plugins/com.st.stm32cube.ide.mcu.externaltools.gnu-tools-for-stm32.12.3.rel1.win32_1.0.200.202406191623/tools/bin/../lib/gcc/arm-none-eabi/12.3.1/../../../../arm-none-eabi/lib/thumb/v7e-m+fp/hard\libstdc++_nano.a(string-inst.o)
                0x08006110                std::__cxx11::basic_string<char, std::char_traits<char>, std::allocator<char> >::append(char const*)
 .text._ZNKSt7__cxx1112basic_stringIcSt11char_traitsIcESaIcEE5c_strEv
                0x0800613c        0x4 C:/ST/STM32CubeIDE_1.16.0/STM32CubeIDE/plugins/com.st.stm32cube.ide.mcu.externaltools.gnu-tools-for-stm32.12.3.rel1.win32_1.0.200.202406191623/tools/bin/../lib/gcc/arm-none-eabi/12.3.1/../../../../arm-none-eabi/lib/thumb/v7e-m+fp/hard\libstdc++_nano.a(string-inst.o)
                0x0800613c                std::__cxx11::basic_string<char, std::char_traits<char>, std::allocator<char> >::c_str() const
 .text._ZNKSt7__cxx1112basic_stringIcSt11char_traitsIcESaIcEE4dataEv
                0x08006140        0x4 C:/ST/STM32CubeIDE_1.16.0/STM32CubeIDE/plugins/com.st.stm32cube.ide.mcu.externaltools.gnu-tools-for-stm32.12.3.rel1.win32_1.0.200.202406191623/tools/bin/../lib/gcc/arm-none-eabi/12.3.1/../../../../arm-none-eabi/lib/thumb/v7e-m+fp/hard\libstdc++_nano.a(string-inst.o)
                0x08006140                std::__cxx11::basic_string<char, std::char_traits<char>, std::allocator<char> >::data() const
 .text._ZNKSt7__cxx1112basic_stringIcSt11char_traitsIcESaIcEE13get_allocatorEv
                0x08006144        0x2 C:/ST/STM32CubeIDE_1.16.0/STM32CubeIDE/plugins/com.st.stm32cube.ide.mcu.externaltools.gnu-tools-for-stm32.12.3.rel1.win32_1.0.200.202406191623/tools/bin/../lib/gcc/arm-none-eabi/12.3.1/../../../../arm-none-eabi/lib/thumb/v7e-m+fp/hard\libstdc++_nano.a(string-inst.o)
                0x08006144                std::__cxx11::basic_string<char, std::char_traits<char>, std::allocator<char> >::get_allocator() const
 .text._ZNKSt7__cxx1112basic_stringIcSt11char_traitsIcESaIcEE4findEPKcjj
                0x08006146       0x62 C:/ST/STM32CubeIDE_1.16.0/STM32CubeIDE/plugins/com.st.stm32cube.ide.mcu.externaltools.gnu-tools-for-stm32.12.3.rel1.win32_1.0.200.202406191623/tools/bin/../lib/gcc/arm-none-eabi/12.3.1/../../../../arm-none-eabi/lib/thumb/v7e-m+fp/hard\libstdc++_nano.a(string-inst.o)
                0x08006146                std::__cxx11::basic_string<char, std::char_traits<char>, std::allocator<char> >::find(char const*, unsigned int, unsigned int) const
 .text._ZNKSt7__cxx1112basic_stringIcSt11char_traitsIcESaIcEE4findERKS4_j
                0x080061a8        0xc C:/ST/STM32CubeIDE_1.16.0/STM32CubeIDE/plugins/com.st.stm32cube.ide.mcu.externaltools.gnu-tools-for-stm32.12.3.rel1.win32_1.0.200.202406191623/tools/bin/../lib/gcc/arm-none-eabi/12.3.1/../../../../arm-none-eabi/lib/thumb/v7e-m+fp/hard\libstdc++_nano.a(string-inst.o)
                0x080061a8                std::__cxx11::basic_string<char, std::char_traits<char>, std::allocator<char> >::find(std::__cxx11::basic_string<char, std::char_traits<char>, std::allocator<char> > const&, unsigned int) const
 .text._ZNKSt7__cxx1112basic_stringIcSt11char_traitsIcESaIcEE4findEPKcj
                0x080061b4       0x1c C:/ST/STM32CubeIDE_1.16.0/STM32CubeIDE/plugins/com.st.stm32cube.ide.mcu.externaltools.gnu-tools-for-stm32.12.3.rel1.win32_1.0.200.202406191623/tools/bin/../lib/gcc/arm-none-eabi/12.3.1/../../../../arm-none-eabi/lib/thumb/v7e-m+fp/hard\libstdc++_nano.a(string-inst.o)
                0x080061b4                std::__cxx11::basic_string<char, std::char_traits<char>, std::allocator<char> >::find(char const*, unsigned int) const
 .text._ZNKSt7__cxx1112basic_stringIcSt11char_traitsIcESaIcEE4findEcj
                0x080061d0       0x2a C:/ST/STM32CubeIDE_1.16.0/STM32CubeIDE/plugins/com.st.stm32cube.ide.mcu.externaltools.gnu-tools-for-stm32.12.3.rel1.win32_1.0.200.202406191623/tools/bin/../lib/gcc/arm-none-eabi/12.3.1/../../../../arm-none-eabi/lib/thumb/v7e-m+fp/hard\libstdc++_nano.a(string-inst.o)
                0x080061d0                std::__cxx11::basic_string<char, std::char_traits<char>, std::allocator<char> >::find(char, unsigned int) const
 .text._ZNSt7__cxx1112basic_stringIcSt11char_traitsIcESaIcEE12_M_constructIPcEEvT_S7_St20forward_iterator_tag
                0x080061fa       0x36 C:/ST/STM32CubeIDE_1.16.0/STM32CubeIDE/plugins/com.st.stm32cube.ide.mcu.externaltools.gnu-tools-for-stm32.12.3.rel1.win32_1.0.200.202406191623/tools/bin/../lib/gcc/arm-none-eabi/12.3.1/../../../../arm-none-eabi/lib/thumb/v7e-m+fp/hard\libstdc++_nano.a(string-inst.o)
                0x080061fa                void std::__cxx11::basic_string<char, std::char_traits<char>, std::allocator<char> >::_M_construct<char*>(char*, char*, std::forward_iterator_tag)
 .text._ZNSt7__cxx1112basic_stringIcSt11char_traitsIcESaIcEEC2ERKS4_
                0x08006230       0x1c C:/ST/STM32CubeIDE_1.16.0/STM32CubeIDE/plugins/com.st.stm32cube.ide.mcu.externaltools.gnu-tools-for-stm32.12.3.rel1.win32_1.0.200.202406191623/tools/bin/../lib/gcc/arm-none-eabi/12.3.1/../../../../arm-none-eabi/lib/thumb/v7e-m+fp/hard\libstdc++_nano.a(string-inst.o)
                0x08006230                std::__cxx11::basic_string<char, std::char_traits<char>, std::allocator<char> >::basic_string(std::__cxx11::basic_string<char, std::char_traits<char>, std::allocator<char> > const&)
                0x08006230                std::__cxx11::basic_string<char, std::char_traits<char>, std::allocator<char> >::basic_string(std::__cxx11::basic_string<char, std::char_traits<char>, std::allocator<char> > const&)
 .text._ZNSt7__cxx1112basic_stringIcSt11char_traitsIcESaIcEE12_M_constructIPKcEEvT_S8_St20forward_iterator_tag
                0x0800624c       0x36 C:/ST/STM32CubeIDE_1.16.0/STM32CubeIDE/plugins/com.st.stm32cube.ide.mcu.externaltools.gnu-tools-for-stm32.12.3.rel1.win32_1.0.200.202406191623/tools/bin/../lib/gcc/arm-none-eabi/12.3.1/../../../../arm-none-eabi/lib/thumb/v7e-m+fp/hard\libstdc++_nano.a(string-inst.o)
                0x0800624c                void std::__cxx11::basic_string<char, std::char_traits<char>, std::allocator<char> >::_M_construct<char const*>(char const*, char const*, std::forward_iterator_tag)
 *fill*         0x08006282        0x2 
 .text._ZNSt7__cxx1112basic_stringIcSt11char_traitsIcESaIcEEC2ERKS4_jj
                0x08006284       0x44 C:/ST/STM32CubeIDE_1.16.0/STM32CubeIDE/plugins/com.st.stm32cube.ide.mcu.externaltools.gnu-tools-for-stm32.12.3.rel1.win32_1.0.200.202406191623/tools/bin/../lib/gcc/arm-none-eabi/12.3.1/../../../../arm-none-eabi/lib/thumb/v7e-m+fp/hard\libstdc++_nano.a(string-inst.o)
                0x08006284                std::__cxx11::basic_string<char, std::char_traits<char>, std::allocator<char> >::basic_string(std::__cxx11::basic_string<char, std::char_traits<char>, std::allocator<char> > const&, unsigned int, unsigned int)
                0x08006284                std::__cxx11::basic_string<char, std::char_traits<char>, std::allocator<char> >::basic_string(std::__cxx11::basic_string<char, std::char_traits<char>, std::allocator<char> > const&, unsigned int, unsigned int)
 .text._ZNKSt7__cxx1112basic_stringIcSt11char_traitsIcESaIcEE6substrEjj
                0x080062c8       0x28 C:/ST/STM32CubeIDE_1.16.0/STM32CubeIDE/plugins/com.st.stm32cube.ide.mcu.externaltools.gnu-tools-for-stm32.12.3.rel1.win32_1.0.200.202406191623/tools/bin/../lib/gcc/arm-none-eabi/12.3.1/../../../../arm-none-eabi/lib/thumb/v7e-m+fp/hard\libstdc++_nano.a(string-inst.o)
                0x080062c8                std::__cxx11::basic_string<char, std::char_traits<char>, std::allocator<char> >::substr(unsigned int, unsigned int) const
 .text._ZNSt7__cxx1112basic_stringIcSt11char_traitsIcESaIcEEC2EPKcRKS3_
                0x080062f0       0x30 C:/ST/STM32CubeIDE_1.16.0/STM32CubeIDE/plugins/com.st.stm32cube.ide.mcu.externaltools.gnu-tools-for-stm32.12.3.rel1.win32_1.0.200.202406191623/tools/bin/../lib/gcc/arm-none-eabi/12.3.1/../../../../arm-none-eabi/lib/thumb/v7e-m+fp/hard\libstdc++_nano.a(string-inst.o)
                0x080062f0                std::__cxx11::basic_string<char, std::char_traits<char>, std::allocator<char> >::basic_string(char const*, std::allocator<char> const&)
                0x080062f0                std::__cxx11::basic_string<char, std::char_traits<char>, std::allocator<char> >::basic_string(char const*, std::allocator<char> const&)
 .text._ZdlPv   0x08006320        0x4 C:/ST/STM32CubeIDE_1.16.0/STM32CubeIDE/plugins/com.st.stm32cube.ide.mcu.externaltools.gnu-tools-for-stm32.12.3.rel1.win32_1.0.200.202406191623/tools/bin/../lib/gcc/arm-none-eabi/12.3.1/../../../../arm-none-eabi/lib/thumb/v7e-m+fp/hard\libstdc++_nano.a(del_op.o)
                0x08006320                operator delete(void*)
 .text._ZSt15get_new_handlerv
                0x08006324       0x10 C:/ST/STM32CubeIDE_1.16.0/STM32CubeIDE/plugins/com.st.stm32cube.ide.mcu.externaltools.gnu-tools-for-stm32.12.3.rel1.win32_1.0.200.202406191623/tools/bin/../lib/gcc/arm-none-eabi/12.3.1/../../../../arm-none-eabi/lib/thumb/v7e-m+fp/hard\libstdc++_nano.a(new_handler.o)
                0x08006324                std::get_new_handler()
 .text.abort    0x08006334        0xe C:/ST/STM32CubeIDE_1.16.0/STM32CubeIDE/plugins/com.st.stm32cube.ide.mcu.externaltools.gnu-tools-for-stm32.12.3.rel1.win32_1.0.200.202406191623/tools/bin/../lib/gcc/arm-none-eabi/12.3.1/../../../../arm-none-eabi/lib/thumb/v7e-m+fp/hard\libc_nano.a(libc_a-abort.o)
                0x08006334                abort
 *fill*         0x08006342        0x2 
 .text.malloc   0x08006344       0x10 C:/ST/STM32CubeIDE_1.16.0/STM32CubeIDE/plugins/com.st.stm32cube.ide.mcu.externaltools.gnu-tools-for-stm32.12.3.rel1.win32_1.0.200.202406191623/tools/bin/../lib/gcc/arm-none-eabi/12.3.1/../../../../arm-none-eabi/lib/thumb/v7e-m+fp/hard\libc_nano.a(libc_a-malloc.o)
                0x08006344                malloc
 .text.free     0x08006354       0x10 C:/ST/STM32CubeIDE_1.16.0/STM32CubeIDE/plugins/com.st.stm32cube.ide.mcu.externaltools.gnu-tools-for-stm32.12.3.rel1.win32_1.0.200.202406191623/tools/bin/../lib/gcc/arm-none-eabi/12.3.1/../../../../arm-none-eabi/lib/thumb/v7e-m+fp/hard\libc_nano.a(libc_a-malloc.o)
                0x08006354                free
 .text.sbrk_aligned
                0x08006364       0x44 C:/ST/STM32CubeIDE_1.16.0/STM32CubeIDE/plugins/com.st.stm32cube.ide.mcu.externaltools.gnu-tools-for-stm32.12.3.rel1.win32_1.0.200.202406191623/tools/bin/../lib/gcc/arm-none-eabi/12.3.1/../../../../arm-none-eabi/lib/thumb/v7e-m+fp/hard\libc_nano.a(libc_a-mallocr.o)
 .text._malloc_r
                0x080063a8      0x100 C:/ST/STM32CubeIDE_1.16.0/STM32CubeIDE/plugins/com.st.stm32cube.ide.mcu.externaltools.gnu-tools-for-stm32.12.3.rel1.win32_1.0.200.202406191623/tools/bin/../lib/gcc/arm-none-eabi/12.3.1/../../../../arm-none-eabi/lib/thumb/v7e-m+fp/hard\libc_nano.a(libc_a-mallocr.o)
                0x080063a8                _malloc_r
 .text.__malloc_lock
                0x080064a8        0xc C:/ST/STM32CubeIDE_1.16.0/STM32CubeIDE/plugins/com.st.stm32cube.ide.mcu.externaltools.gnu-tools-for-stm32.12.3.rel1.win32_1.0.200.202406191623/tools/bin/../lib/gcc/arm-none-eabi/12.3.1/../../../../arm-none-eabi/lib/thumb/v7e-m+fp/hard\libc_nano.a(libc_a-mlock.o)
                0x080064a8                __malloc_lock
 .text.__malloc_unlock
                0x080064b4        0xc C:/ST/STM32CubeIDE_1.16.0/STM32CubeIDE/plugins/com.st.stm32cube.ide.mcu.externaltools.gnu-tools-for-stm32.12.3.rel1.win32_1.0.200.202406191623/tools/bin/../lib/gcc/arm-none-eabi/12.3.1/../../../../arm-none-eabi/lib/thumb/v7e-m+fp/hard\libc_nano.a(libc_a-mlock.o)
                0x080064b4                __malloc_unlock
 .text.memcmp   0x080064c0       0x20 C:/ST/STM32CubeIDE_1.16.0/STM32CubeIDE/plugins/com.st.stm32cube.ide.mcu.externaltools.gnu-tools-for-stm32.12.3.rel1.win32_1.0.200.202406191623/tools/bin/../lib/gcc/arm-none-eabi/12.3.1/../../../../arm-none-eabi/lib/thumb/v7e-m+fp/hard\libc_nano.a(libc_a-memcmp.o)
                0x080064c0                memcmp