Archive member included to satisfy reference by file (symbol)

C:/ST/STM32CubeIDE_1.16.0/STM32CubeIDE/plugins/com.st.stm32cube.ide.mcu.externaltools.gnu-tools-for-stm32.12.3.rel1.win32_1.0.200.202406191623/tools/bin/../lib/gcc/arm-none-eabi/12.3.1/../../../../arm-none-eabi/lib/thumb/v7e-m+fp/hard\libstdc++_nano.a(del_ops.o)
                              ./Core/Src/main.o (operator delete(void*, unsigned int))
C:/ST/STM32CubeIDE_1.16.0/STM32CubeIDE/plugins/com.st.stm32cube.ide.mcu.externaltools.gnu-tools-for-stm32.12.3.rel1.win32_1.0.200.202406191623/tools/bin/../lib/gcc/arm-none-eabi/12.3.1/../../../../arm-none-eabi/lib/thumb/v7e-m+fp/hard\libstdc++_nano.a(new_op.o)
                              ./Core/Src/main.o (operator new(unsigned int))
C:/ST/STM32CubeIDE_1.16.0/STM32CubeIDE/plugins/com.st.stm32cube.ide.mcu.externaltools.gnu-tools-for-stm32.12.3.rel1.win32_1.0.200.202406191623/tools/bin/../lib/gcc/arm-none-eabi/12.3.1/../../../../arm-none-eabi/lib/thumb/v7e-m+fp/hard\libstdc++_nano.a(allocator-inst.o)
                              ./Core/Src/main.o (std::allocator<char>::allocator())
C:/ST/STM32CubeIDE_1.16.0/STM32CubeIDE/plugins/com.st.stm32cube.ide.mcu.externaltools.gnu-tools-for-stm32.12.3.rel1.win32_1.0.200.202406191623/tools/bin/../lib/gcc/arm-none-eabi/12.3.1/../../../../arm-none-eabi/lib/thumb/v7e-m+fp/hard\libstdc++_nano.a(tree.o)
                              ./Core/Src/main.o (std::_Rb_tree_increment(std::_Rb_tree_node_base*))
C:/ST/STM32CubeIDE_1.16.0/STM32CubeIDE/plugins/com.st.stm32cube.ide.mcu.externaltools.gnu-tools-for-stm32.12.3.rel1.win32_1.0.200.202406191623/tools/bin/../lib/gcc/arm-none-eabi/12.3.1/../../../../arm-none-eabi/lib/thumb/v7e-m+fp/hard\libstdc++_nano.a(functexcept.o)
                              ./Core/Src/main.o (std::__throw_bad_alloc())
C:/ST/STM32CubeIDE_1.16.0/STM32CubeIDE/plugins/com.st.stm32cube.ide.mcu.externaltools.gnu-tools-for-stm32.12.3.rel1.win32_1.0.200.202406191623/tools/bin/../lib/gcc/arm-none-eabi/12.3.1/../../../../arm-none-eabi/lib/thumb/v7e-m+fp/hard\libstdc++_nano.a(string-inst.o)
                              ./Core/Src/uart_handler.o (std::__cxx11::basic_string<char, std::char_traits<char>, std::allocator<char> >::basic_string())
C:/ST/STM32CubeIDE_1.16.0/STM32CubeIDE/plugins/com.st.stm32cube.ide.mcu.externaltools.gnu-tools-for-stm32.12.3.rel1.win32_1.0.200.202406191623/tools/bin/../lib/gcc/arm-none-eabi/12.3.1/../../../../arm-none-eabi/lib/thumb/v7e-m+fp/hard\libstdc++_nano.a(del_op.o)
                              C:/ST/STM32CubeIDE_1.16.0/STM32CubeIDE/plugins/com.st.stm32cube.ide.mcu.externaltools.gnu-tools-for-stm32.12.3.rel1.win32_1.0.200.202406191623/tools/bin/../lib/gcc/arm-none-eabi/12.3.1/../../../../arm-none-eabi/lib/thumb/v7e-m+fp/hard\libstdc++_nano.a(del_ops.o) (operator delete(void*))
C:/ST/STM32CubeIDE_1.16.0/STM32CubeIDE/plugins/com.st.stm32cube.ide.mcu.externaltools.gnu-tools-for-stm32.12.3.rel1.win32_1.0.200.202406191623/tools/bin/../lib/gcc/arm-none-eabi/12.3.1/../../../../arm-none-eabi/lib/thumb/v7e-m+fp/hard\libstdc++_nano.a(new_handler.o)
                              C:/ST/STM32CubeIDE_1.16.0/STM32CubeIDE/plugins/com.st.stm32cube.ide.mcu.externaltools.gnu-tools-for-stm32.12.3.rel1.win32_1.0.200.202406191623/tools/bin/../lib/gcc/arm-none-eabi/12.3.1/../../../../arm-none-eabi/lib/thumb/v7e-m+fp/hard\libstdc++_nano.a(new_op.o) (std::get_new_handler())
C:/ST/STM32CubeIDE_1.16.0/STM32CubeIDE/plugins/com.st.stm32cube.ide.mcu.externaltools.gnu-tools-for-stm32.12.3.rel1.win32_1.0.200.202406191623/tools/bin/../lib/gcc/arm-none-eabi/12.3.1/../../../../arm-none-eabi/lib/thumb/v7e-m+fp/hard\libm.a(libm_a-s_floor.o)
                              ./Core/Src/display_module.o (floor)
C:/ST/STM32CubeIDE_1.16.0/STM32CubeIDE/plugins/com.st.stm32cube.ide.mcu.externaltools.gnu-tools-for-stm32.12.3.rel1.win32_1.0.200.202406191623/tools/bin/../lib/gcc/arm-none-eabi/12.3.1/../../../../arm-none-eabi/lib/thumb/v7e-m+fp/hard\libc_nano.a(libc_a-abort.o)
                              C:/ST/STM32CubeIDE_1.16.0/STM32CubeIDE/plugins/com.st.stm32cube.ide.mcu.externaltools.gnu-tools-for-stm32.12.3.rel1.win32_1.0.200.202406191623/tools/bin/../lib/gcc/arm-none-eabi/12.3.1/../../../../arm-none-eabi/lib/thumb/v7e-m+fp/hard\libstdc++_nano.a(new_op.o) (abort)
C:/ST/STM32CubeIDE_1.16.0/STM32CubeIDE/plugins/com.st.stm32cube.ide.mcu.externaltools.gnu-tools-for-stm32.12.3.rel1.win32_1.0.200.202406191623/tools/bin/../lib/gcc/arm-none-eabi/12.3.1/../../../../arm-none-eabi/lib/thumb/v7e-m+fp/hard\libc_nano.a(libc_a-exit.o)
                              C:/ST/STM32CubeIDE_1.16.0/STM32CubeIDE/plugins/com.st.stm32cube.ide.mcu.externaltools.gnu-tools-for-stm32.12.3.rel1.win32_1.0.200.202406191623/tools/bin/../lib/gcc/arm-none-eabi/12.3.1/../../../../arm-none-eabi/lib/thumb/v7e-m+fp/hard/crt0.o (exit)
[...]
Memory Configuration

Name             Origin             Length             Attributes
RAM              0x20000000         0x00010000         xrw
FLASH            0x08000000         0x00040000         xr
*default*        0x00000000         0xffffffff

Linker script and memory map

LOAD C:/ST/STM32CubeIDE_1.16.0/STM32CubeIDE/plugins/com.st.stm32cube.ide.mcu.externaltools.gnu-tools-for-stm32.12.3.rel1.win32_1.0.200.202406191623/tools/bin/../lib/gcc/arm-none-eabi/12.3.1/thumb/v7e-m+fp/hard/crti.o
LOAD C:/ST/STM32CubeIDE_1.16.0/STM32CubeIDE/plugins/com.st.stm32cube.ide.mcu.externaltools.gnu-tools-for-stm32.12.3.rel1.win32_1.0.200.202406191623/tools/bin/../lib/gcc/arm-none-eabi/12.3.1/thumb/v7e-m+fp/hard/crtbegin.o
LOAD C:/ST/STM32CubeIDE_1.16.0/STM32CubeIDE/plugins/com.st.stm32cube.ide.mcu.externaltools.gnu-tools-for-stm32.12.3.rel1.win32_1.0.200.202406191623/tools/bin/../lib/gcc/arm-none-eabi/12.3.1/../../../../arm-none-eabi/lib/thumb/v7e-m+fp/hard/crt0.o
LOAD ./Core/Src/display_module.o
LOAD ./Core/Src/gpio.o
LOAD ./Core/Src/main.o
LOAD ./Core/Src/my_tims_irq.o
LOAD ./Core/Src/stepper_motor.o
LOAD ./Core/Src/stm32f4xx_hal_msp.o
LOAD ./Core/Src/stm32f4xx_it.o
LOAD ./Core/Src/syscalls.o
LOAD ./Core/Src/sysmem.o
LOAD ./Core/Src/system_stm32f4xx.o
LOAD ./Core/Src/tim.o
LOAD ./Core/Src/uart_handler.o
LOAD ./Core/Src/usart.o
LOAD ./Core/Startup/startup_stm32f401rctx.o
LOAD ./Drivers/STM32F4xx_HAL_Driver/Src/stm32f4xx_hal.o
LOAD ./Drivers/STM32F4xx_HAL_Driver/Src/stm32f4xx_hal_cortex.o
LOAD ./Drivers/STM32F4xx_HAL_Driver/Src/stm32f4xx_hal_dma.o
LOAD ./Drivers/STM32F4xx_HAL_Driver/Src/stm32f4xx_hal_dma_ex.o
LOAD ./Drivers/STM32F4xx_HAL_Driver/Src/stm32f4xx_hal_exti.o
LOAD ./Drivers/STM32F4xx_HAL_Driver/Src/stm32f4xx_hal_flash.o
LOAD ./Drivers/STM32F4xx_HAL_Driver/Src/stm32f4xx_hal_flash_ex.o
LOAD ./Drivers/STM32F4xx_HAL_Driver/Src/stm32f4xx_hal_flash_ramfunc.o
LOAD ./Drivers/STM32F4xx_HAL_Driver/Src/stm32f4xx_hal_gpio.o
LOAD ./Drivers/STM32F4xx_HAL_Driver/Src/stm32f4xx_hal_pwr.o
LOAD ./Drivers/STM32F4xx_HAL_Driver/Src/stm32f4xx_hal_pwr_ex.o
LOAD ./Drivers/STM32F4xx_HAL_Driver/Src/stm32f4xx_hal_rcc.o
LOAD ./Drivers/STM32F4xx_HAL_Driver/Src/stm32f4xx_hal_rcc_ex.o
LOAD ./Drivers/STM32F4xx_HAL_Driver/Src/stm32f4xx_hal_tim.o
LOAD ./Drivers/STM32F4xx_HAL_Driver/Src/stm32f4xx_hal_tim_ex.o
LOAD ./Drivers/STM32F4xx_HAL_Driver/Src/stm32f4xx_hal_uart.o
START GROUP
LOAD C:/ST/STM32CubeIDE_1.16.0/STM32CubeIDE/plugins/com.st.stm32cube.ide.mcu.externaltools.gnu-tools-for-stm32.12.3.rel1.win32_1.0.200.202406191623/tools/bin/../lib/gcc/arm-none-eabi/12.3.1/../../../../arm-none-eabi/lib/thumb/v7e-m+fp/hard\libstdc++_nano.a
LOAD C:/ST/STM32CubeIDE_1.16.0/STM32CubeIDE/plugins/com.st.stm32cube.ide.mcu.externaltools.gnu-tools-for-stm32.12.3.rel1.win32_1.0.200.202406191623/tools/bin/../lib/gcc/arm-none-eabi/12.3.1/../../../../arm-none-eabi/lib/thumb/v7e-m+fp/hard\libsupc++_nano.a
END GROUP
LOAD C:/ST/STM32CubeIDE_1.16.0/STM32CubeIDE/plugins/com.st.stm32cube.ide.mcu.externaltools.gnu-tools-for-stm32.12.3.rel1.win32_1.0.200.202406191623/tools/bin/../lib/gcc/arm-none-eabi/12.3.1/../../../../arm-none-eabi/lib/thumb/v7e-m+fp/hard\libstdc++_nano.a
LOAD C:/ST/STM32CubeIDE_1.16.0/STM32CubeIDE/plugins/com.st.stm32cube.ide.mcu.externaltools.gnu-tools-for-stm32.12.3.rel1.win32_1.0.200.202406191623/tools/bin/../lib/gcc/arm-none-eabi/12.3.1/../../../../arm-none-eabi/lib/thumb/v7e-m+fp/hard\libm.a
LOAD C:/ST/STM32CubeIDE_1.16.0/STM32CubeIDE/plugins/com.st.stm32cube.ide.mcu.externaltools.gnu-tools-for-stm32.12.3.rel1.win32_1.0.200.202406191623/tools/bin/../lib/gcc/arm-none-eabi/12.3.1/../../../../arm-none-eabi/lib/thumb/v7e-m+fp/hard\libc_nano.a
START GROUP
LOAD C:/ST/STM32CubeIDE_1.16.0/STM32CubeIDE/plugins/com.st.stm32cube.ide.mcu.externaltools.gnu-tools-for-stm32.12.3.rel1.win32_1.0.200.202406191623/tools/bin/../lib/gcc/arm-none-eabi/12.3.1/thumb/v7e-m+fp/hard\libgcc.a
LOAD C:/ST/STM32CubeIDE_1.16.0/STM32CubeIDE/plugins/com.st.stm32cube.ide.mcu.externaltools.gnu-tools-for-stm32.12.3.rel1.win32_1.0.200.202406191623/tools/bin/../lib/gcc/arm-none-eabi/12.3.1/../../../../arm-none-eabi/lib/thumb/v7e-m+fp/hard\libc_nano.a
END GROUP
START GROUP
LOAD C:/ST/STM32CubeIDE_1.16.0/STM32CubeIDE/plugins/com.st.stm32cube.ide.mcu.externaltools.gnu-tools-for-stm32.12.3.rel1.win32_1.0.200.202406191623/tools/bin/../lib/gcc/arm-none-eabi/12.3.1/thumb/v7e-m+fp/hard\libgcc.a
LOAD C:/ST/STM32CubeIDE_1.16.0/STM32CubeIDE/plugins/com.st.stm32cube.ide.mcu.externaltools.gnu-tools-for-stm32.12.3.rel1.win32_1.0.200.202406191623/tools/bin/../lib/gcc/arm-none-eabi/12.3.1/../../../../arm-none-eabi/lib/thumb/v7e-m+fp/hard\libc_nano.a
LOAD C:/ST/STM32CubeIDE_1.16.0/STM32CubeIDE/plugins/com.st.stm32cube.ide.mcu.externaltools.gnu-tools-for-stm32.12.3.rel1.win32_1.0.200.202406191623/tools/bin/../lib/gcc/arm-none-eabi/12.3.1/../../../../arm-none-eabi/lib/thumb/v7e-m+fp/hard\libnosys.a
END GROUP
START GROUP
LOAD C:/ST/STM32CubeIDE_1.16.0/STM32CubeIDE/plugins/com.st.stm32cube.ide.mcu.externaltools.gnu-tools-for-stm32.12.3.rel1.win32_1.0.200.202406191623/tools/bin/../lib/gcc/arm-none-eabi/12.3.1/thumb/v7e-m+fp/hard\libgcc.a
LOAD C:/ST/STM32CubeIDE_1.16.0/STM32CubeIDE/plugins/com.st.stm32cube.ide.mcu.externaltools.gnu-tools-for-stm32.12.3.rel1.win32_1.0.200.202406191623/tools/bin/../lib/gcc/arm-none-eabi/12.3.1/../../../../arm-none-eabi/lib/thumb/v7e-m+fp/hard\libc_nano.a
LOAD C:/ST/STM32CubeIDE_1.16.0/STM32CubeIDE/plugins/com.st.stm32cube.ide.mcu.externaltools.gnu-tools-for-stm32.12.3.rel1.win32_1.0.200.202406191623/tools/bin/../lib/gcc/arm-none-eabi/12.3.1/../../../../arm-none-eabi/lib/thumb/v7e-m+fp/hard\libnosys.a
END GROUP
LOAD C:/ST/STM32CubeIDE_1.16.0/STM32CubeIDE/plugins/com.st.stm32cube.ide.mcu.externaltools.gnu-tools-for-stm32.12.3.rel1.win32_1.0.200.202406191623/tools/bin/../lib/gcc/arm-none-eabi/12.3.1/thumb/v7e-m+fp/hard/crtend.o
LOAD C:/ST/STM32CubeIDE_1.16.0/STM32CubeIDE/plugins/com.st.stm32cube.ide.mcu.externaltools.gnu-tools-for-stm32.12.3.rel1.win32_1.0.200.202406191623/tools/bin/../lib/gcc/arm-none-eabi/12.3.1/thumb/v7e-m+fp/hard/crtn.o
                0x20010000                        _estack = (ORIGIN (RAM) + LENGTH (RAM))
                0x00000200                        _Min_Heap_Size = 0x200
                0x00000400                        _Min_Stack_Size = 0x400

.isr_vector     0x08000000      0x194
                0x08000000                        . = ALIGN (0x4)
 *(.isr_vector)
 .isr_vector    0x08000000      0x194 ./Core/Startup/startup_stm32f401rctx.o
                0x08000000                g_pfnVectors
                0x08000194                        . = ALIGN (0x4)

.text           0x080001a0     0x7698
                0x080001a0                        . = ALIGN (0x4)
 *(.text)
 .text          0x080001a0       0x40 C:/ST/STM32CubeIDE_1.16.0/STM32CubeIDE/plugins/com.st.stm32cube.ide.mcu.externaltools.gnu-tools-for-stm32.12.3.rel1.win32_1.0.200.202406191623/tools/bin/../lib/gcc/arm-none-eabi/12.3.1/thumb/v7e-m+fp/hard/crtbegin.o
 .text          0x080001e0       0xa0 C:/ST/STM32CubeIDE_1.16.0/STM32CubeIDE/plugins/com.st.stm32cube.ide.mcu.externaltools.gnu-tools-for-stm32.12.3.rel1.win32_1.0.200.202406191623/tools/bin/../lib/gcc/arm-none-eabi/12.3.1/../../../../arm-none-eabi/lib/thumb/v7e-m+fp/hard\libc_nano.a(libc_a-memchr.o)
                0x080001e0                memchr
 .text          0x08000280       0x10 C:/ST/STM32CubeIDE_1.16.0/STM32CubeIDE/plugins/com.st.stm32cube.ide.mcu.externaltools.gnu-tools-for-stm32.12.3.rel1.win32_1.0.200.202406191623/tools/bin/../lib/gcc/arm-none-eabi/12.3.1/../../../../arm-none-eabi/lib/thumb/v7e-m+fp/hard\libc_nano.a(libc_a-strlen.o)
                0x08000280                strlen
 .text          0x08000290      0x378 C:/ST/STM32CubeIDE_1.16.0/STM32CubeIDE/plugins/com.st.stm32cube.ide.mcu.externaltools.gnu-tools-for-stm32.12.3.rel1.win32_1.0.200.202406191623/tools/bin/../lib/gcc/arm-none-eabi/12.3.1/thumb/v7e-m+fp/hard\libgcc.a(_arm_addsubdf3.o)
                0x08000290                __aeabi_drsub
                0x08000298                __aeabi_dsub
                0x08000298                __subdf3
                0x0800029c                __aeabi_dadd
                0x0800029c                __adddf3
                0x08000514                __floatunsidf
                0x08000514                __aeabi_ui2d
                0x08000534                __floatsidf
                0x08000534                __aeabi_i2d
                0x08000558                __aeabi_f2d
                0x08000558                __extendsfdf2
                0x0800059c                __floatundidf
                0x0800059c                __aeabi_ul2d
                0x080005ac                __floatdidf
                0x080005ac                __aeabi_l2d
 .text          0x08000608      0x424 C:/ST/STM32CubeIDE_1.16.0/STM32CubeIDE/plugins/com.st.stm32cube.ide.mcu.externaltools.gnu-tools-for-stm32.12.3.rel1.win32_1.0.200.202406191623/tools/bin/../lib/gcc/arm-none-eabi/12.3.1/thumb/v7e-m+fp/hard\libgcc.a(_arm_muldivdf3.o)
                0x08000608                __aeabi_dmul
                0x08000608                __muldf3
                0x0800085c                __divdf3
                0x0800085c                __aeabi_ddiv
 .text          0x08000a2c      0x110 C:/ST/STM32CubeIDE_1.16.0/STM32CubeIDE/plugins/com.st.stm32cube.ide.mcu.externaltools.gnu-tools-for-stm32.12.3.rel1.win32_1.0.200.202406191623/tools/bin/../lib/gcc/arm-none-eabi/12.3.1/thumb/v7e-m+fp/hard\libgcc.a(_arm_cmpdf2.o)
                0x08000a2c                __gtdf2
                0x08000a2c                __gedf2
                0x08000a34                __ltdf2
                0x08000a34                __ledf2
                0x08000a3c                __nedf2
                0x08000a3c                __eqdf2
                0x08000a3c                __cmpdf2
                0x08000ab8                __aeabi_cdrcmple
                0x08000ac8                __aeabi_cdcmpeq
                0x08000ac8                __aeabi_cdcmple
                0x08000ad8                __aeabi_dcmpeq
                0x08000aec                __aeabi_dcmplt
                0x08000b00                __aeabi_dcmple
                0x08000b14                __aeabi_dcmpge
                0x08000b28                __aeabi_dcmpgt
 .text          0x08000b3c       0x50 C:/ST/STM32CubeIDE_1.16.0/STM32CubeIDE/plugins/com.st.stm32cube.ide.mcu.externaltools.gnu-tools-for-stm32.12.3.rel1.win32_1.0.200.202406191623/tools/bin/../lib/gcc/arm-none-eabi/12.3.1/thumb/v7e-m+fp/hard\libgcc.a(_arm_fixdfsi.o)
                0x08000b3c                __aeabi_d2iz
                0x08000b3c                __fixdfsi
 .text          0x08000b8c       0x40 C:/ST/STM32CubeIDE_1.16.0/STM32CubeIDE/plugins/com.st.stm32cube.ide.mcu.externaltools.gnu-tools-for-stm32.12.3.rel1.win32_1.0.200.202406191623/tools/bin/../lib/gcc/arm-none-eabi/12.3.1/thumb/v7e-m+fp/hard\libgcc.a(_arm_fixunsdfsi.o)
                0x08000b8c                __aeabi_d2uiz
                0x08000b8c                __fixunsdfsi
 .text          0x08000bcc       0x30 C:/ST/STM32CubeIDE_1.16.0/STM32CubeIDE/plugins/com.st.stm32cube.ide.mcu.externaltools.gnu-tools-for-stm32.12.3.rel1.win32_1.0.200.202406191623/tools/bin/../lib/gcc/arm-none-eabi/12.3.1/thumb/v7e-m+fp/hard\libgcc.a(_aeabi_uldivmod.o)
                0x08000bcc                __aeabi_uldivmod
 .text          0x08000bfc      0x2bc C:/ST/STM32CubeIDE_1.16.0/STM32CubeIDE/plugins/com.st.stm32cube.ide.mcu.externaltools.gnu-tools-for-stm32.12.3.rel1.win32_1.0.200.202406191623/tools/bin/../lib/gcc/arm-none-eabi/12.3.1/thumb/v7e-m+fp/hard\libgcc.a(_udivmoddi4.o)
                0x08000bfc                __udivmoddi4
 .text          0x08000eb8        0x4 C:/ST/STM32CubeIDE_1.16.0/STM32CubeIDE/plugins/com.st.stm32cube.ide.mcu.externaltools.gnu-tools-for-stm32.12.3.rel1.win32_1.0.200.202406191623/tools/bin/../lib/gcc/arm-none-eabi/12.3.1/thumb/v7e-m+fp/hard\libgcc.a(_dvmd_tls.o)
                0x08000eb8                __aeabi_idiv0
                0x08000eb8                __aeabi_ldiv0
 *(.text*)
 .text._ZN13DisplayModuleC2EP17TIM_HandleTypeDefhP12GPIO_TypeDeftS3_tS3_tS3_tS3_t
                0x08000ebc       0x8a ./Core/Src/display_module.o
                0x08000ebc                DisplayModule::DisplayModule(TIM_HandleTypeDef*, unsigned char, GPIO_TypeDef*, unsigned short, GPIO_TypeDef*, unsigned short, GPIO_TypeDef*, unsigned short, GPIO_TypeDef*, unsigned short, GPIO_TypeDef*, unsigned short)
                0x08000ebc                DisplayModule::DisplayModule(TIM_HandleTypeDef*, unsigned char, GPIO_TypeDef*, unsigned short, GPIO_TypeDef*, unsigned short, GPIO_TypeDef*, unsigned short, GPIO_TypeDef*, unsigned short, GPIO_TypeDef*, unsigned short)
 *fill*         0x08000f46        0x2 
 .text._ZN13DisplayModule12StateMachineEv
                0x08000f48       0xd0 ./Core/Src/display_module.o
                0x08000f48                DisplayModule::StateMachine()
 .text._ZN13DisplayModule19reset_DisplayModuleEv
                0x08001018       0x4e ./Core/Src/display_module.o
                0x08001018                DisplayModule::reset_DisplayModule()
 .text._ZN13DisplayModule18set_DisplaySegmentEh
                0x08001066       0x44 ./Core/Src/display_module.o
                0x08001066                DisplayModule::set_DisplaySegment(unsigned char)
 *fill*         0x080010aa        0x2 
 .text._ZN13DisplayModule15set_NextSegmentEv
                0x080010ac      0x100 ./Core/Src/display_module.o
                0x080010ac                DisplayModule::set_NextSegment()
 .text._ZN13DisplayModule19set_PreviousSegmentEv
                0x080011ac      0x108 ./Core/Src/display_module.o
                0x080011ac                DisplayModule::set_PreviousSegment()
 .text._ZN13DisplayModule15is_hallDetectedEv
                0x080012b4       0x40 ./Core/Src/display_module.o
                0x080012b4                DisplayModule::is_hallDetected()
 .text.MX_GPIO_Init
                0x080012f4       0xec ./Core/Src/gpio.o
                0x080012f4                MX_GPIO_Init
 .text._ZnwjPv  0x080013e0       0x18 ./Core/Src/main.o
                0x080013e0                operator new(unsigned int, void*)
 .text._ZNSt15_Rb_tree_headerC2Ev
                0x080013f8       0x1e ./Core/Src/main.o
                0x080013f8                std::_Rb_tree_header::_Rb_tree_header()
                0x080013f8                std::_Rb_tree_header::_Rb_tree_header()
 .text._ZNSt15_Rb_tree_header8_M_resetEv
                0x08001416       0x2c ./Core/Src/main.o
                0x08001416                std::_Rb_tree_header::_M_reset()
 .text._ZNSt8_Rb_treeINSt7__cxx1112basic_stringIcSt11char_traitsIcESaIcEEESt4pairIKS5_P13DisplayModuleESt10_Select1stISA_ESt4lessIS5_ESaISA_EE13_Rb_tree_implISE_Lb1EED2Ev
                0x08001442       0x18 ./Core/Src/main.o
                0x08001442                std::_Rb_tree<std::__cxx11::basic_string<char, std::char_traits<char>, std::allocator<char> >, std::pair<std::__cxx11::basic_string<char, std::char_traits<char>, std::allocator<char> > const, DisplayModule*>, std::_Select1st<std::pair<std::__cxx11::basic_string<char, std::char_traits<char>, std::allocator<char> > const, DisplayModule*> >, std::less<std::__cxx11::basic_string<char, std::char_traits<char>, std::allocator<char> > >, std::allocator<std::pair<std::__cxx11::basic_string<char, std::char_traits<char>, std::allocator<char> > const, DisplayModule*> > >::_Rb_tree_impl<std::less<std::__cxx11::basic_string<char, std::char_traits<char>, std::allocator<char> > >, true>::~_Rb_tree_impl()
                0x08001442                std::_Rb_tree<std::__cxx11::basic_string<char, std::char_traits<char>, std::allocator<char> >, std::pair<std::__cxx11::basic_string<char, std::char_traits<char>, std::allocator<char> > const, DisplayModule*>, std::_Select1st<std::pair<std::__cxx11::basic_string<char, std::char_traits<char>, std::allocator<char> > const, DisplayModule*> >, std::less<std::__cxx11::basic_string<char, std::char_traits<char>, std::allocator<char> > >, std::allocator<std::pair<std::__cxx11::basic_string<char, std::char_traits<char>, std::allocator<char> > const, DisplayModule*> > >::_Rb_tree_impl<std::less<std::__cxx11::basic_string<char, std::char_traits<char>, std::allocator<char> > >, true>::~_Rb_tree_impl()
 .text._ZNSt8_Rb_treeINSt7__cxx1112basic_stringIcSt11char_traitsIcESaIcEEESt4pairIKS5_P13DisplayModuleESt10_Select1stISA_ESt4lessIS5_ESaISA_EEC2Ev
                0x0800145a       0x1a ./Core/Src/main.o
                0x0800145a                std::_Rb_tree<std::__cxx11::basic_string<char, std::char_traits<char>, std::allocator<char> >, std::pair<std::__cxx11::basic_string<char, std::char_traits<char>, std::allocator<char> > const, DisplayModule*>, std::_Select1st<std::pair<std::__cxx11::basic_string<char, std::char_traits<char>, std::allocator<char> > const, DisplayModule*> >, std::less<std::__cxx11::basic_string<char, std::char_traits<char>, std::allocator<char> > >, std::allocator<std::pair<std::__cxx11::basic_string<char, std::char_traits<char>, std::allocator<char> > const, DisplayModule*> > >::_Rb_tree()
                0x0800145a                std::_Rb_tree<std::__cxx11::basic_string<char, std::char_traits<char>, std::allocator<char> >, std::pair<std::__cxx11::basic_string<char, std::char_traits<char>, std::allocator<char> > const, DisplayModule*>, std::_Select1st<std::pair<std::__cxx11::basic_string<char, std::char_traits<char>, std::allocator<char> > const, DisplayModule*> >, std::less<std::__cxx11::basic_string<char, std::char_traits<char>, std::allocator<char> > >, std::allocator<std::pair<std::__cxx11::basic_string<char, std::char_traits<char>, std::allocator<char> > const, DisplayModule*> > >::_Rb_tree()
 .text._ZNSt3mapINSt7__cxx1112basic_stringIcSt11char_traitsIcESaIcEEEP13DisplayModuleSt4lessIS5_ESaISt4pairIKS5_S7_EEEC2Ev
                0x08001474       0x1a ./Core/Src/main.o
                0x08001474                std::map<std::__cxx11::basic_string<char, std::char_traits<char>, std::allocator<char> >, DisplayModule*, std::less<std::__cxx11::basic_string<char, std::char_traits<char>, std::allocator<char> > >, std::allocator<std::pair<std::__cxx11::basic_string<char, std::char_traits<char>, std::allocator<char> > const, DisplayModule*> > >::map()
                0x08001474                std::map<std::__cxx11::basic_string<char, std::char_traits<char>, std::allocator<char> >, DisplayModule*, std::less<std::__cxx11::basic_string<char, std::char_traits<char>, std::allocator<char> > >, std::allocator<std::pair<std::__cxx11::basic_string<char, std::char_traits<char>, std::allocator<char> > const, DisplayModule*> > >::map()
 *fill*         0x0800148e        0x2 
 .text.main     0x08001490      0x1c0 ./Core/Src/main.o
                0x08001490                main
 .text._Z18SystemClock_Configv
                0x08001650       0xe8 ./Core/Src/main.o
                0x08001650                SystemClock_Config()
 .text.Error_Handler
                0x08001738        0xc ./Core/Src/main.o
                0x08001738                Error_Handler
 .text._ZNSt8_Rb_treeINSt7__cxx1112basic_stringIcSt11char_traitsIcESaIcEEESt4pairIKS5_P13DisplayModuleESt10_Select1stISA_ESt4lessIS5_ESaISA_EE13_Rb_tree_implISE_Lb1EEC2Ev
                0x08001744       0x2a ./Core/Src/main.o
                0x08001744                std::_Rb_tree<std::__cxx11::basic_string<char, std::char_traits<char>, std::allocator<char> >, std::pair<std::__cxx11::basic_string<char, std::char_traits<char>, std::allocator<char> > const, DisplayModule*>, std::_Select1st<std::pair<std::__cxx11::basic_string<char, std::char_traits<char>, std::allocator<char> > const, DisplayModule*> >, std::less<std::__cxx11::basic_string<char, std::char_traits<char>, std::allocator<char> > >, std::allocator<std::pair<std::__cxx11::basic_string<char, std::char_traits<char>, std::allocator<char> > const, DisplayModule*> > >::_Rb_tree_impl<std::less<std::__cxx11::basic_string<char, std::char_traits<char>, std::allocator<char> > >, true>::_Rb_tree_impl()
                0x08001744                std::_Rb_tree<std::__cxx11::basic_string<char, std::char_traits<char>, std::allocator<char> >, std::pair<std::__cxx11::basic_string<char, std::char_traits<char>, std::allocator<char> > const, DisplayModule*>, std::_Select1st<std::pair<std::__cxx11::basic_string<char, std::char_traits<char>, std::allocator<char> > const, DisplayModule*> >, std::less<std::__cxx11::basic_string<char, std::char_traits<char>, std::allocator<char> > >, std::allocator<std::pair<std::__cxx11::basic_string<char, std::char_traits<char>, std::allocator<char> > const, DisplayModule*> > >::_Rb_tree_impl<std::less<std::__cxx11::basic_string<char, std::char_traits<char>, std::allocator<char> > >, true>::_Rb_tree_impl()
 .text._ZNSaISt13_Rb_tree_nodeISt4pairIKNSt7__cxx1112basic_stringIcSt11char_traitsIcESaIcEEEP13DisplayModuleEEED2Ev
                0x0800176e       0x18 ./Core/Src/main.o
                0x0800176e                std::allocator<std::_Rb_tree_node<std::pair<std::__cxx11::basic_string<char, std::char_traits<char>, std::allocator<char> > const, DisplayModule*> > >::~allocator()
                0x0800176e                std::allocator<std::_Rb_tree_node<std::pair<std::__cxx11::basic_string<char, std::char_traits<char>, std::allocator<char> > const, DisplayModule*> > >::~allocator()
 .text._ZNSt8_Rb_treeINSt7__cxx1112basic_stringIcSt11char_traitsIcESaIcEEESt4pairIKS5_P13DisplayModuleESt10_Select1stISA_ESt4lessIS5_ESaISA_EED2Ev
                0x08001786       0x2a ./Core/Src/main.o
                0x08001786                std::_Rb_tree<std::__cxx11::basic_string<char, std::char_traits<char>, std::allocator<char> >, std::pair<std::__cxx11::basic_string<char, std::char_traits<char>, std::allocator<char> > const, DisplayModule*>, std::_Select1st<std::pair<std::__cxx11::basic_string<char, std::char_traits<char>, std::allocator<char> > const, DisplayModule*> >, std::less<std::__cxx11::basic_string<char, std::char_traits<char>, std::allocator<char> > >, std::allocator<std::pair<std::__cxx11::basic_string<char, std::char_traits<char>, std::allocator<char> > const, DisplayModule*> > >::~_Rb_tree()
                0x08001786                std::_Rb_tree<std::__cxx11::basic_string<char, std::char_traits<char>, std::allocator<char> >, std::pair<std::__cxx11::basic_string<char, std::char_traits<char>, std::allocator<char> > const, DisplayModule*>, std::_Select1st<std::pair<std::__cxx11::basic_string<char, std::char_traits<char>, std::allocator<char> > const, DisplayModule*> >, std::less<std::__cxx11::basic_string<char, std::char_traits<char>, std::allocator<char> > >, std::allocator<std::pair<std::__cxx11::basic_string<char, std::char_traits<char>, std::allocator<char> > const, DisplayModule*> > >::~_Rb_tree()
 .text._ZNSt3mapINSt7__cxx1112basic_stringIcSt11char_traitsIcESaIcEEEP13DisplayModuleSt4lessIS5_ESaISt4pairIKS5_S7_EEEixEOS5_
                0x080017b0       0xc0 ./Core/Src/main.o
                0x080017b0                std::map<std::__cxx11::basic_string<char, std::char_traits<char>, std::allocator<char> >, DisplayModule*, std::less<std::__cxx11::basic_string<char, std::char_traits<char>, std::allocator<char> > >, std::allocator<std::pair<std::__cxx11::basic_string<char, std::char_traits<char>, std::allocator<char> > const, DisplayModule*> > >::operator[](std::__cxx11::basic_string<char, std::char_traits<char>, std::allocator<char> >&&)
 .text._ZNSt3mapINSt7__cxx1112basic_stringIcSt11char_traitsIcESaIcEEEP13DisplayModuleSt4lessIS5_ESaISt4pairIKS5_S7_EEE5beginEv
                0x08001870       0x1a ./Core/Src/main.o
                0x08001870                std::map<std::__cxx11::basic_string<char, std::char_traits<char>, std::allocator<char> >, DisplayModule*, std::less<std::__cxx11::basic_string<char, std::char_traits<char>, std::allocator<char> > >, std::allocator<std::pair<std::__cxx11::basic_string<char, std::char_traits<char>, std::allocator<char> > const, DisplayModule*> > >::begin()
 .text._ZNSt3mapINSt7__cxx1112basic_stringIcSt11char_traitsIcESaIcEEEP13DisplayModuleSt4lessIS5_ESaISt4pairIKS5_S7_EEE3endEv
                0x0800188a       0x1a ./Core/Src/main.o
                0x0800188a                std::map<std::__cxx11::basic_string<char, std::char_traits<char>, std::allocator<char> >, DisplayModule*, std::less<std::__cxx11::basic_string<char, std::char_traits<char>, std::allocator<char> > >, std::allocator<std::pair<std::__cxx11::basic_string<char, std::char_traits<char>, std::allocator<char> > const, DisplayModule*> > >::end()
 .text._ZStneRKSt17_Rb_tree_iteratorISt4pairIKNSt7__cxx1112basic_stringIcSt11char_traitsIcESaIcEEEP13DisplayModuleEESD_
                0x080018a4       0x28 ./Core/Src/main.o
                0x080018a4                std::operator!=(std::_Rb_tree_iterator<std::pair<std::__cxx11::basic_string<char, std::char_traits<char>, std::allocator<char> > const, DisplayModule*> > const&, std::_Rb_tree_iterator<std::pair<std::__cxx11::basic_string<char, std::char_traits<char>, std::allocator<char> > const, DisplayModule*> > const&)
 .text._ZNSt17_Rb_tree_iteratorISt4pairIKNSt7__cxx1112basic_stringIcSt11char_traitsIcESaIcEEEP13DisplayModuleEEppEv
                0x080018cc       0x22 ./Core/Src/main.o
                0x080018cc                std::_Rb_tree_iterator<std::pair<std::__cxx11::basic_string<char, std::char_traits<char>, std::allocator<char> > const, DisplayModule*> >::operator++()
 .text._ZNKSt17_Rb_tree_iteratorISt4pairIKNSt7__cxx1112basic_stringIcSt11char_traitsIcESaIcEEEP13DisplayModuleEEdeEv
                0x080018ee       0x1c ./Core/Src/main.o
                0x080018ee                std::_Rb_tree_iterator<std::pair<std::__cxx11::basic_string<char, std::char_traits<char>, std::allocator<char> > const, DisplayModule*> >::operator*() const
 .text._ZNSaISt13_Rb_tree_nodeISt4pairIKNSt7__cxx1112basic_stringIcSt11char_traitsIcESaIcEEEP13DisplayModuleEEEC2Ev
                0x0800190a       0x18 ./Core/Src/main.o
                0x0800190a                std::allocator<std::_Rb_tree_node<std::pair<std::__cxx11::basic_string<char, std::char_traits<char>, std::allocator<char> > const, DisplayModule*> > >::allocator()
                0x0800190a                std::allocator<std::_Rb_tree_node<std::pair<std::__cxx11::basic_string<char, std::char_traits<char>, std::allocator<char> > const, DisplayModule*> > >::allocator()
 .text._ZNSt20_Rb_tree_key_compareISt4lessINSt7__cxx1112basic_stringIcSt11char_traitsIcESaIcEEEEEC2Ev
                0x08001922       0x16 ./Core/Src/main.o
                0x08001922                std::_Rb_tree_key_compare<std::less<std::__cxx11::basic_string<char, std::char_traits<char>, std::allocator<char> > > >::_Rb_tree_key_compare()
                0x08001922                std::_Rb_tree_key_compare<std::less<std::__cxx11::basic_string<char, std::char_traits<char>, std::allocator<char> > > >::_Rb_tree_key_compare()
 .text._ZNSt15__new_allocatorISt13_Rb_tree_nodeISt4pairIKNSt7__cxx1112basic_stringIcSt11char_traitsIcESaIcEEEP13DisplayModuleEEED2Ev
                0x08001938       0x16 ./Core/Src/main.o
                0x08001938                std::__new_allocator<std::_Rb_tree_node<std::pair<std::__cxx11::basic_string<char, std::char_traits<char>, std::allocator<char> > const, DisplayModule*> > >::~__new_allocator()
                0x08001938                std::__new_allocator<std::_Rb_tree_node<std::pair<std::__cxx11::basic_string<char, std::char_traits<char>, std::allocator<char> > const, DisplayModule*> > >::~__new_allocator()
 .text._ZNSt8_Rb_treeINSt7__cxx1112basic_stringIcSt11char_traitsIcESaIcEEESt4pairIKS5_P13DisplayModuleESt10_Select1stISA_ESt4lessIS5_ESaISA_EE8_M_eraseEPSt13_Rb_tree_nodeISA_E
                0x0800194e       0x40 ./Core/Src/main.o
                0x0800194e                std::_Rb_tree<std::__cxx11::basic_string<char, std::char_traits<char>, std::allocator<char> >, std::pair<std::__cxx11::basic_string<char, std::char_traits<char>, std::allocator<char> > const, DisplayModule*>, std::_Select1st<std::pair<std::__cxx11::basic_string<char, std::char_traits<char>, std::allocator<char> > const, DisplayModule*> >, std::less<std::__cxx11::basic_string<char, std::char_traits<char>, std::allocator<char> > >, std::allocator<std::pair<std::__cxx11::basic_string<char, std::char_traits<char>, std::allocator<char> > const, DisplayModule*> > >::_M_erase(std::_Rb_tree_node<std::pair<std::__cxx11::basic_string<char, std::char_traits<char>, std::allocator<char> > const, DisplayModule*> >*)
 .text._ZNSt8_Rb_treeINSt7__cxx1112basic_stringIcSt11char_traitsIcESaIcEEESt4pairIKS5_P13DisplayModuleESt10_Select1stISA_ESt4lessIS5_ESaISA_EE8_M_beginEv
                0x0800198e       0x18 ./Core/Src/main.o
                0x0800198e                std::_Rb_tree<std::__cxx11::basic_string<char, std::char_traits<char>, std::allocator<char> >, std::pair<std::__cxx11::basic_string<char, std::char_traits<char>, std::allocator<char> > const, DisplayModule*>, std::_Select1st<std::pair<std::__cxx11::basic_string<char, std::char_traits<char>, std::allocator<char> > const, DisplayModule*> >, std::less<std::__cxx11::basic_string<char, std::char_traits<char>, std::allocator<char> > >, std::allocator<std::pair<std::__cxx11::basic_string<char, std::char_traits<char>, std::allocator<char> > const, DisplayModule*> > >::_M_begin()
 .text._ZNSt3mapINSt7__cxx1112basic_stringIcSt11char_traitsIcESaIcEEEP13DisplayModuleSt4lessIS5_ESaISt4pairIKS5_S7_EEE11lower_boundERSB_
                0x080019a6       0x1e ./Core/Src/main.o
                0x080019a6                std::map<std::__cxx11::basic_string<char, std::char_traits<char>, std::allocator<char> >, DisplayModule*, std::less<std::__cxx11::basic_string<char, std::char_traits<char>, std::allocator<char> > >, std::allocator<std::pair<std::__cxx11::basic_string<char, std::char_traits<char>, std::allocator<char> > const, DisplayModule*> > >::lower_bound(std::__cxx11::basic_string<char, std::char_traits<char>, std::allocator<char> > const&)
 .text._ZSteqRKSt17_Rb_tree_iteratorISt4pairIKNSt7__cxx1112basic_stringIcSt11char_traitsIcESaIcEEEP13DisplayModuleEESD_
                0x080019c4       0x28 ./Core/Src/main.o
                0x080019c4                std::operator==(std::_Rb_tree_iterator<std::pair<std::__cxx11::basic_string<char, std::char_traits<char>, std::allocator<char> > const, DisplayModule*> > const&, std::_Rb_tree_iterator<std::pair<std::__cxx11::basic_string<char, std::char_traits<char>, std::allocator<char> > const, DisplayModule*> > const&)
 .text._ZNKSt3mapINSt7__cxx1112basic_stringIcSt11char_traitsIcESaIcEEEP13DisplayModuleSt4lessIS5_ESaISt4pairIKS5_S7_EEE8key_compEv
                0x080019ec       0x1a ./Core/Src/main.o
                0x080019ec                std::map<std::__cxx11::basic_string<char, std::char_traits<char>, std::allocator<char> >, DisplayModule*, std::less<std::__cxx11::basic_string<char, std::char_traits<char>, std::allocator<char> > >, std::allocator<std::pair<std::__cxx11::basic_string<char, std::char_traits<char>, std::allocator<char> > const, DisplayModule*> > >::key_comp() const
 .text._ZNKSt4lessINSt7__cxx1112basic_stringIcSt11char_traitsIcESaIcEEEEclERKS5_S8_
                0x08001a06       0x1e ./Core/Src/main.o
                0x08001a06                std::less<std::__cxx11::basic_string<char, std::char_traits<char>, std::allocator<char> > >::operator()(std::__cxx11::basic_string<char, std::char_traits<char>, std::allocator<char> > const&, std::__cxx11::basic_string<char, std::char_traits<char>, std::allocator<char> > const&) const
 .text._ZSt4moveIRNSt7__cxx1112basic_stringIcSt11char_traitsIcESaIcEEEEONSt16remove_referenceIT_E4typeEOS8_
                0x08001a24       0x16 ./Core/Src/main.o
                0x08001a24                std::remove_reference<std::__cxx11::basic_string<char, std::char_traits<char>, std::allocator<char> >&>::type&& std::move<std::__cxx11::basic_string<char, std::char_traits<char>, std::allocator<char> >&>(std::__cxx11::basic_string<char, std::char_traits<char>, std::allocator<char> >&)
 .text._ZNSt5tupleIJONSt7__cxx1112basic_stringIcSt11char_traitsIcESaIcEEEEEC2EOS7_
                0x08001a3a       0x20 ./Core/Src/main.o
                0x08001a3a                std::tuple<std::__cxx11::basic_string<char, std::char_traits<char>, std::allocator<char> >&&>::tuple(std::tuple<std::__cxx11::basic_string<char, std::char_traits<char>, std::allocator<char> >&&>&&)
                0x08001a3a                std::tuple<std::__cxx11::basic_string<char, std::char_traits<char>, std::allocator<char> >&&>::tuple(std::tuple<std::__cxx11::basic_string<char, std::char_traits<char>, std::allocator<char> >&&>&&)
 .text._ZSt16forward_as_tupleIJNSt7__cxx1112basic_stringIcSt11char_traitsIcESaIcEEEEESt5tupleIJDpOT_EES9_
                0x08001a5a       0x22 ./Core/Src/main.o
                0x08001a5a                std::tuple<std::__cxx11::basic_string<char, std::char_traits<char>, std::allocator<char> >&&> std::forward_as_tuple<std::__cxx11::basic_string<char, std::char_traits<char>, std::allocator<char> > >(std::__cxx11::basic_string<char, std::char_traits<char>, std::allocator<char> >&&)
 .text._ZNSt23_Rb_tree_const_iteratorISt4pairIKNSt7__cxx1112basic_stringIcSt11char_traitsIcESaIcEEEP13DisplayModuleEEC2ERKSt17_Rb_tree_iteratorISA_E
                0x08001a7c       0x20 ./Core/Src/main.o
                0x08001a7c                std::_Rb_tree_const_iterator<std::pair<std::__cxx11::basic_string<char, std::char_traits<char>, std::allocator<char> > const, DisplayModule*> >::_Rb_tree_const_iterator(std::_Rb_tree_iterator<std::pair<std::__cxx11::basic_string<char, std::char_traits<char>, std::allocator<char> > const, DisplayModule*> > const&)
                0x08001a7c                std::_Rb_tree_const_iterator<std::pair<std::__cxx11::basic_string<char, std::char_traits<char>, std::allocator<char> > const, DisplayModule*> >::_Rb_tree_const_iterator(std::_Rb_tree_iterator<std::pair<std::__cxx11::basic_string<char, std::char_traits<char>, std::allocator<char> > const, DisplayModule*> > const&)
 .text._ZNSt8_Rb_treeINSt7__cxx1112basic_stringIcSt11char_traitsIcESaIcEEESt4pairIKS5_P13DisplayModuleESt10_Select1stISA_ESt4lessIS5_ESaISA_EE22_M_emplace_hint_uniqueIJRKSt21piecewise_construct_tSt5tupleIJOS5_EESL_IJEEEEESt17_Rb_tree_iteratorISA_ESt23_Rb_tree_const_iteratorISA_EDpOT_
                0x08001a9c       0x8c ./Core/Src/main.o
                0x08001a9c                std::_Rb_tree_iterator<std::pair<std::__cxx11::basic_string<char, std::char_traits<char>, std::allocator<char> > const, DisplayModule*> > std::_Rb_tree<std::__cxx11::basic_string<char, std::char_traits<char>, std::allocator<char> >, std::pair<std::__cxx11::basic_string<char, std::char_traits<char>, std::allocator<char> > const, DisplayModule*>, std::_Select1st<std::pair<std::__cxx11::basic_string<char, std::char_traits<char>, std::allocator<char> > const, DisplayModule*> >, std::less<std::__cxx11::basic_string<char, std::char_traits<char>, std::allocator<char> > >, std::allocator<std::pair<std::__cxx11::basic_string<char, std::char_traits<char>, std::allocator<char> > const, DisplayModule*> > >::_M_emplace_hint_unique<std::piecewise_construct_t const&, std::tuple<std::__cxx11::basic_string<char, std::char_traits<char>, std::allocator<char> >&&>, std::tuple<> >(std::_Rb_tree_const_iterator<std::pair<std::__cxx11::basic_string<char, std::char_traits<char>, std::allocator<char> > const, DisplayModule*> >, std::piecewise_construct_t const&, std::tuple<std::__cxx11::basic_string<char, std::char_traits<char>, std::allocator<char> >&&>&&, std::tuple<>&&)
 .text._ZNSt8_Rb_treeINSt7__cxx1112basic_stringIcSt11char_traitsIcESaIcEEESt4pairIKS5_P13DisplayModuleESt10_Select1stISA_ESt4lessIS5_ESaISA_EE5beginEv
                0x08001b28       0x22 ./Core/Src/main.o
                0x08001b28                std::_Rb_tree<std::__cxx11::basic_string<char, std::char_traits<char>, std::allocator<char> >, std::pair<std::__cxx11::basic_string<char, std::char_traits<char>, std::allocator<char> > const, DisplayModule*>, std::_Select1st<std::pair<std::__cxx11::basic_string<char, std::char_traits<char>, std::allocator<char> > const, DisplayModule*> >, std::less<std::__cxx11::basic_string<char, std::char_traits<char>, std::allocator<char> > >, std::allocator<std::pair<std::__cxx11::basic_string<char, std::char_traits<char>, std::allocator<char> > const, DisplayModule*> > >::begin()
 .text._ZNSt8_Rb_treeINSt7__cxx1112basic_stringIcSt11char_traitsIcESaIcEEESt4pairIKS5_P13DisplayModuleESt10_Select1stISA_ESt4lessIS5_ESaISA_EE3endEv
                0x08001b4a       0x22 ./Core/Src/main.o
                0x08001b4a                std::_Rb_tree<std::__cxx11::basic_string<char, std::char_traits<char>, std::allocator<char> >, std::pair<std::__cxx11::basic_string<char, std::char_traits<char>, std::allocator<char> > const, DisplayModule*>, std::_Select1st<std::pair<std::__cxx11::basic_string<char, std::char_traits<char>, std::allocator<char> > const, DisplayModule*> >, std::less<std::__cxx11::basic_string<char, std::char_traits<char>, std::allocator<char> > >, std::allocator<std::pair<std::__cxx11::basic_string<char, std::char_traits<char>, std::allocator<char> > const, DisplayModule*> > >::end()
 .text._ZNSt13_Rb_tree_nodeISt4pairIKNSt7__cxx1112basic_stringIcSt11char_traitsIcESaIcEEEP13DisplayModuleEE9_M_valptrEv
                0x08001b6c       0x1c ./Core/Src/main.o
                0x08001b6c                std::_Rb_tree_node<std::pair<std::__cxx11::basic_string<char, std::char_traits<char>, std::allocator<char> > const, DisplayModule*> >::_M_valptr()
 .text._ZNSt15__new_allocatorISt13_Rb_tree_nodeISt4pairIKNSt7__cxx1112basic_stringIcSt11char_traitsIcESaIcEEEP13DisplayModuleEEEC2Ev
                0x08001b88       0x16 ./Core/Src/main.o
                0x08001b88                std::__new_allocator<std::_Rb_tree_node<std::pair<std::__cxx11::basic_string<char, std::char_traits<char>, std::allocator<char> > const, DisplayModule*> > >::__new_allocator()
                0x08001b88                std::__new_allocator<std::_Rb_tree_node<std::pair<std::__cxx11::basic_string<char, std::char_traits<char>, std::allocator<char> > const, DisplayModule*> > >::__new_allocator()
 .text._ZNSt8_Rb_treeINSt7__cxx1112basic_stringIcSt11char_traitsIcESaIcEEESt4pairIKS5_P13DisplayModuleESt10_Select1stISA_ESt4lessIS5_ESaISA_EE8_S_rightEPSt18_Rb_tree_node_base
                0x08001b9e       0x18 ./Core/Src/main.o
                0x08001b9e                std::_Rb_tree<std::__cxx11::basic_string<char, std::char_traits<char>, std::allocator<char> >, std::pair<std::__cxx11::basic_string<char, std::char_traits<char>, std::allocator<char> > const, DisplayModule*>, std::_Select1st<std::pair<std::__cxx11::basic_string<char, std::char_traits<char>, std::allocator<char> > const, DisplayModule*> >, std::less<std::__cxx11::basic_string<char, std::char_traits<char>, std::allocator<char> > >, std::allocator<std::pair<std::__cxx11::basic_string<char, std::char_traits<char>, std::allocator<char> > const, DisplayModule*> > >::_S_right(std::_Rb_tree_node_base*)
 .text._ZNSt8_Rb_treeINSt7__cxx1112basic_stringIcSt11char_traitsIcESaIcEEESt4pairIKS5_P13DisplayModuleESt10_Select1stISA_ESt4lessIS5_ESaISA_EE7_S_leftEPSt18_Rb_tree_node_base
                0x08001bb6       0x18 ./Core/Src/main.o
                0x08001bb6                std::_Rb_tree<std::__cxx11::basic_string<char, std::char_traits<char>, std::allocator<char> >, std::pair<std::__cxx11::basic_string<char, std::char_traits<char>, std::allocator<char> > const, DisplayModule*>, std::_Select1st<std::pair<std::__cxx11::basic_string<char, std::char_traits<char>, std::allocator<char> > const, DisplayModule*> >, std::less<std::__cxx11::basic_string<char, std::char_traits<char>, std::allocator<char> > >, std::allocator<std::pair<std::__cxx11::basic_string<char, std::char_traits<char>, std::allocator<char> > const, DisplayModule*> > >::_S_left(std::_Rb_tree_node_base*)
 .text._ZNSt8_Rb_treeINSt7__cxx1112basic_stringIcSt11char_traitsIcESaIcEEESt4pairIKS5_P13DisplayModuleESt10_Select1stISA_ESt4lessIS5_ESaISA_EE12_M_drop_nodeEPSt13_Rb_tree_nodeISA_E
                0x08001bce       0x22 ./Core/Src/main.o
                0x08001bce                std::_Rb_tree<std::__cxx11::basic_string<char, std::char_traits<char>, std::allocator<char> >, std::pair<std::__cxx11::basic_string<char, std::char_traits<char>, std::allocator<char> > const, DisplayModule*>, std::_Select1st<std::pair<std::__cxx11::basic_string<char, std::char_traits<char>, std::allocator<char> > const, DisplayModule*> >, std::less<std::__cxx11::basic_string<char, std::char_traits<char>, std::allocator<char> > >, std::allocator<std::pair<std::__cxx11::basic_string<char, std::char_traits<char>, std::allocator<char> > const, DisplayModule*> > >::_M_drop_node(std::_Rb_tree_node<std::pair<std::__cxx11::basic_string<char, std::char_traits<char>, std::allocator<char> > const, DisplayModule*> >*)
 .text._ZNKSt8_Rb_treeINSt7__cxx1112basic_stringIcSt11char_traitsIcESaIcEEESt4pairIKS5_P13DisplayModuleESt10_Select1stISA_ESt4lessIS5_ESaISA_EE9_M_mbeginEv
                0x08001bf0       0x18 ./Core/Src/main.o
                0x08001bf0                std::_Rb_tree<std::__cxx11::basic_string<char, std::char_traits<char>, std::allocator<char> >, std::pair<std::__cxx11::basic_string<char, std::char_traits<char>, std::allocator<char> > const, DisplayModule*>, std::_Select1st<std::pair<std::__cxx11::basic_string<char, std::char_traits<char>, std::allocator<char> > const, DisplayModule*> >, std::less<std::__cxx11::basic_string<char, std::char_traits<char>, std::allocator<char> > >, std::allocator<std::pair<std::__cxx11::basic_string<char, std::char_traits<char>, std::allocator<char> > const, DisplayModule*> > >::_M_mbegin() const
 .text._ZNSt8_Rb_treeINSt7__cxx1112basic_stringIcSt11char_traitsIcESaIcEEESt4pairIKS5_P13DisplayModuleESt10_Select1stISA_ESt4lessIS5_ESaISA_EE11lower_boundERS7_
                0x08001c08       0x2e ./Core/Src/main.o
                0x08001c08                std::_Rb_tree<std::__cxx11::basic_string<char, std::char_traits<char>, std::allocator<char> >, std::pair<std::__cxx11::basic_string<char, std::char_traits<char>, std::allocator<char> > const, DisplayModule*>, std::_Select1st<std::pair<std::__cxx11::basic_string<char, std::char_traits<char>, std::allocator<char> > const, DisplayModule*> >, std::less<std::__cxx11::basic_string<char, std::char_traits<char>, std::allocator<char> > >, std::allocator<std::pair<std::__cxx11::basic_string<char, std::char_traits<char>, std::allocator<char> > const, DisplayModule*> > >::lower_bound(std::__cxx11::basic_string<char, std::char_traits<char>, std::allocator<char> > const&)
 .text._ZNKSt8_Rb_treeINSt7__cxx1112basic_stringIcSt11char_traitsIcESaIcEEESt4pairIKS5_P13DisplayModuleESt10_Select1stISA_ESt4lessIS5_ESaISA_EE8key_compEv
                0x08001c36       0x16 ./Core/Src/main.o
                0x08001c36                std::_Rb_tree<std::__cxx11::basic_string<char, std::char_traits<char>, std::allocator<char> >, std::pair<std::__cxx11::basic_string<char, std::char_traits<char>, std::allocator<char> > const, DisplayModule*>, std::_Select1st<std::pair<std::__cxx11::basic_string<char, std::char_traits<char>, std::allocator<char> > const, DisplayModule*> >, std::less<std::__cxx11::basic_string<char, std::char_traits<char>, std::allocator<char> > >, std::allocator<std::pair<std::__cxx11::basic_string<char, std::char_traits<char>, std::allocator<char> > const, DisplayModule*> > >::key_comp() const
 .text._ZStltIcSt11char_traitsIcESaIcEEbRKNSt7__cxx1112basic_stringIT_T0_T1_EESA_
                0x08001c4c       0x20 ./Core/Src/main.o
                0x08001c4c                bool std::operator< <char, std::char_traits<char>, std::allocator<char> >(std::__cxx11::basic_string<char, std::char_traits<char>, std::allocator<char> > const&, std::__cxx11::basic_string<char, std::char_traits<char>, std::allocator<char> > const&)
 .text._ZSt7forwardINSt7__cxx1112basic_stringIcSt11char_traitsIcESaIcEEEEOT_RNSt16remove_referenceIS6_E4typeE
                0x08001c6c       0x16 ./Core/Src/main.o
                0x08001c6c                std::__cxx11::basic_string<char, std::char_traits<char>, std::allocator<char> >&& std::forward<std::__cxx11::basic_string<char, std::char_traits<char>, std::allocator<char> > >(std::remove_reference<std::__cxx11::basic_string<char, std::char_traits<char>, std::allocator<char> > >::type&)
 .text._ZNSt5tupleIJONSt7__cxx1112basic_stringIcSt11char_traitsIcESaIcEEEEEC2IJS5_ELb1ELb1EEEDpOT_
                0x08001c82       0x26 ./Core/Src/main.o
                0x08001c82                std::tuple<std::__cxx11::basic_string<char, std::char_traits<char>, std::allocator<char> >&&>::tuple<std::__cxx11::basic_string<char, std::char_traits<char>, std::allocator<char> >, true, true>(std::__cxx11::basic_string<char, std::char_traits<char>, std::allocator<char> >&&)
                0x08001c82                std::tuple<std::__cxx11::basic_string<char, std::char_traits<char>, std::allocator<char> >&&>::tuple<std::__cxx11::basic_string<char, std::char_traits<char>, std::allocator<char> >, true, true>(std::__cxx11::basic_string<char, std::char_traits<char>, std::allocator<char> >&&)
 .text._ZNSt11_Tuple_implILj0EJONSt7__cxx1112basic_stringIcSt11char_traitsIcESaIcEEEEEC2EOS7_
                0x08001ca8       0x20 ./Core/Src/main.o
                0x08001ca8                std::_Tuple_impl<0u, std::__cxx11::basic_string<char, std::char_traits<char>, std::allocator<char> >&&>::_Tuple_impl(std::_Tuple_impl<0u, std::__cxx11::basic_string<char, std::char_traits<char>, std::allocator<char> >&&>&&)
                0x08001ca8                std::_Tuple_impl<0u, std::__cxx11::basic_string<char, std::char_traits<char>, std::allocator<char> >&&>::_Tuple_impl(std::_Tuple_impl<0u, std::__cxx11::basic_string<char, std::char_traits<char>, std::allocator<char> >&&>&&)
 .text._ZSt7forwardIRKSt21piecewise_construct_tEOT_RNSt16remove_referenceIS3_E4typeE
                0x08001cc8       0x16 ./Core/Src/main.o
                0x08001cc8                std::piecewise_construct_t const& std::forward<std::piecewise_construct_t const&>(std::remove_reference<std::piecewise_construct_t const&>::type&)
 .text._ZSt7forwardISt5tupleIJONSt7__cxx1112basic_stringIcSt11char_traitsIcESaIcEEEEEEOT_RNSt16remove_referenceIS9_E4typeE
                0x08001cde       0x16 ./Core/Src/main.o
                0x08001cde                std::tuple<std::__cxx11::basic_string<char, std::char_traits<char>, std::allocator<char> >&&>&& std::forward<std::tuple<std::__cxx11::basic_string<char, std::char_traits<char>, std::allocator<char> >&&> >(std::remove_reference<std::tuple<std::__cxx11::basic_string<char, std::char_traits<char>, std::allocator<char> >&&> >::type&)
 .text._ZSt7forwardISt5tupleIJEEEOT_RNSt16remove_referenceIS2_E4typeE
                0x08001cf4       0x16 ./Core/Src/main.o
                0x08001cf4                std::tuple<>&& std::forward<std::tuple<> >(std::remove_reference<std::tuple<> >::type&)
 .text._ZNSt8_Rb_treeINSt7__cxx1112basic_stringIcSt11char_traitsIcESaIcEEESt4pairIKS5_P13DisplayModuleESt10_Select1stISA_ESt4lessIS5_ESaISA_EE10_Auto_nodeC2IJRKSt21piecewise_construct_tSt5tupleIJOS5_EESM_IJEEEEERSG_DpOT_
                0x08001d0a       0x46 ./Core/Src/main.o
                0x08001d0a                std::_Rb_tree<std::__cxx11::basic_string<char, std::char_traits<char>, std::allocator<char> >, std::pair<std::__cxx11::basic_string<char, std::char_traits<char>, std::allocator<char> > const, DisplayModule*>, std::_Select1st<std::pair<std::__cxx11::basic_string<char, std::char_traits<char>, std::allocator<char> > const, DisplayModule*> >, std::less<std::__cxx11::basic_string<char, std::char_traits<char>, std::allocator<char> > >, std::allocator<std::pair<std::__cxx11::basic_string<char, std::char_traits<char>, std::allocator<char> > const, DisplayModule*> > >::_Auto_node::_Auto_node<std::piecewise_construct_t const&, std::tuple<std::__cxx11::basic_string<char, std::char_traits<char>, std::allocator<char> >&&>, std::tuple<> >(std::_Rb_tree<std::__cxx11::basic_string<char, std::char_traits<char>, std::allocator<char> >, std::pair<std::__cxx11::basic_string<char, std::char_traits<char>, std::allocator<char> > const, DisplayModule*>, std::_Select1st<std::pair<std::__cxx11::basic_string<char, std::char_traits<char>, std::allocator<char> > const, DisplayModule*> >, std::less<std::__cxx11::basic_string<char, std::char_traits<char>, std::allocator<char> > >, std::allocator<std::pair<std::__cxx11::basic_string<char, std::char_traits<char>, std::allocator<char> > const, DisplayModule*> > >&, std::piecewise_construct_t const&, std::tuple<std::__cxx11::basic_string<char, std::char_traits<char>, std::allocator<char> >&&>&&, std::tuple<>&&)
                0x08001d0a                std::_Rb_tree<std::__cxx11::basic_string<char, std::char_traits<char>, std::allocator<char> >, std::pair<std::__cxx11::basic_string<char, std::char_traits<char>, std::allocator<char> > const, DisplayModule*>, std::_Select1st<std::pair<std::__cxx11::basic_string<char, std::char_traits<char>, std::allocator<char> > const, DisplayModule*> >, std::less<std::__cxx11::basic_string<char, std::char_traits<char>, std::allocator<char> > >, std::allocator<std::pair<std::__cxx11::basic_string<char, std::char_traits<char>, std::allocator<char> > const, DisplayModule*> > >::_Auto_node::_Auto_node<std::piecewise_construct_t const&, std::tuple<std::__cxx11::basic_string<char, std::char_traits<char>, std::allocator<char> >&&>, std::tuple<> >(std::_Rb_tree<std::__cxx11::basic_string<char, std::char_traits<char>, std::allocator<char> >, std::pair<std::__cxx11::basic_string<char, std::char_traits<char>, std::allocator<char> > const, DisplayModule*>, std::_Select1st<std::pair<std::__cxx11::basic_string<char, std::char_traits<char>, std::allocator<char> > const, DisplayModule*> >, std::less<std::__cxx11::basic_string<char, std::char_traits<char>, std::allocator<char> > >, std::allocator<std::pair<std::__cxx11::basic_string<char, std::char_traits<char>, std::allocator<char> > const, DisplayModule*> > >&, std::piecewise_construct_t const&, std::tuple<std::__cxx11::basic_string<char, std::char_traits<char>, std::allocator<char> >&&>&&, std::tuple<>&&)
 .text._ZNSt8_Rb_treeINSt7__cxx1112basic_stringIcSt11char_traitsIcESaIcEEESt4pairIKS5_P13DisplayModuleESt10_Select1stISA_ESt4lessIS5_ESaISA_EE10_Auto_nodeD2Ev
                0x08001d50       0x2a ./Core/Src/main.o
                0x08001d50                std::_Rb_tree<std::__cxx11::basic_string<char, std::char_traits<char>, std::allocator<char> >, std::pair<std::__cxx11::basic_string<char, std::char_traits<char>, std::allocator<char> > const, DisplayModule*>, std::_Select1st<std::pair<std::__cxx11::basic_string<char, std::char_traits<char>, std::allocator<char> > const, DisplayModule*> >, std::less<std::__cxx11::basic_string<char, std::char_traits<char>, std::allocator<char> > >, std::allocator<std::pair<std::__cxx11::basic_string<char, std::char_traits<char>, std::allocator<char> > const, DisplayModule*> > >::_Auto_node::~_Auto_node()
                0x08001d50                std::_Rb_tree<std::__cxx11::basic_string<char, std::char_traits<char>, std::allocator<char> >, std::pair<std::__cxx11::basic_string<char, std::char_traits<char>, std::allocator<char> > const, DisplayModule*>, std::_Select1st<std::pair<std::__cxx11::basic_string<char, std::char_traits<char>, std::allocator<char> > const, DisplayModule*> >, std::less<std::__cxx11::basic_string<char, std::char_traits<char>, std::allocator<char> > >, std::allocator<std::pair<std::__cxx11::basic_string<char, std::char_traits<char>, std::allocator<char> > const, DisplayModule*> > >::_Auto_node::~_Auto_node()
 .text._ZNSt8_Rb_treeINSt7__cxx1112basic_stringIcSt11char_traitsIcESaIcEEESt4pairIKS5_P13DisplayModuleESt10_Select1stISA_ESt4lessIS5_ESaISA_EE29_M_get_insert_hint_unique_posESt23_Rb_tree_const_iteratorISA_ERS7_
                0x08001d7a      0x246 ./Core/Src/main.o
                0x08001d7a                std::_Rb_tree<std::__cxx11::basic_string<char, std::char_traits<char>, std::allocator<char> >, std::pair<std::__cxx11::basic_string<char, std::char_traits<char>, std::allocator<char> > const, DisplayModule*>, std::_Select1st<std::pair<std::__cxx11::basic_string<char, std::char_traits<char>, std::allocator<char> > const, DisplayModule*> >, std::less<std::__cxx11::basic_string<char, std::char_traits<char>, std::allocator<char> > >, std::allocator<std::pair<std::__cxx11::basic_string<char, std::char_traits<char>, std::allocator<char> > const, DisplayModule*> > >::_M_get_insert_hint_unique_pos(std::_Rb_tree_const_iterator<std::pair<std::__cxx11::basic_string<char, std::char_traits<char>, std::allocator<char> > const, DisplayModule*> >, std::__cxx11::basic_string<char, std::char_traits<char>, std::allocator<char> > const&)
 .text._ZNKSt8_Rb_treeINSt7__cxx1112basic_stringIcSt11char_traitsIcESaIcEEESt4pairIKS5_P13DisplayModuleESt10_Select1stISA_ESt4lessIS5_ESaISA_EE10_Auto_node6_M_keyEv
                0x08001fc0       0x1c ./Core/Src/main.o
                0x08001fc0                std::_Rb_tree<std::__cxx11::basic_string<char, std::char_traits<char>, std::allocator<char> >, std::pair<std::__cxx11::basic_string<char, std::char_traits<char>, std::allocator<char> > const, DisplayModule*>, std::_Select1st<std::pair<std::__cxx11::basic_string<char, std::char_traits<char>, std::allocator<char> > const, DisplayModule*> >, std::less<std::__cxx11::basic_string<char, std::char_traits<char>, std::allocator<char> > >, std::allocator<std::pair<std::__cxx11::basic_string<char, std::char_traits<char>, std::allocator<char> > const, DisplayModule*> > >::_Auto_node::_M_key() const
 .text._ZNSt8_Rb_treeINSt7__cxx1112basic_stringIcSt11char_traitsIcESaIcEEESt4pairIKS5_P13DisplayModuleESt10_Select1stISA_ESt4lessIS5_ESaISA_EE10_Auto_node9_M_insertES6_IPSt18_Rb_tree_node_baseSJ_E
                0x08001fdc       0x32 ./Core/Src/main.o
                0x08001fdc                std::_Rb_tree<std::__cxx11::basic_string<char, std::char_traits<char>, std::allocator<char> >, std::pair<std::__cxx11::basic_string<char, std::char_traits<char>, std::allocator<char> > const, DisplayModule*>, std::_Select1st<std::pair<std::__cxx11::basic_string<char, std::char_traits<char>, std::allocator<char> > const, DisplayModule*> >, std::less<std::__cxx11::basic_string<char, std::char_traits<char>, std::allocator<char> > >, std::allocator<std::pair<std::__cxx11::basic_string<char, std::char_traits<char>, std::allocator<char> > const, DisplayModule*> > >::_Auto_node::_M_insert(std::pair<std::_Rb_tree_node_base*, std::_Rb_tree_node_base*>)
 .text._ZNSt17_Rb_tree_iteratorISt4pairIKNSt7__cxx1112basic_stringIcSt11char_traitsIcESaIcEEEP13DisplayModuleEEC2EPSt18_Rb_tree_node_base
                0x0800200e       0x1e ./Core/Src/main.o
                0x0800200e                std::_Rb_tree_iterator<std::pair<std::__cxx11::basic_string<char, std::char_traits<char>, std::allocator<char> > const, DisplayModule*> >::_Rb_tree_iterator(std::_Rb_tree_node_base*)
                0x0800200e                std::_Rb_tree_iterator<std::pair<std::__cxx11::basic_string<char, std::char_traits<char>, std::allocator<char> > const, DisplayModule*> >::_Rb_tree_iterator(std::_Rb_tree_node_base*)
 .text._ZN9__gnu_cxx16__aligned_membufISt4pairIKNSt7__cxx1112basic_stringIcSt11char_traitsIcESaIcEEEP13DisplayModuleEE6_M_ptrEv
                0x0800202c       0x18 ./Core/Src/main.o
                0x0800202c                __gnu_cxx::__aligned_membuf<std::pair<std::__cxx11::basic_string<char, std::char_traits<char>, std::allocator<char> > const, DisplayModule*> >::_M_ptr()
 .text._ZNSt8_Rb_treeINSt7__cxx1112basic_stringIcSt11char_traitsIcESaIcEEESt4pairIKS5_P13DisplayModuleESt10_Select1stISA_ESt4lessIS5_ESaISA_EE15_M_destroy_nodeEPSt13_Rb_tree_nodeISA_E
                0x08002044       0x2a ./Core/Src/main.o
                0x08002044                std::_Rb_tree<std::__cxx11::basic_string<char, std::char_traits<char>, std::allocator<char> >, std::pair<std::__cxx11::basic_string<char, std::char_traits<char>, std::allocator<char> > const, DisplayModule*>, std::_Select1st<std::pair<std::__cxx11::basic_string<char, std::char_traits<char>, std::allocator<char> > const, DisplayModule*> >, std::less<std::__cxx11::basic_string<char, std::char_traits<char>, std::allocator<char> > >, std::allocator<std::pair<std::__cxx11::basic_string<char, std::char_traits<char>, std::allocator<char> > const, DisplayModule*> > >::_M_destroy_node(std::_Rb_tree_node<std::pair<std::__cxx11::basic_string<char, std::char_traits<char>, std::allocator<char> > const, DisplayModule*> >*)
 .text._ZNSt8_Rb_treeINSt7__cxx1112basic_stringIcSt11char_traitsIcESaIcEEESt4pairIKS5_P13DisplayModuleESt10_Select1stISA_ESt4lessIS5_ESaISA_EE11_M_put_nodeEPSt13_Rb_tree_nodeISA_E
                0x0800206e       0x24 ./Core/Src/main.o
                0x0800206e                std::_Rb_tree<std::__cxx11::basic_string<char, std::char_traits<char>, std::allocator<char> >, std::pair<std::__cxx11::basic_string<char, std::char_traits<char>, std::allocator<char> > const, DisplayModule*>, std::_Select1st<std::pair<std::__cxx11::basic_string<char, std::char_traits<char>, std::allocator<char> > const, DisplayModule*> >, std::less<std::__cxx11::basic_string<char, std::char_traits<char>, std::allocator<char> > >, std::allocator<std::pair<std::__cxx11::basic_string<char, std::char_traits<char>, std::allocator<char> > const, DisplayModule*> > >::_M_put_node(std::_Rb_tree_node<std::pair<std::__cxx11::basic_string<char, std::char_traits<char>, std::allocator<char> > const, DisplayModule*> >*)
 .text._ZNSt8_Rb_treeINSt7__cxx1112basic_stringIcSt11char_traitsIcESaIcEEESt4pairIKS5_P13DisplayModuleESt10_Select1stISA_ESt4lessIS5_ESaISA_EE6_M_endEv
                0x08002092       0x18 ./Core/Src/main.o
                0x08002092                std::_Rb_tree<std::__cxx11::basic_string<char, std::char_traits<char>, std::allocator<char> >, std::pair<std::__cxx11::basic_string<char, std::char_traits<char>, std::allocator<char> > const, DisplayModule*>, std::_Select1st<std::pair<std::__cxx11::basic_string<char, std::char_traits<char>, std::allocator<char> > const, DisplayModule*> >, std::less<std::__cxx11::basic_string<char, std::char_traits<char>, std::allocator<char> > >, std::allocator<std::pair<std::__cxx11::basic_string<char, std::char_traits<char>, std::allocator<char> > const, DisplayModule*> > >::_M_end()
 .text._ZNSt8_Rb_treeINSt7__cxx1112basic_stringIcSt11char_traitsIcESaIcEEESt4pairIKS5_P13DisplayModuleESt10_Select1stISA_ESt4lessIS5_ESaISA_EE14_M_lower_boundEPSt13_Rb_tree_nodeISA_EPSt18_Rb_tree_node_baseRS7_
                0x080020aa       0x62 ./Core/Src/main.o
                0x080020aa                std::_Rb_tree<std::__cxx11::basic_string<char, std::char_traits<char>, std::allocator<char> >, std::pair<std::__cxx11::basic_string<char, std::char_traits<char>, std::allocator<char> > const, DisplayModule*>, std::_Select1st<std::pair<std::__cxx11::basic_string<char, std::char_traits<char>, std::allocator<char> > const, DisplayModule*> >, std::less<std::__cxx11::basic_string<char, std::char_traits<char>, std::allocator<char> > >, std::allocator<std::pair<std::__cxx11::basic_string<char, std::char_traits<char>, std::allocator<char> > const, DisplayModule*> > >::_M_lower_bound(std::_Rb_tree_node<std::pair<std::__cxx11::basic_string<char, std::char_traits<char>, std::allocator<char> > const, DisplayModule*> >*, std::_Rb_tree_node_base*, std::__cxx11::basic_string<char, std::char_traits<char>, std::allocator<char> > const&)
 .text._ZNSt11_Tuple_implILj0EJONSt7__cxx1112basic_stringIcSt11char_traitsIcESaIcEEEEEC2IS5_EEOT_
                0x0800210c       0x26 ./Core/Src/main.o
                0x0800210c                std::_Tuple_impl<0u, std::__cxx11::basic_string<char, std::char_traits<char>, std::allocator<char> >&&>::_Tuple_impl<std::__cxx11::basic_string<char, std::char_traits<char>, std::allocator<char> > >(std::__cxx11::basic_string<char, std::char_traits<char>, std::allocator<char> >&&)
                0x0800210c                std::_Tuple_impl<0u, std::__cxx11::basic_string<char, std::char_traits<char>, std::allocator<char> >&&>::_Tuple_impl<std::__cxx11::basic_string<char, std::char_traits<char>, std::allocator<char> > >(std::__cxx11::basic_string<char, std::char_traits<char>, std::allocator<char> >&&)
 .text._ZNSt8_Rb_treeINSt7__cxx1112basic_stringIcSt11char_traitsIcESaIcEEESt4pairIKS5_P13DisplayModuleESt10_Select1stISA_ESt4lessIS5_ESaISA_EE14_M_create_nodeIJRKSt21piecewise_construct_tSt5tupleIJOS5_EESL_IJEEEEEPSt13_Rb_tree_nodeISA_EDpOT_
                0x08002132       0x46 ./Core/Src/main.o
                0x08002132                std::_Rb_tree_node<std::pair<std::__cxx11::basic_string<char, std::char_traits<char>, std::allocator<char> > const, DisplayModule*> >* std::_Rb_tree<std::__cxx11::basic_string<char, std::char_traits<char>, std::allocator<char> >, std::pair<std::__cxx11::basic_string<char, std::char_traits<char>, std::allocator<char> > const, DisplayModule*>, std::_Select1st<std::pair<std::__cxx11::basic_string<char, std::char_traits<char>, std::allocator<char> > const, DisplayModule*> >, std::less<std::__cxx11::basic_string<char, std::char_traits<char>, std::allocator<char> > >, std::allocator<std::pair<std::__cxx11::basic_string<char, std::char_traits<char>, std::allocator<char> > const, DisplayModule*> > >::_M_create_node<std::piecewise_construct_t const&, std::tuple<std::__cxx11::basic_string<char, std::char_traits<char>, std::allocator<char> >&&>, std::tuple<> >(std::piecewise_construct_t const&, std::tuple<std::__cxx11::basic_string<char, std::char_traits<char>, std::allocator<char> >&&>&&, std::tuple<>&&)
 .text._ZNKSt23_Rb_tree_const_iteratorISt4pairIKNSt7__cxx1112basic_stringIcSt11char_traitsIcESaIcEEEP13DisplayModuleEE13_M_const_castEv
                0x08002178       0x22 ./Core/Src/main.o
                0x08002178                std::_Rb_tree_const_iterator<std::pair<std::__cxx11::basic_string<char, std::char_traits<char>, std::allocator<char> > const, DisplayModule*> >::_M_const_cast() const
 .text._ZNKSt8_Rb_treeINSt7__cxx1112basic_stringIcSt11char_traitsIcESaIcEEESt4pairIKS5_P13DisplayModuleESt10_Select1stISA_ESt4lessIS5_ESaISA_EE4sizeEv
                0x0800219a       0x18 ./Core/Src/main.o
                0x0800219a                std::_Rb_tree<std::__cxx11::basic_string<char, std::char_traits<char>, std::allocator<char> >, std::pair<std::__cxx11::basic_string<char, std::char_traits<char>, std::allocator<char> > const, DisplayModule*>, std::_Select1st<std::pair<std::__cxx11::basic_string<char, std::char_traits<char>, std::allocator<char> > const, DisplayModule*> >, std::less<std::__cxx11::basic_string<char, std::char_traits<char>, std::allocator<char> > >, std::allocator<std::pair<std::__cxx11::basic_string<char, std::char_traits<char>, std::allocator<char> > const, DisplayModule*> > >::size() const
 .text._ZNSt8_Rb_treeINSt7__cxx1112basic_stringIcSt11char_traitsIcESaIcEEESt4pairIKS5_P13DisplayModuleESt10_Select1stISA_ESt4lessIS5_ESaISA_EE12_M_rightmostEv
                0x080021b2       0x18 ./Core/Src/main.o
                0x080021b2                std::_Rb_tree<std::__cxx11::basic_string<char, std::char_traits<char>, std::allocator<char> >, std::pair<std::__cxx11::basic_string<char, std::char_traits<char>, std::allocator<char> > const, DisplayModule*>, std::_Select1st<std::pair<std::__cxx11::basic_string<char, std::char_traits<char>, std::allocator<char> > const, DisplayModule*> >, std::less<std::__cxx11::basic_string<char, std::char_traits<char>, std::allocator<char> > >, std::allocator<std::pair<std::__cxx11::basic_string<char, std::char_traits<char>, std::allocator<char> > const, DisplayModule*> > >::_M_rightmost()
 .text._ZNSt8_Rb_treeINSt7__cxx1112basic_stringIcSt11char_traitsIcESaIcEEESt4pairIKS5_P13DisplayModuleESt10_Select1stISA_ESt4lessIS5_ESaISA_EE6_S_keyEPKSt18_Rb_tree_node_base
                0x080021ca       0x18 ./Core/Src/main.o
                0x080021ca                std::_Rb_tree<std::__cxx11::basic_string<char, std::char_traits<char>, std::allocator<char> >, std::pair<std::__cxx11::basic_string<char, std::char_traits<char>, std::allocator<char> > const, DisplayModule*>, std::_Select1st<std::pair<std::__cxx11::basic_string<char, std::char_traits<char>, std::allocator<char> > const, DisplayModule*> >, std::less<std::__cxx11::basic_string<char, std::char_traits<char>, std::allocator<char> > >, std::allocator<std::pair<std::__cxx11::basic_string<char, std::char_traits<char>, std::allocator<char> > const, DisplayModule*> > >::_S_key(std::_Rb_tree_node_base const*)
 .text._ZNSt4pairIPSt18_Rb_tree_node_baseS1_EC2IS1_S1_Lb1EEERKS1_S5_
                0x080021e2       0x2a ./Core/Src/main.o
                0x080021e2                std::pair<std::_Rb_tree_node_base*, std::_Rb_tree_node_base*>::pair<std::_Rb_tree_node_base*, std::_Rb_tree_node_base*, true>(std::_Rb_tree_node_base* const&, std::_Rb_tree_node_base* const&)
                0x080021e2                std::pair<std::_Rb_tree_node_base*, std::_Rb_tree_node_base*>::pair<std::_Rb_tree_node_base*, std::_Rb_tree_node_base*, true>(std::_Rb_tree_node_base* const&, std::_Rb_tree_node_base* const&)
 .text._ZNSt8_Rb_treeINSt7__cxx1112basic_stringIcSt11char_traitsIcESaIcEEESt4pairIKS5_P13DisplayModuleESt10_Select1stISA_ESt4lessIS5_ESaISA_EE24_M_get_insert_unique_posERS7_
                0x0800220c      0x10a ./Core/Src/main.o
                0x0800220c                std::_Rb_tree<std::__cxx11::basic_string<char, std::char_traits<char>, std::allocator<char> >, std::pair<std::__cxx11::basic_string<char, std::char_traits<char>, std::allocator<char> > const, DisplayModule*>, std::_Select1st<std::pair<std::__cxx11::basic_string<char, std::char_traits<char>, std::allocator<char> > const, DisplayModule*> >, std::less<std::__cxx11::basic_string<char, std::char_traits<char>, std::allocator<char> > >, std::allocator<std::pair<std::__cxx11::basic_string<char, std::char_traits<char>, std::allocator<char> > const, DisplayModule*> > >::_M_get_insert_unique_pos(std::__cxx11::basic_string<char, std::char_traits<char>, std::allocator<char> > const&)
 .text._ZNSt8_Rb_treeINSt7__cxx1112basic_stringIcSt11char_traitsIcESaIcEEESt4pairIKS5_P13DisplayModuleESt10_Select1stISA_ESt4lessIS5_ESaISA_EE11_M_leftmostEv
                0x08002316       0x18 ./Core/Src/main.o
                0x08002316                std::_Rb_tree<std::__cxx11::basic_string<char, std::char_traits<char>, std::allocator<char> >, std::pair<std::__cxx11::basic_string<char, std::char_traits<char>, std::allocator<char> > const, DisplayModule*>, std::_Select1st<std::pair<std::__cxx11::basic_string<char, std::char_traits<char>, std::allocator<char> > const, DisplayModule*> >, std::less<std::__cxx11::basic_string<char, std::char_traits<char>, std::allocator<char> > >, std::allocator<std::pair<std::__cxx11::basic_string<char, std::char_traits<char>, std::allocator<char> > const, DisplayModule*> > >::_M_leftmost()
 .text._ZNSt4pairIPSt18_Rb_tree_node_baseS1_EC2IRS1_S4_Lb1EEEOT_OT0_
                0x0800232e       0x32 ./Core/Src/main.o
                0x0800232e                std::pair<std::_Rb_tree_node_base*, std::_Rb_tree_node_base*>::pair<std::_Rb_tree_node_base*&, std::_Rb_tree_node_base*&, true>(std::_Rb_tree_node_base*&, std::_Rb_tree_node_base*&)
                0x0800232e                std::pair<std::_Rb_tree_node_base*, std::_Rb_tree_node_base*>::pair<std::_Rb_tree_node_base*&, std::_Rb_tree_node_base*&, true>(std::_Rb_tree_node_base*&, std::_Rb_tree_node_base*&)
 .text._ZNSt17_Rb_tree_iteratorISt4pairIKNSt7__cxx1112basic_stringIcSt11char_traitsIcESaIcEEEP13DisplayModuleEEmmEv
                0x08002360       0x22 ./Core/Src/main.o
                0x08002360                std::_Rb_tree_iterator<std::pair<std::__cxx11::basic_string<char, std::char_traits<char>, std::allocator<char> > const, DisplayModule*> >::operator--()
 .text._ZNSt8_Rb_treeINSt7__cxx1112basic_stringIcSt11char_traitsIcESaIcEEESt4pairIKS5_P13DisplayModuleESt10_Select1stISA_ESt4lessIS5_ESaISA_EE6_S_keyEPKSt13_Rb_tree_nodeISA_E
                0x08002382       0x26 ./Core/Src/main.o
                0x08002382                std::_Rb_tree<std::__cxx11::basic_string<char, std::char_traits<char>, std::allocator<char> >, std::pair<std::__cxx11::basic_string<char, std::char_traits<char>, std::allocator<char> > const, DisplayModule*>, std::_Select1st<std::pair<std::__cxx11::basic_string<char, std::char_traits<char>, std::allocator<char> > const, DisplayModule*> >, std::less<std::__cxx11::basic_string<char, std::char_traits<char>, std::allocator<char> > >, std::allocator<std::pair<std::__cxx11::basic_string<char, std::char_traits<char>, std::allocator<char> > const, DisplayModule*> > >::_S_key(std::_Rb_tree_node<std::pair<std::__cxx11::basic_string<char, std::char_traits<char>, std::allocator<char> > const, DisplayModule*> > const*)
 .text._ZNSt8_Rb_treeINSt7__cxx1112basic_stringIcSt11char_traitsIcESaIcEEESt4pairIKS5_P13DisplayModuleESt10_Select1stISA_ESt4lessIS5_ESaISA_EE14_M_insert_nodeEPSt18_Rb_tree_node_baseSI_PSt13_Rb_tree_nodeISA_E
                0x080023a8       0x7a ./Core/Src/main.o
                0x080023a8                std::_Rb_tree<std::__cxx11::basic_string<char, std::char_traits<char>, std::allocator<char> >, std::pair<std::__cxx11::basic_string<char, std::char_traits<char>, std::allocator<char> > const, DisplayModule*>, std::_Select1st<std::pair<std::__cxx11::basic_string<char, std::char_traits<char>, std::allocator<char> > const, DisplayModule*> >, std::less<std::__cxx11::basic_string<char, std::char_traits<char>, std::allocator<char> > >, std::allocator<std::pair<std::__cxx11::basic_string<char, std::char_traits<char>, std::allocator<char> > const, DisplayModule*> > >::_M_insert_node(std::_Rb_tree_node_base*, std::_Rb_tree_node_base*, std::_Rb_tree_node<std::pair<std::__cxx11::basic_string<char, std::char_traits<char>, std::allocator<char> > const, DisplayModule*> >*)
 .text._ZN9__gnu_cxx16__aligned_membufISt4pairIKNSt7__cxx1112basic_stringIcSt11char_traitsIcESaIcEEEP13DisplayModuleEE7_M_addrEv
                0x08002422       0x16 ./Core/Src/main.o
                0x08002422                __gnu_cxx::__aligned_membuf<std::pair<std::__cxx11::basic_string<char, std::char_traits<char>, std::allocator<char> > const, DisplayModule*> >::_M_addr()
 .text._ZNSt8_Rb_treeINSt7__cxx1112basic_stringIcSt11char_traitsIcESaIcEEESt4pairIKS5_P13DisplayModuleESt10_Select1stISA_ESt4lessIS5_ESaISA_EE21_M_get_Node_allocatorEv
                0x08002438       0x16 ./Core/Src/main.o
                0x08002438                std::_Rb_tree<std::__cxx11::basic_string<char, std::char_traits<char>, std::allocator<char> >, std::pair<std::__cxx11::basic_string<char, std::char_traits<char>, std::allocator<char> > const, DisplayModule*>, std::_Select1st<std::pair<std::__cxx11::basic_string<char, std::char_traits<char>, std::allocator<char> > const, DisplayModule*> >, std::less<std::__cxx11::basic_string<char, std::char_traits<char>, std::allocator<char> > >, std::allocator<std::pair<std::__cxx11::basic_string<char, std::char_traits<char>, std::allocator<char> > const, DisplayModule*> > >::_M_get_Node_allocator()
 .text._ZNSt16allocator_traitsISaISt13_Rb_tree_nodeISt4pairIKNSt7__cxx1112basic_stringIcSt11char_traitsIcESaIcEEEP13DisplayModuleEEEE7destroyISB_EEvRSD_PT_
                0x0800244e       0x1a ./Core/Src/main.o
                0x0800244e                void std::allocator_traits<std::allocator<std::_Rb_tree_node<std::pair<std::__cxx11::basic_string<char, std::char_traits<char>, std::allocator<char> > const, DisplayModule*> > > >::destroy<std::pair<std::__cxx11::basic_string<char, std::char_traits<char>, std::allocator<char> > const, DisplayModule*> >(std::allocator<std::_Rb_tree_node<std::pair<std::__cxx11::basic_string<char, std::char_traits<char>, std::allocator<char> > const, DisplayModule*> > >&, std::pair<std::__cxx11::basic_string<char, std::char_traits<char>, std::allocator<char> > const, DisplayModule*>*)
 .text._ZNSt16allocator_traitsISaISt13_Rb_tree_nodeISt4pairIKNSt7__cxx1112basic_stringIcSt11char_traitsIcESaIcEEEP13DisplayModuleEEEE10deallocateERSD_PSC_j
                0x08002468       0x1e ./Core/Src/main.o
                0x08002468                std::allocator_traits<std::allocator<std::_Rb_tree_node<std::pair<std::__cxx11::basic_string<char, std::char_traits<char>, std::allocator<char> > const, DisplayModule*> > > >::deallocate(std::allocator<std::_Rb_tree_node<std::pair<std::__cxx11::basic_string<char, std::char_traits<char>, std::allocator<char> > const, DisplayModule*> > >&, std::_Rb_tree_node<std::pair<std::__cxx11::basic_string<char, std::char_traits<char>, std::allocator<char> > const, DisplayModule*> >*, unsigned int)
 .text._ZNSt10_Head_baseILj0EONSt7__cxx1112basic_stringIcSt11char_traitsIcESaIcEEELb0EEC2IS5_EEOT_
                0x08002486       0x20 ./Core/Src/main.o
                0x08002486                std::_Head_base<0u, std::__cxx11::basic_string<char, std::char_traits<char>, std::allocator<char> >&&, false>::_Head_base<std::__cxx11::basic_string<char, std::char_traits<char>, std::allocator<char> > >(std::__cxx11::basic_string<char, std::char_traits<char>, std::allocator<char> >&&)
                0x08002486                std::_Head_base<0u, std::__cxx11::basic_string<char, std::char_traits<char>, std::allocator<char> >&&, false>::_Head_base<std::__cxx11::basic_string<char, std::char_traits<char>, std::allocator<char> > >(std::__cxx11::basic_string<char, std::char_traits<char>, std::allocator<char> >&&)
 .text._ZNSt8_Rb_treeINSt7__cxx1112basic_stringIcSt11char_traitsIcESaIcEEESt4pairIKS5_P13DisplayModuleESt10_Select1stISA_ESt4lessIS5_ESaISA_EE11_M_get_nodeEv
                0x080024a6       0x22 ./Core/Src/main.o
                0x080024a6                std::_Rb_tree<std::__cxx11::basic_string<char, std::char_traits<char>, std::allocator<char> >, std::pair<std::__cxx11::basic_string<char, std::char_traits<char>, std::allocator<char> > const, DisplayModule*>, std::_Select1st<std::pair<std::__cxx11::basic_string<char, std::char_traits<char>, std::allocator<char> > const, DisplayModule*> >, std::less<std::__cxx11::basic_string<char, std::char_traits<char>, std::allocator<char> > >, std::allocator<std::pair<std::__cxx11::basic_string<char, std::char_traits<char>, std::allocator<char> > const, DisplayModule*> > >::_M_get_node()
 .text._ZNSt8_Rb_treeINSt7__cxx1112basic_stringIcSt11char_traitsIcESaIcEEESt4pairIKS5_P13DisplayModuleESt10_Select1stISA_ESt4lessIS5_ESaISA_EE17_M_construct_nodeIJRKSt21piecewise_construct_tSt5tupleIJOS5_EESL_IJEEEEEvPSt13_Rb_tree_nodeISA_EDpOT_
                0x080024c8       0x5a ./Core/Src/main.o
                0x080024c8                void std::_Rb_tree<std::__cxx11::basic_string<char, std::char_traits<char>, std::allocator<char> >, std::pair<std::__cxx11::basic_string<char, std::char_traits<char>, std::allocator<char> > const, DisplayModule*>, std::_Select1st<std::pair<std::__cxx11::basic_string<char, std::char_traits<char>, std::allocator<char> > const, DisplayModule*> >, std::less<std::__cxx11::basic_string<char, std::char_traits<char>, std::allocator<char> > >, std::allocator<std::pair<std::__cxx11::basic_string<char, std::char_traits<char>, std::allocator<char> > const, DisplayModule*> > >::_M_construct_node<std::piecewise_construct_t const&, std::tuple<std::__cxx11::basic_string<char, std::char_traits<char>, std::allocator<char> >&&>, std::tuple<> >(std::_Rb_tree_node<std::pair<std::__cxx11::basic_string<char, std::char_traits<char>, std::allocator<char> > const, DisplayModule*> >*, std::piecewise_construct_t const&, std::tuple<std::__cxx11::basic_string<char, std::char_traits<char>, std::allocator<char> >&&>&&, std::tuple<>&&)
 .text._ZNSt4pairIPSt18_Rb_tree_node_baseS1_EC2IRPSt13_Rb_tree_nodeIS_IKNSt7__cxx1112basic_stringIcSt11char_traitsIcESaIcEEEP13DisplayModuleEERS1_Lb1EEEOT_OT0_
                0x08002522       0x32 ./Core/Src/main.o
                0x08002522                std::pair<std::_Rb_tree_node_base*, std::_Rb_tree_node_base*>::pair<std::_Rb_tree_node<std::pair<std::__cxx11::basic_string<char, std::char_traits<char>, std::allocator<char> > const, DisplayModule*> >*&, std::_Rb_tree_node_base*&, true>(std::_Rb_tree_node<std::pair<std::__cxx11::basic_string<char, std::char_traits<char>, std::allocator<char> > const, DisplayModule*> >*&, std::_Rb_tree_node_base*&)
                0x08002522                std::pair<std::_Rb_tree_node_base*, std::_Rb_tree_node_base*>::pair<std::_Rb_tree_node<std::pair<std::__cxx11::basic_string<char, std::char_traits<char>, std::allocator<char> > const, DisplayModule*> >*&, std::_Rb_tree_node_base*&, true>(std::_Rb_tree_node<std::pair<std::__cxx11::basic_string<char, std::char_traits<char>, std::allocator<char> > const, DisplayModule*> >*&, std::_Rb_tree_node_base*&)
 .text._ZSt7forwardIRPSt18_Rb_tree_node_baseEOT_RNSt16remove_referenceIS3_E4typeE
                0x08002554       0x16 ./Core/Src/main.o
                0x08002554                std::_Rb_tree_node_base*& std::forward<std::_Rb_tree_node_base*&>(std::remove_reference<std::_Rb_tree_node_base*&>::type&)
 .text._ZNKSt13_Rb_tree_nodeISt4pairIKNSt7__cxx1112basic_stringIcSt11char_traitsIcESaIcEEEP13DisplayModuleEE9_M_valptrEv
                0x0800256a       0x1c ./Core/Src/main.o
                0x0800256a                std::_Rb_tree_node<std::pair<std::__cxx11::basic_string<char, std::char_traits<char>, std::allocator<char> > const, DisplayModule*> >::_M_valptr() const
 .text._ZNKSt10_Select1stISt4pairIKNSt7__cxx1112basic_stringIcSt11char_traitsIcESaIcEEEP13DisplayModuleEEclERKSA_
                0x08002586       0x18 ./Core/Src/main.o
                0x08002586                std::_Select1st<std::pair<std::__cxx11::basic_string<char, std::char_traits<char>, std::allocator<char> > const, DisplayModule*> >::operator()(std::pair<std::__cxx11::basic_string<char, std::char_traits<char>, std::allocator<char> > const, DisplayModule*> const&) const
 .text._ZNSt4pairIKNSt7__cxx1112basic_stringIcSt11char_traitsIcESaIcEEEP13DisplayModuleED2Ev
                0x0800259e       0x1a ./Core/Src/main.o
                0x0800259e                std::pair<std::__cxx11::basic_string<char, std::char_traits<char>, std::allocator<char> > const, DisplayModule*>::~pair()
                0x0800259e                std::pair<std::__cxx11::basic_string<char, std::char_traits<char>, std::allocator<char> > const, DisplayModule*>::~pair()
 .text._ZNSt15__new_allocatorISt13_Rb_tree_nodeISt4pairIKNSt7__cxx1112basic_stringIcSt11char_traitsIcESaIcEEEP13DisplayModuleEEE7destroyISB_EEvPT_
                0x080025b8       0x18 ./Core/Src/main.o
                0x080025b8                void std::__new_allocator<std::_Rb_tree_node<std::pair<std::__cxx11::basic_string<char, std::char_traits<char>, std::allocator<char> > const, DisplayModule*> > >::destroy<std::pair<std::__cxx11::basic_string<char, std::char_traits<char>, std::allocator<char> > const, DisplayModule*> >(std::pair<std::__cxx11::basic_string<char, std::char_traits<char>, std::allocator<char> > const, DisplayModule*>*)
 .text._ZNSt15__new_allocatorISt13_Rb_tree_nodeISt4pairIKNSt7__cxx1112basic_stringIcSt11char_traitsIcESaIcEEEP13DisplayModuleEEE10deallocateEPSC_j
                0x080025d0       0x24 ./Core/Src/main.o
                0x080025d0                std::__new_allocator<std::_Rb_tree_node<std::pair<std::__cxx11::basic_string<char, std::char_traits<char>, std::allocator<char> > const, DisplayModule*> > >::deallocate(std::_Rb_tree_node<std::pair<std::__cxx11::basic_string<char, std::char_traits<char>, std::allocator<char> > const, DisplayModule*> >*, unsigned int)
 .text._ZNSt16allocator_traitsISaISt13_Rb_tree_nodeISt4pairIKNSt7__cxx1112basic_stringIcSt11char_traitsIcESaIcEEEP13DisplayModuleEEEE8allocateERSD_j
                0x080025f4       0x1e ./Core/Src/main.o
                0x080025f4                std::allocator_traits<std::allocator<std::_Rb_tree_node<std::pair<std::__cxx11::basic_string<char, std::char_traits<char>, std::allocator<char> > const, DisplayModule*> > > >::allocate(std::allocator<std::_Rb_tree_node<std::pair<std::__cxx11::basic_string<char, std::char_traits<char>, std::allocator<char> > const, DisplayModule*> > >&, unsigned int)
 .text._ZNSt16allocator_traitsISaISt13_Rb_tree_nodeISt4pairIKNSt7__cxx1112basic_stringIcSt11char_traitsIcESaIcEEEP13DisplayModuleEEEE9constructISB_JRKSt21piecewise_construct_tSt5tupleIJOS7_EESJ_IJEEEEEvRSD_PT_DpOT0_
                0x08002612       0x3c ./Core/Src/main.o
                0x08002612                void std::allocator_traits<std::allocator<std::_Rb_tree_node<std::pair<std::__cxx11::basic_string<char, std::char_traits<char>, std::allocator<char> > const, DisplayModule*> > > >::construct<std::pair<std::__cxx11::basic_string<char, std::char_traits<char>, std::allocator<char> > const, DisplayModule*>, std::piecewise_construct_t const&, std::tuple<std::__cxx11::basic_string<char, std::char_traits<char>, std::allocator<char> >&&>, std::tuple<> >(std::allocator<std::_Rb_tree_node<std::pair<std::__cxx11::basic_string<char, std::char_traits<char>, std::allocator<char> > const, DisplayModule*> > >&, std::pair<std::__cxx11::basic_string<char, std::char_traits<char>, std::allocator<char> > const, DisplayModule*>*, std::piecewise_construct_t const&, std::tuple<std::__cxx11::basic_string<char, std::char_traits<char>, std::allocator<char> >&&>&&, std::tuple<>&&)
 .text._ZSt7forwardIRPSt13_Rb_tree_nodeISt4pairIKNSt7__cxx1112basic_stringIcSt11char_traitsIcESaIcEEEP13DisplayModuleEEEOT_RNSt16remove_referenceISF_E4typeE
                0x0800264e       0x16 ./Core/Src/main.o
                0x0800264e                std::_Rb_tree_node<std::pair<std::__cxx11::basic_string<char, std::char_traits<char>, std::allocator<char> > const, DisplayModule*> >*& std::forward<std::_Rb_tree_node<std::pair<std::__cxx11::basic_string<char, std::char_traits<char>, std::allocator<char> > const, DisplayModule*> >*&>(std::remove_reference<std::_Rb_tree_node<std::pair<std::__cxx11::basic_string<char, std::char_traits<char>, std::allocator<char> > const, DisplayModule*> >*&>::type&)
 .text._ZNK9__gnu_cxx16__aligned_membufISt4pairIKNSt7__cxx1112basic_stringIcSt11char_traitsIcESaIcEEEP13DisplayModuleEE6_M_ptrEv
                0x08002664       0x18 ./Core/Src/main.o
                0x08002664                __gnu_cxx::__aligned_membuf<std::pair<std::__cxx11::basic_string<char, std::char_traits<char>, std::allocator<char> > const, DisplayModule*> >::_M_ptr() const
 .text._ZNSt15__new_allocatorISt13_Rb_tree_nodeISt4pairIKNSt7__cxx1112basic_stringIcSt11char_traitsIcESaIcEEEP13DisplayModuleEEE8allocateEjPKv
                0x0800267c       0x5c ./Core/Src/main.o
                0x0800267c                std::__new_allocator<std::_Rb_tree_node<std::pair<std::__cxx11::basic_string<char, std::char_traits<char>, std::allocator<char> > const, DisplayModule*> > >::allocate(unsigned int, void const*)
 .text._ZNSt15__new_allocatorISt13_Rb_tree_nodeISt4pairIKNSt7__cxx1112basic_stringIcSt11char_traitsIcESaIcEEEP13DisplayModuleEEE9constructISB_JRKSt21piecewise_construct_tSt5tupleIJOS7_EESI_IJEEEEEvPT_DpOT0_
                0x080026d8       0x50 ./Core/Src/main.o
                0x080026d8                void std::__new_allocator<std::_Rb_tree_node<std::pair<std::__cxx11::basic_string<char, std::char_traits<char>, std::allocator<char> > const, DisplayModule*> > >::construct<std::pair<std::__cxx11::basic_string<char, std::char_traits<char>, std::allocator<char> > const, DisplayModule*>, std::piecewise_construct_t const&, std::tuple<std::__cxx11::basic_string<char, std::char_traits<char>, std::allocator<char> >&&>, std::tuple<> >(std::pair<std::__cxx11::basic_string<char, std::char_traits<char>, std::allocator<char> > const, DisplayModule*>*, std::piecewise_construct_t const&, std::tuple<std::__cxx11::basic_string<char, std::char_traits<char>, std::allocator<char> >&&>&&, std::tuple<>&&)
 .text._ZNK9__gnu_cxx16__aligned_membufISt4pairIKNSt7__cxx1112basic_stringIcSt11char_traitsIcESaIcEEEP13DisplayModuleEE7_M_addrEv
                0x08002728       0x16 ./Core/Src/main.o
                0x08002728                __gnu_cxx::__aligned_membuf<std::pair<std::__cxx11::basic_string<char, std::char_traits<char>, std::allocator<char> > const, DisplayModule*> >::_M_addr() const
 *fill*         0x0800273e        0x2 
 .text._ZNKSt15__new_allocatorISt13_Rb_tree_nodeISt4pairIKNSt7__cxx1112basic_stringIcSt11char_traitsIcESaIcEEEP13DisplayModuleEEE11_M_max_sizeEv
                0x08002740       0x1c ./Core/Src/main.o
                0x08002740                std::__new_allocator<std::_Rb_tree_node<std::pair<std::__cxx11::basic_string<char, std::char_traits<char>, std::allocator<char> > const, DisplayModule*> > >::_M_max_size() const
 .text._ZNSt4pairIKNSt7__cxx1112basic_stringIcSt11char_traitsIcESaIcEEEP13DisplayModuleEC2IJOS5_EJEEESt21piecewise_construct_tSt5tupleIJDpT_EESD_IJDpT0_EE
                0x0800275c       0x28 ./Core/Src/main.o
                0x0800275c                std::pair<std::__cxx11::basic_string<char, std::char_traits<char>, std::allocator<char> > const, DisplayModule*>::pair<std::__cxx11::basic_string<char, std::char_traits<char>, std::allocator<char> >&&>(std::piecewise_construct_t, std::tuple<std::__cxx11::basic_string<char, std::char_traits<char>, std::allocator<char> >&&>, std::tuple<>)
                0x0800275c                std::pair<std::__cxx11::basic_string<char, std::char_traits<char>, std::allocator<char> > const, DisplayModule*>::pair<std::__cxx11::basic_string<char, std::char_traits<char>, std::allocator<char> >&&>(std::piecewise_construct_t, std::tuple<std::__cxx11::basic_string<char, std::char_traits<char>, std::allocator<char> >&&>, std::tuple<>)
 .text._ZNSt4pairIKNSt7__cxx1112basic_stringIcSt11char_traitsIcESaIcEEEP13DisplayModuleEC2IJOS5_EJLj0EEJEJEEERSt5tupleIJDpT_EERSC_IJDpT1_EESt12_Index_tupleIJXspT0_EEESL_IJXspT2_EEE
                0x08002784       0x38 ./Core/Src/main.o
                0x08002784                std::pair<std::__cxx11::basic_string<char, std::char_traits<char>, std::allocator<char> > const, DisplayModule*>::pair<std::__cxx11::basic_string<char, std::char_traits<char>, std::allocator<char> >&&, 0u>(std::tuple<std::__cxx11::basic_string<char, std::char_traits<char>, std::allocator<char> >&&>&, std::tuple<>&, std::_Index_tuple<0u>, std::_Index_tuple<>)
                0x08002784                std::pair<std::__cxx11::basic_string<char, std::char_traits<char>, std::allocator<char> > const, DisplayModule*>::pair<std::__cxx11::basic_string<char, std::char_traits<char>, std::allocator<char> >&&, 0u>(std::tuple<std::__cxx11::basic_string<char, std::char_traits<char>, std::allocator<char> >&&>&, std::tuple<>&, std::_Index_tuple<0u>, std::_Index_tuple<>)
 .text._ZSt3getILj0EJONSt7__cxx1112basic_stringIcSt11char_traitsIcESaIcEEEEERNSt13tuple_elementIXT_ESt5tupleIJDpT0_EEE4typeERSB_
                0x080027bc       0x1a ./Core/Src/main.o
                0x080027bc                std::tuple_element<0u, std::tuple<std::__cxx11::basic_string<char, std::char_traits<char>, std::allocator<char> >&&> >::type& std::get<0u, std::__cxx11::basic_string<char, std::char_traits<char>, std::allocator<char> >&&>(std::tuple<std::__cxx11::basic_string<char, std::char_traits<char>, std::allocator<char> >&&>&)
 .text._ZSt7forwardIONSt7__cxx1112basic_stringIcSt11char_traitsIcESaIcEEEEOT_RNSt16remove_referenceIS7_E4typeE
                0x080027d6       0x16 ./Core/Src/main.o
                0x080027d6                std::__cxx11::basic_string<char, std::char_traits<char>, std::allocator<char> >&& std::forward<std::__cxx11::basic_string<char, std::char_traits<char>, std::allocator<char> >&&>(std::remove_reference<std::__cxx11::basic_string<char, std::char_traits<char>, std::allocator<char> >&&>::type&)
 .text._ZSt12__get_helperILj0EONSt7__cxx1112basic_stringIcSt11char_traitsIcESaIcEEEJEERT0_RSt11_Tuple_implIXT_EJS7_DpT1_EE
                0x080027ec       0x18 ./Core/Src/main.o
                0x080027ec                std::__cxx11::basic_string<char, std::char_traits<char>, std::allocator<char> >& std::__get_helper<0u, std::__cxx11::basic_string<char, std::char_traits<char>, std::allocator<char> >&&>(std::_Tuple_impl<0u, std::__cxx11::basic_string<char, std::char_traits<char>, std::allocator<char> >&&>&)
 .text._ZNSt11_Tuple_implILj0EJONSt7__cxx1112basic_stringIcSt11char_traitsIcESaIcEEEEE7_M_headERS7_
                0x08002804       0x1a ./Core/Src/main.o
                0x08002804                std::_Tuple_impl<0u, std::__cxx11::basic_string<char, std::char_traits<char>, std::allocator<char> >&&>::_M_head(std::_Tuple_impl<0u, std::__cxx11::basic_string<char, std::char_traits<char>, std::allocator<char> >&&>&)
 .text._ZNSt10_Head_baseILj0EONSt7__cxx1112basic_stringIcSt11char_traitsIcESaIcEEELb0EE7_M_headERS7_
                0x0800281e       0x18 ./Core/Src/main.o
                0x0800281e                std::_Head_base<0u, std::__cxx11::basic_string<char, std::char_traits<char>, std::allocator<char> >&&, false>::_M_head(std::_Head_base<0u, std::__cxx11::basic_string<char, std::char_traits<char>, std::allocator<char> >&&, false>&)
 .text._ZNSt3mapINSt7__cxx1112basic_stringIcSt11char_traitsIcESaIcEEEP13DisplayModuleSt4lessIS5_ESaISt4pairIKS5_S7_EEED2Ev
                0x08002836       0x1a ./Core/Src/main.o
                0x08002836                std::map<std::__cxx11::basic_string<char, std::char_traits<char>, std::allocator<char> >, DisplayModule*, std::less<std::__cxx11::basic_string<char, std::char_traits<char>, std::allocator<char> > >, std::allocator<std::pair<std::__cxx11::basic_string<char, std::char_traits<char>, std::allocator<char> > const, DisplayModule*> > >::~map()
                0x08002836                std::map<std::__cxx11::basic_string<char, std::char_traits<char>, std::allocator<char> >, DisplayModule*, std::less<std::__cxx11::basic_string<char, std::char_traits<char>, std::allocator<char> > >, std::allocator<std::pair<std::__cxx11::basic_string<char, std::char_traits<char>, std::allocator<char> > const, DisplayModule*> > >::~map()
 .text._Z41__static_initialization_and_destruction_0ii
                0x08002850       0x44 ./Core/Src/main.o
 .text._GLOBAL__sub_I_ready_for_cmd
                0x08002894       0x10 ./Core/Src/main.o
 .text._GLOBAL__sub_D_ready_for_cmd
                0x080028a4       0x10 ./Core/Src/main.o
 .text.HAL_TIM_PeriodElapsedCallback
                0x080028b4       0x48 ./Core/Src/my_tims_irq.o
                0x080028b4                HAL_TIM_PeriodElapsedCallback
 .text._ZN12StepperMotorC2EP17TIM_HandleTypeDefP12GPIO_TypeDeftS3_tS3_tS3_t
                0x080028fc       0xba ./Core/Src/stepper_motor.o
                0x080028fc                StepperMotor::StepperMotor(TIM_HandleTypeDef*, GPIO_TypeDef*, unsigned short, GPIO_TypeDef*, unsigned short, GPIO_TypeDef*, unsigned short, GPIO_TypeDef*, unsigned short)
                0x080028fc                StepperMotor::StepperMotor(TIM_HandleTypeDef*, GPIO_TypeDef*, unsigned short, GPIO_TypeDef*, unsigned short, GPIO_TypeDef*, unsigned short, GPIO_TypeDef*, unsigned short)
 .text._ZN12StepperMotor14setPositionDegEm9Direction
                0x080029b6       0x3a ./Core/Src/stepper_motor.o
                0x080029b6                StepperMotor::setPositionDeg(unsigned long, Direction)
 .text._ZN12StepperMotor7motorGoE9Direction
                0x080029f0       0x28 ./Core/Src/stepper_motor.o
                0x080029f0                StepperMotor::motorGo(Direction)
 .text._ZN12StepperMotor9motorStopEv
                0x08002a18       0x1a ./Core/Src/stepper_motor.o
                0x08002a18                StepperMotor::motorStop()
 *fill*         0x08002a32        0x2 
 .text._ZN12StepperMotor14setCorrectStepE9Direction
                0x08002a34      0x14c ./Core/Src/stepper_motor.o
                0x08002a34                StepperMotor::setCorrectStep(Direction)
 .text._ZN12StepperMotor9selectPinE9Direction
                0x08002b80       0x9c ./Core/Src/stepper_motor.o
                0x08002b80                StepperMotor::selectPin(Direction)
 .text._ZN12StepperMotor20calculatePositionDegEv
                0x08002c1c       0x5c ./Core/Src/stepper_motor.o
                0x08002c1c                StepperMotor::calculatePositionDeg()
 .text.HAL_MspInit
                0x08002c78       0x50 ./Core/Src/stm32f4xx_hal_msp.o
                0x08002c78                HAL_MspInit
 .text.NMI_Handler
                0x08002cc8        0x8 ./Core/Src/stm32f4xx_it.o
                0x08002cc8                NMI_Handler
 .text.HardFault_Handler
                0x08002cd0        0x8 ./Core/Src/stm32f4xx_it.o
                0x08002cd0                HardFault_Handler
 .text.MemManage_Handler
                0x08002cd8        0x8 ./Core/Src/stm32f4xx_it.o
                0x08002cd8                MemManage_Handler
 .text.BusFault_Handler
                0x08002ce0        0x8 ./Core/Src/stm32f4xx_it.o
                0x08002ce0                BusFault_Handler
 .text.UsageFault_Handler
                0x08002ce8        0x8 ./Core/Src/stm32f4xx_it.o
                0x08002ce8                UsageFault_Handler
 .text.SVC_Handler
                0x08002cf0        0xe ./Core/Src/stm32f4xx_it.o
                0x08002cf0                SVC_Handler
 .text.DebugMon_Handler
                0x08002cfe        0xe ./Core/Src/stm32f4xx_it.o
                0x08002cfe                DebugMon_Handler
 .text.PendSV_Handler
                0x08002d0c        0xe ./Core/Src/stm32f4xx_it.o
                0x08002d0c                PendSV_Handler
 .text.SysTick_Handler
                0x08002d1a        0xc ./Core/Src/stm32f4xx_it.o
                0x08002d1a                SysTick_Handler
 *fill*         0x08002d26        0x2 
 .text.TIM1_UP_TIM10_IRQHandler
                0x08002d28       0x14 ./Core/Src/stm32f4xx_it.o
                0x08002d28                TIM1_UP_TIM10_IRQHandler
 .text.TIM2_IRQHandler
                0x08002d3c       0x14 ./Core/Src/stm32f4xx_it.o
                0x08002d3c                TIM2_IRQHandler
 .text.USART1_IRQHandler
                0x08002d50       0x14 ./Core/Src/stm32f4xx_it.o