Archive member included to satisfy reference by file (symbol)

C:/ST/STM32CubeIDE_1.16.0/STM32CubeIDE/plugins/com.st.stm32cube.ide.mcu.externaltools.gnu-tools-for-stm32.12.3.rel1.win32_1.0.200.202406191623/tools/bin/../lib/gcc/arm-none-eabi/12.3.1/../../../../arm-none-eabi/lib/thumb/v7e-m+fp/hard\libc_nano.a(libc_a-exit.o)
                              C:/ST/STM32CubeIDE_1.16.0/STM32CubeIDE/plugins/com.st.stm32cube.ide.mcu.externaltools.gnu-tools-for-stm32.12.3.rel1.win32_1.0.200.202406191623/tools/bin/../lib/gcc/arm-none-eabi/12.3.1/../../../../arm-none-eabi/lib/thumb/v7e-m+fp/hard/crt0.o (exit)
C:/ST/STM32CubeIDE_1.16.0/STM32CubeIDE/plugins/com.st.stm32cube.ide.mcu.externaltools.gnu-tools-for-stm32.12.3.rel1.win32_1.0.200.202406191623/tools/bin/../lib/gcc/arm-none-eabi/12.3.1/../../../../arm-none-eabi/lib/thumb/v7e-m+fp/hard\libc_nano.a(libc_a-findfp.o)
                              C:/ST/STM32CubeIDE_1.16.0/STM32CubeIDE/plugins/com.st.stm32cube.ide.mcu.externaltools.gnu-tools-for-stm32.12.3.rel1.win32_1.0.200.202406191623/tools/bin/../lib/gcc/arm-none-eabi/12.3.1/../../../../arm-none-eabi/lib/thumb/v7e-m+fp/hard\libc_nano.a(libc_a-exit.o) (__stdio_exit_handler)
C:/ST/STM32CubeIDE_1.16.0/STM32CubeIDE/plugins/com.st.stm32cube.ide.mcu.externaltools.gnu-tools-for-stm32.12.3.rel1.win32_1.0.200.202406191623/tools/bin/../lib/gcc/arm-none-eabi/12.3.1/../../../../arm-none-eabi/lib/thumb/v7e-m+fp/hard\libc_nano.a(libc_a-fwalk.o)
                              C:/ST/STM32CubeIDE_1.16.0/STM32CubeIDE/plugins/com.st.stm32cube.ide.mcu.externaltools.gnu-tools-for-stm32.12.3.rel1.win32_1.0.200.202406191623/tools/bin/../lib/gcc/arm-none-eabi/12.3.1/../../../../arm-none-eabi/lib/thumb/v7e-m+fp/hard\libc_nano.a(libc_a-findfp.o) (_fwalk_sglue)
C:/ST/STM32CubeIDE_1.16.0/STM32CubeIDE/plugins/com.st.stm32cube.ide.mcu.externaltools.gnu-tools-for-stm32.12.3.rel1.win32_1.0.200.202406191623/tools/bin/../lib/gcc/arm-none-eabi/12.3.1/../../../../arm-none-eabi/lib/thumb/v7e-m+fp/hard\libc_nano.a(libc_a-stdio.o)
                              C:/ST/STM32CubeIDE_1.16.0/STM32CubeIDE/plugins/com.st.stm32cube.ide.mcu.externaltools.gnu-tools-for-stm32.12.3.rel1.win32_1.0.200.202406191623/tools/bin/../lib/gcc/arm-none-eabi/12.3.1/../../../../arm-none-eabi/lib/thumb/v7e-m+fp/hard\libc_nano.a(libc_a-findfp.o) (__sread)
C:/ST/STM32CubeIDE_1.16.0/STM32CubeIDE/plugins/com.st.stm32cube.ide.mcu.externaltools.gnu-tools-for-stm32.12.3.rel1.win32_1.0.200.202406191623/tools/bin/../lib/gcc/arm-none-eabi/12.3.1/../../../../arm-none-eabi/lib/thumb/v7e-m+fp/hard\libc_nano.a(libc_a-memset.o)
                              C:/ST/STM32CubeIDE_1.16.0/STM32CubeIDE/plugins/com.st.stm32cube.ide.mcu.externaltools.gnu-tools-for-stm32.12.3.rel1.win32_1.0.200.202406191623/tools/bin/../lib/gcc/arm-none-eabi/12.3.1/../../../../arm-none-eabi/lib/thumb/v7e-m+fp/hard/crt0.o (memset)
C:/ST/STM32CubeIDE_1.16.0/STM32CubeIDE/plugins/com.st.stm32cube.ide.mcu.externaltools.gnu-tools-for-stm32.12.3.rel1.win32_1.0.200.202406191623/tools/bin/../lib/gcc/arm-none-eabi/12.3.1/../../../../arm-none-eabi/lib/thumb/v7e-m+fp/hard\libc_nano.a(libc_a-closer.o)
                              C:/ST/STM32CubeIDE_1.16.0/STM32CubeIDE/plugins/com.st.stm32cube.ide.mcu.externaltools.gnu-tools-for-stm32.12.3.rel1.win32_1.0.200.202406191623/tools/bin/../lib/gcc/arm-none-eabi/12.3.1/../../../../arm-none-eabi/lib/thumb/v7e-m+fp/hard\libc_nano.a(libc_a-stdio.o) (_close_r)
C:/ST/STM32CubeIDE_1.16.0/STM32CubeIDE/plugins/com.st.stm32cube.ide.mcu.externaltools.gnu-tools-for-stm32.12.3.rel1.win32_1.0.200.202406191623/tools/bin/../lib/gcc/arm-none-eabi/12.3.1/../../../../arm-none-eabi/lib/thumb/v7e-m+fp/hard\libc_nano.a(libc_a-reent.o)
                              C:/ST/STM32CubeIDE_1.16.0/STM32CubeIDE/plugins/com.st.stm32cube.ide.mcu.externaltools.gnu-tools-for-stm32.12.3.rel1.win32_1.0.200.202406191623/tools/bin/../lib/gcc/arm-none-eabi/12.3.1/../../../../arm-none-eabi/lib/thumb/v7e-m+fp/hard\libc_nano.a(libc_a-closer.o) (errno)
C:/ST/STM32CubeIDE_1.16.0/STM32CubeIDE/plugins/com.st.stm32cube.ide.mcu.externaltools.gnu-tools-for-stm32.12.3.rel1.win32_1.0.200.202406191623/tools/bin/../lib/gcc/arm-none-eabi/12.3.1/../../../../arm-none-eabi/lib/thumb/v7e-m+fp/hard\libc_nano.a(libc_a-impure.o)
                              C:/ST/STM32CubeIDE_1.16.0/STM32CubeIDE/plugins/com.st.stm32cube.ide.mcu.externaltools.gnu-tools-for-stm32.12.3.rel1.win32_1.0.200.202406191623/tools/bin/../lib/gcc/arm-none-eabi/12.3.1/../../../../arm-none-eabi/lib/thumb/v7e-m+fp/hard\libc_nano.a(libc_a-reent.o) (_impure_ptr)
C:/ST/STM32CubeIDE_1.16.0/STM32CubeIDE/plugins/com.st.stm32cube.ide.mcu.externaltools.gnu-tools-for-stm32.12.3.rel1.win32_1.0.200.202406191623/tools/bin/../lib/gcc/arm-none-eabi/12.3.1/../../../../arm-none-eabi/lib/thumb/v7e-m+fp/hard\libc_nano.a(libc_a-lseekr.o)
[...]
Memory Configuration

Name             Origin             Length             Attributes
RAM              0x20000000         0x00010000         xrw
FLASH            0x08000000         0x00040000         xr
*default*        0x00000000         0xffffffff

Linker script and memory map

LOAD C:/ST/STM32CubeIDE_1.16.0/STM32CubeIDE/plugins/com.st.stm32cube.ide.mcu.externaltools.gnu-tools-for-stm32.12.3.rel1.win32_1.0.200.202406191623/tools/bin/../lib/gcc/arm-none-eabi/12.3.1/thumb/v7e-m+fp/hard/crti.o
LOAD C:/ST/STM32CubeIDE_1.16.0/STM32CubeIDE/plugins/com.st.stm32cube.ide.mcu.externaltools.gnu-tools-for-stm32.12.3.rel1.win32_1.0.200.202406191623/tools/bin/../lib/gcc/arm-none-eabi/12.3.1/thumb/v7e-m+fp/hard/crtbegin.o
LOAD C:/ST/STM32CubeIDE_1.16.0/STM32CubeIDE/plugins/com.st.stm32cube.ide.mcu.externaltools.gnu-tools-for-stm32.12.3.rel1.win32_1.0.200.202406191623/tools/bin/../lib/gcc/arm-none-eabi/12.3.1/../../../../arm-none-eabi/lib/thumb/v7e-m+fp/hard/crt0.o
LOAD ./Core/Src/adc.o
LOAD ./Core/Src/getters.o
LOAD ./Core/Src/gpio.o
LOAD ./Core/Src/irq.o
LOAD ./Core/Src/main.o
LOAD ./Core/Src/stm32f4xx_hal_msp.o
LOAD ./Core/Src/stm32f4xx_it.o
LOAD ./Core/Src/syscalls.o
LOAD ./Core/Src/sysmem.o
LOAD ./Core/Src/system_stm32f4xx.o
LOAD ./Core/Startup/startup_stm32f401rctx.o
LOAD ./Drivers/STM32F4xx_HAL_Driver/Src/stm32f4xx_hal.o
LOAD ./Drivers/STM32F4xx_HAL_Driver/Src/stm32f4xx_hal_adc.o
LOAD ./Drivers/STM32F4xx_HAL_Driver/Src/stm32f4xx_hal_adc_ex.o
LOAD ./Drivers/STM32F4xx_HAL_Driver/Src/stm32f4xx_hal_cortex.o
LOAD ./Drivers/STM32F4xx_HAL_Driver/Src/stm32f4xx_hal_dma.o
LOAD ./Drivers/STM32F4xx_HAL_Driver/Src/stm32f4xx_hal_dma_ex.o
LOAD ./Drivers/STM32F4xx_HAL_Driver/Src/stm32f4xx_hal_exti.o
LOAD ./Drivers/STM32F4xx_HAL_Driver/Src/stm32f4xx_hal_flash.o
LOAD ./Drivers/STM32F4xx_HAL_Driver/Src/stm32f4xx_hal_flash_ex.o
LOAD ./Drivers/STM32F4xx_HAL_Driver/Src/stm32f4xx_hal_flash_ramfunc.o
LOAD ./Drivers/STM32F4xx_HAL_Driver/Src/stm32f4xx_hal_gpio.o
LOAD ./Drivers/STM32F4xx_HAL_Driver/Src/stm32f4xx_hal_pcd.o
LOAD ./Drivers/STM32F4xx_HAL_Driver/Src/stm32f4xx_hal_pcd_ex.o
LOAD ./Drivers/STM32F4xx_HAL_Driver/Src/stm32f4xx_hal_pwr.o
LOAD ./Drivers/STM32F4xx_HAL_Driver/Src/stm32f4xx_hal_pwr_ex.o
LOAD ./Drivers/STM32F4xx_HAL_Driver/Src/stm32f4xx_hal_rcc.o
LOAD ./Drivers/STM32F4xx_HAL_Driver/Src/stm32f4xx_hal_rcc_ex.o
LOAD ./Drivers/STM32F4xx_HAL_Driver/Src/stm32f4xx_hal_tim.o
LOAD ./Drivers/STM32F4xx_HAL_Driver/Src/stm32f4xx_hal_tim_ex.o
LOAD ./Drivers/STM32F4xx_HAL_Driver/Src/stm32f4xx_ll_adc.o
LOAD ./Drivers/STM32F4xx_HAL_Driver/Src/stm32f4xx_ll_usb.o
LOAD ./Middlewares/ST/STM32_USB_Device_Library/Class/CustomHID/Src/usbd_customhid.o
LOAD ./Middlewares/ST/STM32_USB_Device_Library/Core/Src/usbd_core.o
LOAD ./Middlewares/ST/STM32_USB_Device_Library/Core/Src/usbd_ctlreq.o
LOAD ./Middlewares/ST/STM32_USB_Device_Library/Core/Src/usbd_ioreq.o
LOAD ./USB_DEVICE/App/usb_device.o
LOAD ./USB_DEVICE/App/usbd_custom_hid_if.o
LOAD ./USB_DEVICE/App/usbd_desc.o
LOAD ./USB_DEVICE/Target/usbd_conf.o
START GROUP
LOAD C:/ST/STM32CubeIDE_1.16.0/STM32CubeIDE/plugins/com.st.stm32cube.ide.mcu.externaltools.gnu-tools-for-stm32.12.3.rel1.win32_1.0.200.202406191623/tools/bin/../lib/gcc/arm-none-eabi/12.3.1/../../../../arm-none-eabi/lib/thumb/v7e-m+fp/hard\libstdc++_nano.a
LOAD C:/ST/STM32CubeIDE_1.16.0/STM32CubeIDE/plugins/com.st.stm32cube.ide.mcu.externaltools.gnu-tools-for-stm32.12.3.rel1.win32_1.0.200.202406191623/tools/bin/../lib/gcc/arm-none-eabi/12.3.1/../../../../arm-none-eabi/lib/thumb/v7e-m+fp/hard\libsupc++_nano.a
END GROUP
LOAD C:/ST/STM32CubeIDE_1.16.0/STM32CubeIDE/plugins/com.st.stm32cube.ide.mcu.externaltools.gnu-tools-for-stm32.12.3.rel1.win32_1.0.200.202406191623/tools/bin/../lib/gcc/arm-none-eabi/12.3.1/../../../../arm-none-eabi/lib/thumb/v7e-m+fp/hard\libstdc++_nano.a
LOAD C:/ST/STM32CubeIDE_1.16.0/STM32CubeIDE/plugins/com.st.stm32cube.ide.mcu.externaltools.gnu-tools-for-stm32.12.3.rel1.win32_1.0.200.202406191623/tools/bin/../lib/gcc/arm-none-eabi/12.3.1/../../../../arm-none-eabi/lib/thumb/v7e-m+fp/hard\libm.a
LOAD C:/ST/STM32CubeIDE_1.16.0/STM32CubeIDE/plugins/com.st.stm32cube.ide.mcu.externaltools.gnu-tools-for-stm32.12.3.rel1.win32_1.0.200.202406191623/tools/bin/../lib/gcc/arm-none-eabi/12.3.1/../../../../arm-none-eabi/lib/thumb/v7e-m+fp/hard\libc_nano.a
START GROUP
LOAD C:/ST/STM32CubeIDE_1.16.0/STM32CubeIDE/plugins/com.st.stm32cube.ide.mcu.externaltools.gnu-tools-for-stm32.12.3.rel1.win32_1.0.200.202406191623/tools/bin/../lib/gcc/arm-none-eabi/12.3.1/thumb/v7e-m+fp/hard\libgcc.a
LOAD C:/ST/STM32CubeIDE_1.16.0/STM32CubeIDE/plugins/com.st.stm32cube.ide.mcu.externaltools.gnu-tools-for-stm32.12.3.rel1.win32_1.0.200.202406191623/tools/bin/../lib/gcc/arm-none-eabi/12.3.1/../../../../arm-none-eabi/lib/thumb/v7e-m+fp/hard\libc_nano.a
END GROUP
START GROUP
LOAD C:/ST/STM32CubeIDE_1.16.0/STM32CubeIDE/plugins/com.st.stm32cube.ide.mcu.externaltools.gnu-tools-for-stm32.12.3.rel1.win32_1.0.200.202406191623/tools/bin/../lib/gcc/arm-none-eabi/12.3.1/thumb/v7e-m+fp/hard\libgcc.a
LOAD C:/ST/STM32CubeIDE_1.16.0/STM32CubeIDE/plugins/com.st.stm32cube.ide.mcu.externaltools.gnu-tools-for-stm32.12.3.rel1.win32_1.0.200.202406191623/tools/bin/../lib/gcc/arm-none-eabi/12.3.1/../../../../arm-none-eabi/lib/thumb/v7e-m+fp/hard\libc_nano.a
LOAD C:/ST/STM32CubeIDE_1.16.0/STM32CubeIDE/plugins/com.st.stm32cube.ide.mcu.externaltools.gnu-tools-for-stm32.12.3.rel1.win32_1.0.200.202406191623/tools/bin/../lib/gcc/arm-none-eabi/12.3.1/../../../../arm-none-eabi/lib/thumb/v7e-m+fp/hard\libnosys.a
END GROUP
START GROUP
LOAD C:/ST/STM32CubeIDE_1.16.0/STM32CubeIDE/plugins/com.st.stm32cube.ide.mcu.externaltools.gnu-tools-for-stm32.12.3.rel1.win32_1.0.200.202406191623/tools/bin/../lib/gcc/arm-none-eabi/12.3.1/thumb/v7e-m+fp/hard\libgcc.a
LOAD C:/ST/STM32CubeIDE_1.16.0/STM32CubeIDE/plugins/com.st.stm32cube.ide.mcu.externaltools.gnu-tools-for-stm32.12.3.rel1.win32_1.0.200.202406191623/tools/bin/../lib/gcc/arm-none-eabi/12.3.1/../../../../arm-none-eabi/lib/thumb/v7e-m+fp/hard\libc_nano.a
LOAD C:/ST/STM32CubeIDE_1.16.0/STM32CubeIDE/plugins/com.st.stm32cube.ide.mcu.externaltools.gnu-tools-for-stm32.12.3.rel1.win32_1.0.200.202406191623/tools/bin/../lib/gcc/arm-none-eabi/12.3.1/../../../../arm-none-eabi/lib/thumb/v7e-m+fp/hard\libnosys.a
END GROUP
LOAD C:/ST/STM32CubeIDE_1.16.0/STM32CubeIDE/plugins/com.st.stm32cube.ide.mcu.externaltools.gnu-tools-for-stm32.12.3.rel1.win32_1.0.200.202406191623/tools/bin/../lib/gcc/arm-none-eabi/12.3.1/thumb/v7e-m+fp/hard/crtend.o
LOAD C:/ST/STM32CubeIDE_1.16.0/STM32CubeIDE/plugins/com.st.stm32cube.ide.mcu.externaltools.gnu-tools-for-stm32.12.3.rel1.win32_1.0.200.202406191623/tools/bin/../lib/gcc/arm-none-eabi/12.3.1/thumb/v7e-m+fp/hard/crtn.o
                0x20010000                        _estack = (ORIGIN (RAM) + LENGTH (RAM))
                0x00000200                        _Min_Heap_Size = 0x200
                0x00000400                        _Min_Stack_Size = 0x400

.isr_vector     0x08000000      0x194
                0x08000000                        . = ALIGN (0x4)
 *(.isr_vector)
 .isr_vector    0x08000000      0x194 ./Core/Startup/startup_stm32f401rctx.o
                0x08000000                g_pfnVectors
                0x08000194                        . = ALIGN (0x4)

.text           0x08000198     0x7f6c
                0x08000198                        . = ALIGN (0x4)
 *(.text)
 .text          0x08000198       0x40 C:/ST/STM32CubeIDE_1.16.0/STM32CubeIDE/plugins/com.st.stm32cube.ide.mcu.externaltools.gnu-tools-for-stm32.12.3.rel1.win32_1.0.200.202406191623/tools/bin/../lib/gcc/arm-none-eabi/12.3.1/thumb/v7e-m+fp/hard/crtbegin.o
 .text          0x080001d8      0x378 C:/ST/STM32CubeIDE_1.16.0/STM32CubeIDE/plugins/com.st.stm32cube.ide.mcu.externaltools.gnu-tools-for-stm32.12.3.rel1.win32_1.0.200.202406191623/tools/bin/../lib/gcc/arm-none-eabi/12.3.1/thumb/v7e-m+fp/hard\libgcc.a(_arm_addsubdf3.o)
                0x080001d8                __aeabi_drsub
                0x080001e0                __aeabi_dsub
                0x080001e0                __subdf3
                0x080001e4                __aeabi_dadd
                0x080001e4                __adddf3
                0x0800045c                __floatunsidf
                0x0800045c                __aeabi_ui2d
                0x0800047c                __floatsidf
                0x0800047c                __aeabi_i2d
                0x080004a0                __aeabi_f2d
                0x080004a0                __extendsfdf2
                0x080004e4                __floatundidf
                0x080004e4                __aeabi_ul2d
                0x080004f4                __floatdidf
                0x080004f4                __aeabi_l2d
 .text          0x08000550      0x424 C:/ST/STM32CubeIDE_1.16.0/STM32CubeIDE/plugins/com.st.stm32cube.ide.mcu.externaltools.gnu-tools-for-stm32.12.3.rel1.win32_1.0.200.202406191623/tools/bin/../lib/gcc/arm-none-eabi/12.3.1/thumb/v7e-m+fp/hard\libgcc.a(_arm_muldivdf3.o)
                0x08000550                __aeabi_dmul
                0x08000550                __muldf3
                0x080007a4                __divdf3
                0x080007a4                __aeabi_ddiv
 .text          0x08000974      0x110 C:/ST/STM32CubeIDE_1.16.0/STM32CubeIDE/plugins/com.st.stm32cube.ide.mcu.externaltools.gnu-tools-for-stm32.12.3.rel1.win32_1.0.200.202406191623/tools/bin/../lib/gcc/arm-none-eabi/12.3.1/thumb/v7e-m+fp/hard\libgcc.a(_arm_cmpdf2.o)
                0x08000974                __gtdf2
                0x08000974                __gedf2
                0x0800097c                __ltdf2
                0x0800097c                __ledf2
                0x08000984                __nedf2
                0x08000984                __eqdf2
                0x08000984                __cmpdf2
                0x08000a00                __aeabi_cdrcmple
                0x08000a10                __aeabi_cdcmpeq
                0x08000a10                __aeabi_cdcmple
                0x08000a20                __aeabi_dcmpeq
                0x08000a34                __aeabi_dcmplt
                0x08000a48                __aeabi_dcmple
                0x08000a5c                __aeabi_dcmpge
                0x08000a70                __aeabi_dcmpgt
 .text          0x08000a84       0x30 C:/ST/STM32CubeIDE_1.16.0/STM32CubeIDE/plugins/com.st.stm32cube.ide.mcu.externaltools.gnu-tools-for-stm32.12.3.rel1.win32_1.0.200.202406191623/tools/bin/../lib/gcc/arm-none-eabi/12.3.1/thumb/v7e-m+fp/hard\libgcc.a(_aeabi_uldivmod.o)
                0x08000a84                __aeabi_uldivmod
 .text          0x08000ab4      0x2bc C:/ST/STM32CubeIDE_1.16.0/STM32CubeIDE/plugins/com.st.stm32cube.ide.mcu.externaltools.gnu-tools-for-stm32.12.3.rel1.win32_1.0.200.202406191623/tools/bin/../lib/gcc/arm-none-eabi/12.3.1/thumb/v7e-m+fp/hard\libgcc.a(_udivmoddi4.o)
                0x08000ab4                __udivmoddi4
 .text          0x08000d70        0x4 C:/ST/STM32CubeIDE_1.16.0/STM32CubeIDE/plugins/com.st.stm32cube.ide.mcu.externaltools.gnu-tools-for-stm32.12.3.rel1.win32_1.0.200.202406191623/tools/bin/../lib/gcc/arm-none-eabi/12.3.1/thumb/v7e-m+fp/hard\libgcc.a(_dvmd_tls.o)
                0x08000d70                __aeabi_idiv0
                0x08000d70                __aeabi_ldiv0
 *(.text*)
 .text.MX_ADC1_Init
                0x08000d74       0xa4 ./Core/Src/adc.o
                0x08000d74                MX_ADC1_Init
 .text.HAL_ADC_MspInit
                0x08000e18       0x88 ./Core/Src/adc.o
                0x08000e18                HAL_ADC_MspInit
 .text._Z5Get_Xv
                0x08000ea0       0xe4 ./Core/Src/getters.o
                0x08000ea0                Get_X()
 .text._Z5Get_Yv
                0x08000f84       0xf8 ./Core/Src/getters.o
                0x08000f84                Get_Y()
 .text._Z11Get_Limiterv
                0x0800107c       0x3c ./Core/Src/getters.o
                0x0800107c                Get_Limiter()
 .text.MX_GPIO_Init
                0x080010b8       0xa8 ./Core/Src/gpio.o
                0x080010b8                MX_GPIO_Init
 .text.HAL_GPIO_EXTI_Callback
                0x08001160       0x34 ./Core/Src/irq.o
                0x08001160                HAL_GPIO_EXTI_Callback
 .text.main     0x08001194       0x84 ./Core/Src/main.o
                0x08001194                main
 .text._Z18SystemClock_Configv
                0x08001218       0xec ./Core/Src/main.o
                0x08001218                SystemClock_Config()
 .text._Z10getRange_Xd
                0x08001304      0x198 ./Core/Src/main.o
                0x08001304                getRange_X(double)
 *fill*         0x0800149c        0x4 
 .text._Z10getRange_Yd
                0x080014a0       0xc8 ./Core/Src/main.o
                0x080014a0                getRange_Y(double)
 .text._Z19Send_KeyboardButtonddbP13KeyboardState
                0x08001568      0x1ec ./Core/Src/main.o
                0x08001568                Send_KeyboardButton(double, double, bool, KeyboardState*)
 .text.Error_Handler
                0x08001754        0xc ./Core/Src/main.o
                0x08001754                Error_Handler
 .text.HAL_MspInit
                0x08001760       0x50 ./Core/Src/stm32f4xx_hal_msp.o
                0x08001760                HAL_MspInit
 .text.NMI_Handler
                0x080017b0        0x8 ./Core/Src/stm32f4xx_it.o
                0x080017b0                NMI_Handler
 .text.HardFault_Handler
                0x080017b8        0x8 ./Core/Src/stm32f4xx_it.o
                0x080017b8                HardFault_Handler
 .text.MemManage_Handler
                0x080017c0        0x8 ./Core/Src/stm32f4xx_it.o
                0x080017c0                MemManage_Handler
 .text.BusFault_Handler
                0x080017c8        0x8 ./Core/Src/stm32f4xx_it.o
                0x080017c8                BusFault_Handler
 .text.UsageFault_Handler
                0x080017d0        0x8 ./Core/Src/stm32f4xx_it.o
                0x080017d0                UsageFault_Handler
 .text.SVC_Handler
                0x080017d8        0xe ./Core/Src/stm32f4xx_it.o
                0x080017d8                SVC_Handler
 .text.DebugMon_Handler
                0x080017e6        0xe ./Core/Src/stm32f4xx_it.o
                0x080017e6                DebugMon_Handler
 .text.PendSV_Handler
                0x080017f4        0xe ./Core/Src/stm32f4xx_it.o
                0x080017f4                PendSV_Handler
 *fill*         0x08001802        0x2 
 .text.SysTick_Handler
                0x08001804       0x1c ./Core/Src/stm32f4xx_it.o
                0x08001804                SysTick_Handler
 .text.EXTI15_10_IRQHandler
                0x08001820       0x10 ./Core/Src/stm32f4xx_it.o
                0x08001820                EXTI15_10_IRQHandler
 .text.OTG_FS_IRQHandler
                0x08001830       0x14 ./Core/Src/stm32f4xx_it.o
                0x08001830                OTG_FS_IRQHandler
 .text.SystemInit
                0x08001844       0x24 ./Core/Src/system_stm32f4xx.o
                0x08001844                SystemInit
 .text.Reset_Handler
                0x08001868       0x50 ./Core/Startup/startup_stm32f401rctx.o
                0x08001868                Reset_Handler
 .text.Default_Handler
                0x080018b8        0x2 ./Core/Startup/startup_stm32f401rctx.o
                0x080018b8                RTC_Alarm_IRQHandler
                0x080018b8                EXTI2_IRQHandler
                0x080018b8                SPI4_IRQHandler
                0x080018b8                TIM1_CC_IRQHandler
                0x080018b8                DMA2_Stream5_IRQHandler
                0x080018b8                DMA1_Stream5_IRQHandler
                0x080018b8                PVD_IRQHandler
                0x080018b8                SDIO_IRQHandler
                0x080018b8                TAMP_STAMP_IRQHandler
                0x080018b8                EXTI3_IRQHandler
                0x080018b8                TIM1_UP_TIM10_IRQHandler
                0x080018b8                I2C3_ER_IRQHandler
                0x080018b8                EXTI0_IRQHandler
                0x080018b8                I2C2_EV_IRQHandler
                0x080018b8                DMA1_Stream2_IRQHandler
                0x080018b8                FPU_IRQHandler
                0x080018b8                DMA2_Stream2_IRQHandler
                0x080018b8                SPI1_IRQHandler
                0x080018b8                TIM1_BRK_TIM9_IRQHandler
                0x080018b8                DMA2_Stream3_IRQHandler
                0x080018b8                USART6_IRQHandler
                0x080018b8                DMA2_Stream0_IRQHandler
                0x080018b8                TIM4_IRQHandler
                0x080018b8                I2C1_EV_IRQHandler
                0x080018b8                DMA1_Stream6_IRQHandler
                0x080018b8                DMA1_Stream1_IRQHandler
                0x080018b8                TIM3_IRQHandler
                0x080018b8                RCC_IRQHandler
                0x080018b8                Default_Handler
                0x080018b8                ADC_IRQHandler
                0x080018b8                DMA1_Stream7_IRQHandler
                0x080018b8                TIM5_IRQHandler
                0x080018b8                DMA2_Stream7_IRQHandler
                0x080018b8                I2C3_EV_IRQHandler
                0x080018b8                EXTI9_5_IRQHandler
                0x080018b8                RTC_WKUP_IRQHandler
                0x080018b8                SPI2_IRQHandler
                0x080018b8                DMA1_Stream0_IRQHandler
                0x080018b8                EXTI4_IRQHandler
                0x080018b8                WWDG_IRQHandler
                0x080018b8                TIM2_IRQHandler
                0x080018b8                OTG_FS_WKUP_IRQHandler
                0x080018b8                TIM1_TRG_COM_TIM11_IRQHandler
                0x080018b8                EXTI1_IRQHandler
                0x080018b8                USART2_IRQHandler
                0x080018b8                I2C2_ER_IRQHandler
                0x080018b8                DMA2_Stream1_IRQHandler
                0x080018b8                FLASH_IRQHandler
                0x080018b8                DMA2_Stream4_IRQHandler
                0x080018b8                USART1_IRQHandler
                0x080018b8                SPI3_IRQHandler
                0x080018b8                DMA1_Stream4_IRQHandler
                0x080018b8                I2C1_ER_IRQHandler
                0x080018b8                DMA2_Stream6_IRQHandler
                0x080018b8                DMA1_Stream3_IRQHandler
 *fill*         0x080018ba        0x2 
 .text.HAL_Init
                0x080018bc       0x44 ./Drivers/STM32F4xx_HAL_Driver/Src/stm32f4xx_hal.o
                0x080018bc                HAL_Init
 .text.HAL_InitTick
                0x08001900       0x60 ./Drivers/STM32F4xx_HAL_Driver/Src/stm32f4xx_hal.o
                0x08001900                HAL_InitTick
 .text.HAL_IncTick
                0x08001960       0x28 ./Drivers/STM32F4xx_HAL_Driver/Src/stm32f4xx_hal.o
                0x08001960                HAL_IncTick
 .text.HAL_GetTick
                0x08001988       0x18 ./Drivers/STM32F4xx_HAL_Driver/Src/stm32f4xx_hal.o
                0x08001988                HAL_GetTick
 .text.HAL_Delay
                0x080019a0       0x48 ./Drivers/STM32F4xx_HAL_Driver/Src/stm32f4xx_hal.o
                0x080019a0                HAL_Delay
 .text.HAL_ADC_Init
                0x080019e8       0x86 ./Drivers/STM32F4xx_HAL_Driver/Src/stm32f4xx_hal_adc.o
                0x080019e8                HAL_ADC_Init
 *fill*         0x08001a6e        0x2 
 .text.HAL_ADC_Start
                0x08001a70      0x168 ./Drivers/STM32F4xx_HAL_Driver/Src/stm32f4xx_hal_adc.o
                0x08001a70                HAL_ADC_Start
 .text.HAL_ADC_PollForConversion
                0x08001bd8      0x116 ./Drivers/STM32F4xx_HAL_Driver/Src/stm32f4xx_hal_adc.o
                0x08001bd8                HAL_ADC_PollForConversion
 .text.HAL_ADC_GetValue
                0x08001cee       0x1a ./Drivers/STM32F4xx_HAL_Driver/Src/stm32f4xx_hal_adc.o
                0x08001cee                HAL_ADC_GetValue
 .text.HAL_ADC_ConfigChannel
                0x08001d08      0x244 ./Drivers/STM32F4xx_HAL_Driver/Src/stm32f4xx_hal_adc.o
                0x08001d08                HAL_ADC_ConfigChannel
 .text.ADC_Init
                0x08001f4c      0x1f8 ./Drivers/STM32F4xx_HAL_Driver/Src/stm32f4xx_hal_adc.o
 .text.__NVIC_SetPriorityGrouping
                0x08002144       0x48 ./Drivers/STM32F4xx_HAL_Driver/Src/stm32f4xx_hal_cortex.o
 .text.__NVIC_GetPriorityGrouping
                0x0800218c       0x1c ./Drivers/STM32F4xx_HAL_Driver/Src/stm32f4xx_hal_cortex.o
 .text.__NVIC_EnableIRQ
                0x080021a8       0x3c ./Drivers/STM32F4xx_HAL_Driver/Src/stm32f4xx_hal_cortex.o
 .text.__NVIC_SetPriority
                0x080021e4       0x54 ./Drivers/STM32F4xx_HAL_Driver/Src/stm32f4xx_hal_cortex.o
 .text.NVIC_EncodePriority
                0x08002238       0x66 ./Drivers/STM32F4xx_HAL_Driver/Src/stm32f4xx_hal_cortex.o
 *fill*         0x0800229e        0x2 
 .text.SysTick_Config
                0x080022a0       0x44 ./Drivers/STM32F4xx_HAL_Driver/Src/stm32f4xx_hal_cortex.o
 .text.HAL_NVIC_SetPriorityGrouping
                0x080022e4       0x16 ./Drivers/STM32F4xx_HAL_Driver/Src/stm32f4xx_hal_cortex.o
                0x080022e4                HAL_NVIC_SetPriorityGrouping
 .text.HAL_NVIC_SetPriority
                0x080022fa       0x38 ./Drivers/STM32F4xx_HAL_Driver/Src/stm32f4xx_hal_cortex.o
                0x080022fa                HAL_NVIC_SetPriority
 .text.HAL_NVIC_EnableIRQ
                0x08002332       0x1c ./Drivers/STM32F4xx_HAL_Driver/Src/stm32f4xx_hal_cortex.o
                0x08002332                HAL_NVIC_EnableIRQ
 .text.HAL_SYSTICK_Config
                0x0800234e       0x18 ./Drivers/STM32F4xx_HAL_Driver/Src/stm32f4xx_hal_cortex.o
                0x0800234e                HAL_SYSTICK_Config
 *fill*         0x08002366        0x2 
 .text.HAL_GPIO_Init
                0x08002368      0x308 ./Drivers/STM32F4xx_HAL_Driver/Src/stm32f4xx_hal_gpio.o
                0x08002368                HAL_GPIO_Init
 .text.HAL_GPIO_EXTI_IRQHandler
                0x08002670       0x30 ./Drivers/STM32F4xx_HAL_Driver/Src/stm32f4xx_hal_gpio.o
                0x08002670                HAL_GPIO_EXTI_IRQHandler
 .text.HAL_PCD_Init
                0x080026a0      0x21e ./Drivers/STM32F4xx_HAL_Driver/Src/stm32f4xx_hal_pcd.o
                0x080026a0                HAL_PCD_Init
 .text.HAL_PCD_Start
                0x080028be       0x6a ./Drivers/STM32F4xx_HAL_Driver/Src/stm32f4xx_hal_pcd.o
                0x080028be                HAL_PCD_Start
 .text.HAL_PCD_IRQHandler
                0x08002928      0x942 ./Drivers/STM32F4xx_HAL_Driver/Src/stm32f4xx_hal_pcd.o
                0x08002928                HAL_PCD_IRQHandler
 .text.HAL_PCD_SetAddress
                0x0800326a       0x48 ./Drivers/STM32F4xx_HAL_Driver/Src/stm32f4xx_hal_pcd.o
                0x0800326a                HAL_PCD_SetAddress
 .text.HAL_PCD_EP_Open
                0x080032b2       0xd0 ./Drivers/STM32F4xx_HAL_Driver/Src/stm32f4xx_hal_pcd.o
                0x080032b2                HAL_PCD_EP_Open
 .text.HAL_PCD_EP_Close
                0x08003382       0x94 ./Drivers/STM32F4xx_HAL_Driver/Src/stm32f4xx_hal_pcd.o
                0x08003382                HAL_PCD_EP_Close
 .text.HAL_PCD_EP_Receive
                0x08003416       0x76 ./Drivers/STM32F4xx_HAL_Driver/Src/stm32f4xx_hal_pcd.o
                0x08003416                HAL_PCD_EP_Receive
 .text.HAL_PCD_EP_Transmit
                0x0800348c       0x74 ./Drivers/STM32F4xx_HAL_Driver/Src/stm32f4xx_hal_pcd.o
                0x0800348c                HAL_PCD_EP_Transmit
 .text.HAL_PCD_EP_SetStall
                0x08003500       0xc6 ./Drivers/STM32F4xx_HAL_Driver/Src/stm32f4xx_hal_pcd.o
                0x08003500                HAL_PCD_EP_SetStall
 .text.HAL_PCD_EP_ClrStall
                0x080035c6       0xac ./Drivers/STM32F4xx_HAL_Driver/Src/stm32f4xx_hal_pcd.o
                0x080035c6                HAL_PCD_EP_ClrStall
 .text.HAL_PCD_EP_Abort
                0x08003672       0x62 ./Drivers/STM32F4xx_HAL_Driver/Src/stm32f4xx_hal_pcd.o
                0x08003672                HAL_PCD_EP_Abort
 .text.PCD_WriteEmptyTxFifo
                0x080036d4      0x118 ./Drivers/STM32F4xx_HAL_Driver/Src/stm32f4xx_hal_pcd.o
 .text.PCD_EP_OutXfrComplete_int
                0x080037ec      0x1d0 ./Drivers/STM32F4xx_HAL_Driver/Src/stm32f4xx_hal_pcd.o
 .text.PCD_EP_OutSetupPacket_int
                0x080039bc       0x8c ./Drivers/STM32F4xx_HAL_Driver/Src/stm32f4xx_hal_pcd.o
 .text.HAL_PCDEx_SetTxFiFo
                0x08003a48       0x8e ./Drivers/STM32F4xx_HAL_Driver/Src/stm32f4xx_hal_pcd_ex.o
                0x08003a48                HAL_PCDEx_SetTxFiFo
 .text.HAL_PCDEx_SetRxFiFo
                0x08003ad6       0x22 ./Drivers/STM32F4xx_HAL_Driver/Src/stm32f4xx_hal_pcd_ex.o
                0x08003ad6                HAL_PCDEx_SetRxFiFo
 .text.HAL_PCDEx_LPM_Callback
                0x08003af8       0x18 ./Drivers/STM32F4xx_HAL_Driver/Src/stm32f4xx_hal_pcd_ex.o
                0x08003af8                HAL_PCDEx_LPM_Callback
 .text.HAL_RCC_OscConfig
                0x08003b10      0x4f0 ./Drivers/STM32F4xx_HAL_Driver/Src/stm32f4xx_hal_rcc.o
                0x08003b10                HAL_RCC_OscConfig
 .text.HAL_RCC_ClockConfig
                0x08004000      0x1cc ./Drivers/STM32F4xx_HAL_Driver/Src/stm32f4xx_hal_rcc.o
                0x08004000                HAL_RCC_ClockConfig
 .text.HAL_RCC_GetSysClockFreq
                0x080041cc      0x18c ./Drivers/STM32F4xx_HAL_Driver/Src/stm32f4xx_hal_rcc.o
                0x080041cc                HAL_RCC_GetSysClockFreq
 .text.HAL_RCC_GetHCLKFreq
                0x08004358       0x18 ./Drivers/STM32F4xx_HAL_Driver/Src/stm32f4xx_hal_rcc.o
                0x08004358                HAL_RCC_GetHCLKFreq
 .text.USB_CoreInit
                0x08004370       0xc8 ./Drivers/STM32F4xx_HAL_Driver/Src/stm32f4xx_ll_usb.o
                0x08004370                USB_CoreInit
 .text.USB_SetTurnaroundTime
                0x08004438      0x144 ./Drivers/STM32F4xx_HAL_Driver/Src/stm32f4xx_ll_usb.o
                0x08004438                USB_SetTurnaroundTime
 .text.USB_EnableGlobalInt
                0x0800457c       0x22 ./Drivers/STM32F4xx_HAL_Driver/Src/stm32f4xx_ll_usb.o
                0x0800457c                USB_EnableGlobalInt
 .text.USB_DisableGlobalInt
                0x0800459e       0x22 ./Drivers/STM32F4xx_HAL_Driver/Src/stm32f4xx_ll_usb.o
                0x0800459e                USB_DisableGlobalInt
 .text.USB_SetCurrentMode
                0x080045c0       0x98 ./Drivers/STM32F4xx_HAL_Driver/Src/stm32f4xx_ll_usb.o
                0x080045c0                USB_SetCurrentMode
 .text.USB_DevInit
                0x08004658      0x2c8 ./Drivers/STM32F4xx_HAL_Driver/Src/stm32f4xx_ll_usb.o
                0x08004658                USB_DevInit
 .text.USB_FlushTxFifo
                0x08004920       0x64 ./Drivers/STM32F4xx_HAL_Driver/Src/stm32f4xx_ll_usb.o
                0x08004920                USB_FlushTxFifo
 .text.USB_FlushRxFifo
                0x08004984       0x5c ./Drivers/STM32F4xx_HAL_Driver/Src/stm32f4xx_ll_usb.o
                0x08004984                USB_FlushRxFifo
 .text.USB_SetDevSpeed
                0x080049e0       0x32 ./Drivers/STM32F4xx_HAL_Driver/Src/stm32f4xx_ll_usb.o
                0x080049e0                USB_SetDevSpeed
 .text.USB_GetDevSpeed
                0x08004a12       0x4a ./Drivers/STM32F4xx_HAL_Driver/Src/stm32f4xx_ll_usb.o
                0x08004a12                USB_GetDevSpeed
 .text.USB_ActivateEndpoint
                0x08004a5c      0x10e ./Drivers/STM32F4xx_HAL_Driver/Src/stm32f4xx_ll_usb.o
                0x08004a5c                USB_ActivateEndpoint
 *fill*         0x08004b6a        0x2 
 .text.USB_DeactivateEndpoint
                0x08004b6c      0x1b8 ./Drivers/STM32F4xx_HAL_Driver/Src/stm32f4xx_ll_usb.o
                0x08004b6c                USB_DeactivateEndpoint
 .text.USB_EPStartXfer
                0x08004d24      0x530 ./Drivers/STM32F4xx_HAL_Driver/Src/stm32f4xx_ll_usb.o
                0x08004d24                USB_EPStartXfer
 .text.USB_EPStopXfer
                0x08005254      0x154 ./Drivers/STM32F4xx_HAL_Driver/Src/stm32f4xx_ll_usb.o
                0x08005254                USB_EPStopXfer
 .text.USB_WritePacket
                0x080053a8       0x7c ./Drivers/STM32F4xx_HAL_Driver/Src/stm32f4xx_ll_usb.o
                0x080053a8                USB_WritePacket
 .text.USB_ReadPacket
                0x08005424       0xb0 ./Drivers/STM32F4xx_HAL_Driver/Src/stm32f4xx_ll_usb.o
                0x08005424                USB_ReadPacket
 .text.USB_EPSetStall
                0x080054d4       0xdc ./Drivers/STM32F4xx_HAL_Driver/Src/stm32f4xx_ll_usb.o
                0x080054d4                USB_EPSetStall
 .text.USB_EPClearStall
                0x080055b0       0xcc ./Drivers/STM32F4xx_HAL_Driver/Src/stm32f4xx_ll_usb.o
                0x080055b0                USB_EPClearStall
 .text.USB_SetDevAddress
                0x0800567c       0x4c ./Drivers/STM32F4xx_HAL_Driver/Src/stm32f4xx_ll_usb.o
                0x0800567c                USB_SetDevAddress
 .text.USB_DevConnect
                0x080056c8       0x42 ./Drivers/STM32F4xx_HAL_Driver/Src/stm32f4xx_ll_usb.o
                0x080056c8                USB_DevConnect
 .text.USB_DevDisconnect
                0x0800570a       0x42 ./Drivers/STM32F4xx_HAL_Driver/Src/stm32f4xx_ll_usb.o
                0x0800570a                USB_DevDisconnect
 .text.USB_ReadInterrupts
                0x0800574c       0x26 ./Drivers/STM32F4xx_HAL_Driver/Src/stm32f4xx_ll_usb.o
                0x0800574c                USB_ReadInterrupts
 .text.USB_ReadDevAllOutEpInterrupt
                0x08005772       0x34 ./Drivers/STM32F4xx_HAL_Driver/Src/stm32f4xx_ll_usb.o
                0x08005772                USB_ReadDevAllOutEpInterrupt
 .text.USB_ReadDevAllInEpInterrupt
                0x080057a6       0x34 ./Drivers/STM32F4xx_HAL_Driver/Src/stm32f4xx_ll_usb.o
                0x080057a6                USB_ReadDevAllInEpInterrupt
 .text.USB_ReadDevOutEPInterrupt
                0x080057da       0x3c ./Drivers/STM32F4xx_HAL_Driver/Src/stm32f4xx_ll_usb.o
                0x080057da                USB_ReadDevOutEPInterrupt
 .text.USB_ReadDevInEPInterrupt
                0x08005816       0x5c ./Drivers/STM32F4xx_HAL_Driver/Src/stm32f4xx_ll_usb.o
                0x08005816                USB_ReadDevInEPInterrupt
 .text.USB_GetMode
                0x08005872       0x1c ./Drivers/STM32F4xx_HAL_Driver/Src/stm32f4xx_ll_usb.o
                0x08005872                USB_GetMode
 .text.USB_ActivateSetup
                0x0800588e       0x46 ./Drivers/STM32F4xx_HAL_Driver/Src/stm32f4xx_ll_usb.o
                0x0800588e                USB_ActivateSetup
 .text.USB_EP0_OutStart
                0x080058d4       0xbc ./Drivers/STM32F4xx_HAL_Driver/Src/stm32f4xx_ll_usb.o
                0x080058d4                USB_EP0_OutStart
 .text.USB_CoreReset
                0x08005990       0x62 ./Drivers/STM32F4xx_HAL_Driver/Src/stm32f4xx_ll_usb.o
 *fill*         0x080059f2        0x2 
 .text.USBD_CUSTOM_HID_Init
                0x080059f4      0x154 ./Middlewares/ST/STM32_USB_Device_Library/Class/CustomHID/Src/usbd_customhid.o
 .text.USBD_CUSTOM_HID_DeInit
                0x08005b48       0xf4 ./Middlewares/ST/STM32_USB_Device_Library/Class/CustomHID/Src/usbd_customhid.o
 .text.USBD_CUSTOM_HID_Setup
                0x08005c3c      0x234 ./Middlewares/ST/STM32_USB_Device_Library/Class/CustomHID/Src/usbd_customhid.o
 .text.USBD_CUSTOM_HID_SendReport
                0x08005e70       0x64 ./Middlewares/ST/STM32_USB_Device_Library/Class/CustomHID/Src/usbd_customhid.o
                0x08005e70                USBD_CUSTOM_HID_SendReport
 .text.USBD_CUSTOM_HID_GetFSCfgDesc
                0x08005ed4       0x64 ./Middlewares/ST/STM32_USB_Device_Library/Class/CustomHID/Src/usbd_customhid.o
 .text.USBD_CUSTOM_HID_GetHSCfgDesc
                0x08005f38       0x64 ./Middlewares/ST/STM32_USB_Device_Library/Class/CustomHID/Src/usbd_customhid.o
 .text.USBD_CUSTOM_HID_GetOtherSpeedCfgDesc
                0x08005f9c       0x64 ./Middlewares/ST/STM32_USB_Device_Library/Class/CustomHID/Src/usbd_customhid.o
 .text.USBD_CUSTOM_HID_DataIn
                0x08006000       0x2c ./Middlewares/ST/STM32_USB_Device_Library/Class/CustomHID/Src/usbd_customhid.o
 .text.USBD_CUSTOM_HID_DataOut
                0x0800602c       0x5a ./Middlewares/ST/STM32_USB_Device_Library/Class/CustomHID/Src/usbd_customhid.o
 *fill*         0x08006086        0x2 
 .text.USBD_CUSTOM_HID_ReceivePacket
                0x08006088       0x4c ./Middlewares/ST/STM32_USB_Device_Library/Class/CustomHID/Src/usbd_customhid.o
                0x08006088                USBD_CUSTOM_HID_ReceivePacket
 .text.USBD_CUSTOM_HID_EP0_RxReady
                0x080060d4       0x58 ./Middlewares/ST/STM32_USB_Device_Library/Class/CustomHID/Src/usbd_customhid.o
 .text.USBD_CUSTOM_HID_GetDeviceQualifierDesc
                0x0800612c       0x20 ./Middlewares/ST/STM32_USB_Device_Library/Class/CustomHID/Src/usbd_customhid.o
 .text.USBD_CUSTOM_HID_RegisterInterface
                0x0800614c       0x34 ./Middlewares/ST/STM32_USB_Device_Library/Class/CustomHID/Src/usbd_customhid.o
                0x0800614c                USBD_CUSTOM_HID_RegisterInterface
 .text.USBD_Init
                0x08006180       0x60 ./Middlewares/ST/STM32_USB_Device_Library/Core/Src/usbd_core.o
                0x08006180                USBD_Init
 .text.USBD_RegisterClass
                0x080061e0       0x6c ./Middlewares/ST/STM32_USB_Device_Library/Core/Src/usbd_core.o
                0x080061e0                USBD_RegisterClass
 .text.USBD_Start
                0x0800624c       0x18 ./Middlewares/ST/STM32_USB_Device_Library/Core/Src/usbd_core.o
                0x0800624c                USBD_Start
 .text.USBD_RunTestMode
                0x08006264       0x16 ./Middlewares/ST/STM32_USB_Device_Library/Core/Src/usbd_core.o
                0x08006264                USBD_RunTestMode
 .text.USBD_SetClassConfig
                0x0800627a       0x38 ./Middlewares/ST/STM32_USB_Device_Library/Core/Src/usbd_core.o
                0x0800627a                USBD_SetClassConfig
 .text.USBD_ClrClassConfig
                0x080062b2       0x34 ./Middlewares/ST/STM32_USB_Device_Library/Core/Src/usbd_core.o
                0x080062b2                USBD_ClrClassConfig
 .text.USBD_LL_SetupStage
                0x080062e6       0xaa ./Middlewares/ST/STM32_USB_Device_Library/Core/Src/usbd_core.o
                0x080062e6                USBD_LL_SetupStage
 .text.USBD_LL_DataOutStage
                0x08006390      0x166 ./Middlewares/ST/STM32_USB_Device_Library/Core/Src/usbd_core.o
                0x08006390                USBD_LL_DataOutStage
 .text.USBD_LL_DataInStage
                0x080064f6      0x164 ./Middlewares/ST/STM32_USB_Device_Library/Core/Src/usbd_core.o
                0x080064f6                USBD_LL_DataInStage
 .text.USBD_LL_Reset
                0x0800665a       0xa4 ./Middlewares/ST/STM32_USB_Device_Library/Core/Src/usbd_core.o
                0x0800665a                USBD_LL_Reset
 .text.USBD_LL_SetSpeed
                0x080066fe       0x20 ./Middlewares/ST/STM32_USB_Device_Library/Core/Src/usbd_core.o
                0x080066fe                USBD_LL_SetSpeed
 .text.USBD_LL_Suspend
                0x0800671e       0x38 ./Middlewares/ST/STM32_USB_Device_Library/Core/Src/usbd_core.o
                0x0800671e                USBD_LL_Suspend
 .text.USBD_LL_Resume
                0x08006756       0x30 ./Middlewares/ST/STM32_USB_Device_Library/Core/Src/usbd_core.o
                0x08006756                USBD_LL_Resume
 .text.USBD_LL_SOF
                0x08006786       0x40 ./Middlewares/ST/STM32_USB_Device_Library/Core/Src/usbd_core.o
                0x08006786                USBD_LL_SOF
 .text.USBD_LL_IsoINIncomplete
                0x080067c6       0x64 ./Middlewares/ST/STM32_USB_Device_Library/Core/Src/usbd_core.o
                0x080067c6                USBD_LL_IsoINIncomplete
 .text.USBD_LL_IsoOUTIncomplete
                0x0800682a       0x64 ./Middlewares/ST/STM32_USB_Device_Library/Core/Src/usbd_core.o
                0x0800682a                USBD_LL_IsoOUTIncomplete
 .text.USBD_LL_DevConnected
                0x0800688e       0x16 ./Middlewares/ST/STM32_USB_Device_Library/Core/Src/usbd_core.o
                0x0800688e                USBD_LL_DevConnected
 .text.USBD_LL_DevDisconnected
                0x080068a4       0x46 ./Middlewares/ST/STM32_USB_Device_Library/Core/Src/usbd_core.o
                0x080068a4                USBD_LL_DevDisconnected
 .text.USBD_CoreFindIF
                0x080068ea       0x1a ./Middlewares/ST/STM32_USB_Device_Library/Core/Src/usbd_core.o
                0x080068ea                USBD_CoreFindIF
 .text.USBD_CoreFindEP
                0x08006904       0x1a ./Middlewares/ST/STM32_USB_Device_Library/Core/Src/usbd_core.o
                0x08006904                USBD_CoreFindEP
 .text.USBD_GetEpDesc
                0x0800691e       0x70 ./Middlewares/ST/STM32_USB_Device_Library/Core/Src/usbd_core.o
                0x0800691e                USBD_GetEpDesc
 .text.USBD_GetNextDesc
                0x0800698e       0x38 ./Middlewares/ST/STM32_USB_Device_Library/Core/Src/usbd_core.o
                0x0800698e                USBD_GetNextDesc
 .text.SWAPBYTE
                0x080069c6       0x3c ./Middlewares/ST/STM32_USB_Device_Library/Core/Src/usbd_ctlreq.o
 *fill*         0x08006a02        0x2 
 .text.USBD_StdDevReq
                0x08006a04       0xe4 ./Middlewares/ST/STM32_USB_Device_Library/Core/Src/usbd_ctlreq.o
                0x08006a04                USBD_StdDevReq
 .text.USBD_StdItfReq
                0x08006ae8       0xd8 ./Middlewares/ST/STM32_USB_Device_Library/Core/Src/usbd_ctlreq.o
                0x08006ae8                USBD_StdItfReq
 .text.USBD_StdEPReq
                0x08006bc0      0x33a ./Middlewares/ST/STM32_USB_Device_Library/Core/Src/usbd_ctlreq.o
                0x08006bc0                USBD_StdEPReq
 *fill*         0x08006efa        0x2 
 .text.USBD_GetDescriptor
                0x08006efc      0x2d4 ./Middlewares/ST/STM32_USB_Device_Library/Core/Src/usbd_ctlreq.o
 .text.USBD_SetAddress
                0x080071d0       0x88 ./Middlewares/ST/STM32_USB_Device_Library/Core/Src/usbd_ctlreq.o
 .text.USBD_SetConfig
                0x08007258      0x154 ./Middlewares/ST/STM32_USB_Device_Library/Core/Src/usbd_ctlreq.o
 .text.USBD_GetConfig
                0x080073ac       0x6c ./Middlewares/ST/STM32_USB_Device_Library/Core/Src/usbd_ctlreq.o
 .text.USBD_GetStatus
                0x08007418       0x68 ./Middlewares/ST/STM32_USB_Device_Library/Core/Src/usbd_ctlreq.o
 .text.USBD_SetFeature
                0x08007480       0x52 ./Middlewares/ST/STM32_USB_Device_Library/Core/Src/usbd_ctlreq.o
 .text.USBD_ClrFeature
                0x080074d2       0x44 ./Middlewares/ST/STM32_USB_Device_Library/Core/Src/usbd_ctlreq.o
 .text.USBD_ParseSetupRequest
                0x08007516       0x74 ./Middlewares/ST/STM32_USB_Device_Library/Core/Src/usbd_ctlreq.o
                0x08007516                USBD_ParseSetupRequest
 .text.USBD_CtlError
                0x0800758a       0x22 ./Middlewares/ST/STM32_USB_Device_Library/Core/Src/usbd_ctlreq.o
                0x0800758a                USBD_CtlError
 .text.USBD_GetString
                0x080075ac       0x8c ./Middlewares/ST/STM32_USB_Device_Library/Core/Src/usbd_ctlreq.o
                0x080075ac                USBD_GetString
 .text.USBD_GetLen
                0x08007638       0x34 ./Middlewares/ST/STM32_USB_Device_Library/Core/Src/usbd_ctlreq.o
 .text.USBD_CtlSendData
                0x0800766c       0x36 ./Middlewares/ST/STM32_USB_Device_Library/Core/Src/usbd_ioreq.o
                0x0800766c                USBD_CtlSendData
 .text.USBD_CtlContinueSendData
                0x080076a2       0x22 ./Middlewares/ST/STM32_USB_Device_Library/Core/Src/usbd_ioreq.o
                0x080076a2                USBD_CtlContinueSendData
 .text.USBD_CtlPrepareRx
                0x080076c4       0x3a ./Middlewares/ST/STM32_USB_Device_Library/Core/Src/usbd_ioreq.o
                0x080076c4                USBD_CtlPrepareRx
 .text.USBD_CtlContinueRx
                0x080076fe       0x22 ./Middlewares/ST/STM32_USB_Device_Library/Core/Src/usbd_ioreq.o
                0x080076fe                USBD_CtlContinueRx
 .text.USBD_CtlSendStatus
                0x08007720       0x26 ./Middlewares/ST/STM32_USB_Device_Library/Core/Src/usbd_ioreq.o
                0x08007720                USBD_CtlSendStatus
 .text.USBD_CtlReceiveStatus
                0x08007746       0x26 ./Middlewares/ST/STM32_USB_Device_Library/Core/Src/usbd_ioreq.o
                0x08007746                USBD_CtlReceiveStatus
 .text.MX_USB_DEVICE_Init
                0x0800776c       0x60 ./USB_DEVICE/App/usb_device.o
                0x0800776c                MX_USB_DEVICE_Init
 .text.CUSTOM_HID_Init_FS
                0x080077cc       0x10 ./USB_DEVICE/App/usbd_custom_hid_if.o
 .text.CUSTOM_HID_DeInit_FS
                0x080077dc       0x10 ./USB_DEVICE/App/usbd_custom_hid_if.o
 .text.CUSTOM_HID_OutEvent_FS
                0x080077ec       0x30 ./USB_DEVICE/App/usbd_custom_hid_if.o
 .text.send_keyboard
                0x0800781c       0x68 ./USB_DEVICE/App/usbd_custom_hid_if.o
                0x0800781c                send_keyboard
 .text.USBD_FS_DeviceDescriptor
                0x08007884       0x24 ./USB_DEVICE/App/usbd_desc.o
                0x08007884                USBD_FS_DeviceDescriptor
 .text.USBD_FS_LangIDStrDescriptor
                0x080078a8       0x24 ./USB_DEVICE/App/usbd_desc.o
                0x080078a8                USBD_FS_LangIDStrDescriptor
 .text.USBD_FS_ProductStrDescriptor
                0x080078cc       0x3c ./USB_DEVICE/App/usbd_desc.o
                0x080078cc                USBD_FS_ProductStrDescriptor
 .text.USBD_FS_ManufacturerStrDescriptor
                0x08007908       0x28 ./USB_DEVICE/App/usbd_desc.o
                0x08007908                USBD_FS_ManufacturerStrDescriptor
 .text.USBD_FS_SerialStrDescriptor
                0x08007930       0x24 ./USB_DEVICE/App/usbd_desc.o
                0x08007930                USBD_FS_SerialStrDescriptor
 .text.USBD_FS_ConfigStrDescriptor
                0x08007954       0x3c ./USB_DEVICE/App/usbd_desc.o
                0x08007954                USBD_FS_ConfigStrDescriptor
 .text.USBD_FS_InterfaceStrDescriptor
                0x08007990       0x3c ./USB_DEVICE/App/usbd_desc.o
                0x08007990                USBD_FS_InterfaceStrDescriptor
 .text.Get_SerialNum
                0x080079cc       0x58 ./USB_DEVICE/App/usbd_desc.o
 .text.IntToUnicode
                0x08007a24       0x7e ./USB_DEVICE/App/usbd_desc.o
 *fill*         0x08007aa2        0x2 
 .text.HAL_PCD_MspInit
                0x08007aa4       0xa8 ./USB_DEVICE/Target/usbd_conf.o
                0x08007aa4                HAL_PCD_MspInit
 .text.HAL_PCD_SetupStageCallback
                0x08007b4c       0x24 ./USB_DEVICE/Target/usbd_conf.o
                0x08007b4c                HAL_PCD_SetupStageCallback
 .text.HAL_PCD_DataOutStageCallback
                0x08007b70       0x36 ./USB_DEVICE/Target/usbd_conf.o
                0x08007b70                HAL_PCD_DataOutStageCallback
 .text.HAL_PCD_DataInStageCallback
                0x08007ba6       0x34 ./USB_DEVICE/Target/usbd_conf.o
                0x08007ba6                HAL_PCD_DataInStageCallback
 .text.HAL_PCD_SOFCallback
                0x08007bda       0x1c ./USB_DEVICE/Target/usbd_conf.o
                0x08007bda                HAL_PCD_SOFCallback
 .text.HAL_PCD_ResetCallback
                0x08007bf6       0x3c ./USB_DEVICE/Target/usbd_conf.o
                0x08007bf6                HAL_PCD_ResetCallback
 *fill*         0x08007c32        0x2 
 .text.HAL_PCD_SuspendCallback
                0x08007c34       0x4c ./USB_DEVICE/Target/usbd_conf.o
                0x08007c34                HAL_PCD_SuspendCallback
 .text.HAL_PCD_ResumeCallback
                0x08007c80       0x1c ./USB_DEVICE/Target/usbd_conf.o
                0x08007c80                HAL_PCD_ResumeCallback
 .text.HAL_PCD_ISOOUTIncompleteCallback
                0x08007c9c       0x24 ./USB_DEVICE/Target/usbd_conf.o
                0x08007c9c                HAL_PCD_ISOOUTIncompleteCallback
 .text.HAL_PCD_ISOINIncompleteCallback
                0x08007cc0       0x24 ./USB_DEVICE/Target/usbd_conf.o
                0x08007cc0                HAL_PCD_ISOINIncompleteCallback
 .text.HAL_PCD_ConnectCallback
                0x08007ce4       0x1c ./USB_DEVICE/Target/usbd_conf.o
                0x08007ce4                HAL_PCD_ConnectCallback
 .text.HAL_PCD_DisconnectCallback
                0x08007d00       0x1c ./USB_DEVICE/Target/usbd_conf.o
                0x08007d00                HAL_PCD_DisconnectCallback
 .text.USBD_LL_Init
                0x08007d1c       0x98 ./USB_DEVICE/Target/usbd_conf.o
                0x08007d1c                USBD_LL_Init
 .text.USBD_LL_Start
                0x08007db4       0x36 ./USB_DEVICE/Target/usbd_conf.o
                0x08007db4                USBD_LL_Start
 .text.USBD_LL_OpenEP
                0x08007dea       0x4c ./USB_DEVICE/Target/usbd_conf.o
                0x08007dea                USBD_LL_OpenEP
 .text.USBD_LL_CloseEP
                0x08007e36       0x3e ./USB_DEVICE/Target/usbd_conf.o
                0x08007e36                USBD_LL_CloseEP
 .text.USBD_LL_StallEP
                0x08007e74       0x3e ./USB_DEVICE/Target/usbd_conf.o
                0x08007e74                USBD_LL_StallEP
 .text.USBD_LL_ClearStallEP
                0x08007eb2       0x3e ./USB_DEVICE/Target/usbd_conf.o
                0x08007eb2                USBD_LL_ClearStallEP
 .text.USBD_LL_IsStallEP
                0x08007ef0       0x58 ./USB_DEVICE/Target/usbd_conf.o
                0x08007ef0                USBD_LL_IsStallEP
 .text.USBD_LL_SetUSBAddress
                0x08007f48       0x3e ./USB_DEVICE/Target/usbd_conf.o
                0x08007f48                USBD_LL_SetUSBAddress
 .text.USBD_LL_Transmit
                0x08007f86       0x42 ./USB_DEVICE/Target/usbd_conf.o
                0x08007f86                USBD_LL_Transmit
 .text.USBD_LL_PrepareReceive
                0x08007fc8       0x42 ./USB_DEVICE/Target/usbd_conf.o
                0x08007fc8                USBD_LL_PrepareReceive
 *fill*         0x0800800a        0x2 
 .text.USBD_static_malloc
                0x0800800c       0x1c ./USB_DEVICE/Target/usbd_conf.o
                0x0800800c                USBD_static_malloc
 .text.USBD_static_free
                0x08008028       0x14 ./USB_DEVICE/Target/usbd_conf.o
                0x08008028                USBD_static_free
 .text.USBD_Get_USB_Status
                0x0800803c       0x58 ./USB_DEVICE/Target/usbd_conf.o
                0x0800803c                USBD_Get_USB_Status
 .text.memset   0x08008094       0x10 C:/ST/STM32CubeIDE_1.16.0/STM32CubeIDE/plugins/com.st.stm32cube.ide.mcu.externaltools.gnu-tools-for-stm32.12.3.rel1.win32_1.0.200.202406191623/tools/bin/../lib/gcc/arm-none-eabi/12.3.1/../../../../arm-none-eabi/lib/thumb/v7e-m+fp/hard\libc_nano.a(libc_a-memset.o)
                0x08008094                memset
 .text.__libc_init_array
                0x080080a4       0x48 C:/ST/STM32CubeIDE_1.16.0/STM32CubeIDE/plugins/com.st.stm32cube.ide.mcu.externaltools.gnu-tools-for-stm32.12.3.rel1.win32_1.0.200.202406191623/tools/bin/../lib/gcc/arm-none-eabi/12.3.1/../../../../arm-none-eabi/lib/thumb/v7e-m+fp/hard\libc_nano.a(libc_a-init.o)
                0x080080a4                __libc_init_array
 *(.glue_7)
 .glue_7        0x080080ec        0x0 linker stubs
 *(.glue_7t)
 .glue_7t       0x080080ec        0x0 linker stubs
 *(.eh_frame)
 .eh_frame      0x080080ec        0x0 C:/ST/STM32CubeIDE_1.16.0/STM32CubeIDE/plugins/com.st.stm32cube.ide.mcu.externaltools.gnu-tools-for-stm32.12.3.rel1.win32_1.0.200.202406191623/tools/bin/../lib/gcc/arm-none-eabi/12.3.1/thumb/v7e-m+fp/hard/crtbegin.o
 *(.init)
 .init          0x080080ec        0x4 C:/ST/STM32CubeIDE_1.16.0/STM32CubeIDE/plugins/com.st.stm32cube.ide.mcu.externaltools.gnu-tools-for-stm32.12.3.rel1.win32_1.0.200.202406191623/tools/bin/../lib/gcc/arm-none-eabi/12.3.1/thumb/v7e-m+fp/hard/crti.o
                0x080080ec                _init
 .init          0x080080f0        0x8 C:/ST/STM32CubeIDE_1.16.0/STM32CubeIDE/plugins/com.st.stm32cube.ide.mcu.externaltools.gnu-tools-for-stm32.12.3.rel1.win32_1.0.200.202406191623/tools/bin/../lib/gcc/arm-none-eabi/12.3.1/thumb/v7e-m+fp/hard/crtn.o
 *(.fini)
 .fini          0x080080f8        0x4 C:/ST/STM32CubeIDE_1.16.0/STM32CubeIDE/plugins/com.st.stm32cube.ide.mcu.externaltools.gnu-tools-for-stm32.12.3.rel1.win32_1.0.200.202406191623/tools/bin/../lib/gcc/arm-none-eabi/12.3.1/thumb/v7e-m+fp/hard/crti.o
                0x080080f8                _fini
 .fini          0x080080fc        0x8 C:/ST/STM32CubeIDE_1.16.0/STM32CubeIDE/plugins/com.st.stm32cube.ide.mcu.externaltools.gnu-tools-for-stm32.12.3.rel1.win32_1.0.200.202406191623/tools/bin/../lib/gcc/arm-none-eabi/12.3.1/thumb/v7e-m+fp/hard/crtn.o
                0x08008104                        . = ALIGN (0x4)
                0x08008104                        _etext = .

.vfp11_veneer   0x08008104        0x0
 .vfp11_veneer  0x08008104        0x0 linker stubs

.v4_bx          0x08008104        0x0
 .v4_bx         0x08008104        0x0 linker stubs

.iplt           0x08008104        0x0
 .iplt          0x08008104        0x0 C:/ST/STM32CubeIDE_1.16.0/STM32CubeIDE/plugins/com.st.stm32cube.ide.mcu.externaltools.gnu-tools-for-stm32.12.3.rel1.win32_1.0.200.202406191623/tools/bin/../lib/gcc/arm-none-eabi/12.3.1/thumb/v7e-m+fp/hard/crtbegin.o

.rodata         0x08008104       0x60
                0x08008104                        . = ALIGN (0x4)
 *(.rodata)
 .rodata        0x08008104       0x4d ./USB_DEVICE/App/usbd_desc.o
 *(.rodata*)
 *fill*         0x08008151        0x3 
 .rodata.AHBPrescTable
                0x08008154       0x10 ./Core/Src/system_stm32f4xx.o
                0x08008154                AHBPrescTable
                0x08008164                        . = ALIGN (0x4)

.ARM.extab      0x08008164        0x0
                0x08008164                        . = ALIGN (0x4)
 *(.ARM.extab* .gnu.linkonce.armextab.*)
                0x08008164                        . = ALIGN (0x4)

.ARM            0x08008164        0x8
                0x08008164                        . = ALIGN (0x4)
                0x08008164                        __exidx_start = .
 *(.ARM.exidx*)
 .ARM.exidx     0x08008164        0x8 C:/ST/STM32CubeIDE_1.16.0/STM32CubeIDE/plugins/com.st.stm32cube.ide.mcu.externaltools.gnu-tools-for-stm32.12.3.rel1.win32_1.0.200.202406191623/tools/bin/../lib/gcc/arm-none-eabi/12.3.1/thumb/v7e-m+fp/hard\libgcc.a(_udivmoddi4.o)
                0x0800816c                        __exidx_end = .
                0x0800816c                        . = ALIGN (0x4)

.preinit_array  0x0800816c        0x0
                0x0800816c                        . = ALIGN (0x4)
                0x0800816c                        PROVIDE (__preinit_array_start = .)
 *(.preinit_array*)
                0x0800816c                        PROVIDE (__preinit_array_end = .)
                0x0800816c                        . = ALIGN (0x4)

.init_array     0x0800816c        0x4
                0x0800816c                        . = ALIGN (0x4)
                0x0800816c                        PROVIDE (__init_array_start = .)
 *(SORT_BY_NAME(.init_array.*))
 *(.init_array*)
 .init_array    0x0800816c        0x4 C:/ST/STM32CubeIDE_1.16.0/STM32CubeIDE/plugins/com.st.stm32cube.ide.mcu.externaltools.gnu-tools-for-stm32.12.3.rel1.win32_1.0.200.202406191623/tools/bin/../lib/gcc/arm-none-eabi/12.3.1/thumb/v7e-m+fp/hard/crtbegin.o
                0x08008170                        PROVIDE (__init_array_end = .)
                0x08008170                        . = ALIGN (0x4)

.fini_array     0x08008170        0x4
                0x08008170                        . = ALIGN (0x4)
                [!provide]                        PROVIDE (__fini_array_start = .)
 *(SORT_BY_NAME(.fini_array.*))
 *(.fini_array*)
 .fini_array    0x08008170        0x4 C:/ST/STM32CubeIDE_1.16.0/STM32CubeIDE/plugins/com.st.stm32cube.ide.mcu.externaltools.gnu-tools-for-stm32.12.3.rel1.win32_1.0.200.202406191623/tools/bin/../lib/gcc/arm-none-eabi/12.3.1/thumb/v7e-m+fp/hard/crtbegin.o
                [!provide]                        PROVIDE (__fini_array_end = .)
                0x08008174                        . = ALIGN (0x4)
                0x08008174                        _sidata = LOADADDR (.data)

.rel.dyn        0x08008174        0x0
 .rel.iplt      0x08008174        0x0 C:/ST/STM32CubeIDE_1.16.0/STM32CubeIDE/plugins/com.st.stm32cube.ide.mcu.externaltools.gnu-tools-for-stm32.12.3.rel1.win32_1.0.200.202406191623/tools/bin/../lib/gcc/arm-none-eabi/12.3.1/thumb/v7e-m+fp/hard/crtbegin.o

.data           0x20000000      0x11c load address 0x08008174
                0x20000000                        . = ALIGN (0x4)
                0x20000000                        _sdata = .
 *(.data)
 *(.data*)
 .data.keyboard_state
                0x20000000        0x2 ./Core/Src/main.o
                0x20000000                keyboard_state
 *fill*         0x20000002        0x2 
 .data.SystemCoreClock
                0x20000004        0x4 ./Core/Src/system_stm32f4xx.o
                0x20000004                SystemCoreClock
 .data.uwTickPrio
                0x20000008        0x4 ./Drivers/STM32F4xx_HAL_Driver/Src/stm32f4xx_hal.o
                0x20000008                uwTickPrio
 .data.uwTickFreq
                0x2000000c        0x1 ./Drivers/STM32F4xx_HAL_Driver/Src/stm32f4xx_hal.o
                0x2000000c                uwTickFreq
 *fill*         0x2000000d        0x3 
 .data.USBD_CUSTOM_HID
                0x20000010       0x38 ./Middlewares/ST/STM32_USB_Device_Library/Class/CustomHID/Src/usbd_customhid.o
                0x20000010                USBD_CUSTOM_HID
 .data.USBD_CUSTOM_HID_CfgDesc
                0x20000048       0x29 ./Middlewares/ST/STM32_USB_Device_Library/Class/CustomHID/Src/usbd_customhid.o
 *fill*         0x20000071        0x3 
 .data.USBD_CUSTOM_HID_Desc
                0x20000074        0x9 ./Middlewares/ST/STM32_USB_Device_Library/Class/CustomHID/Src/usbd_customhid.o
 *fill*         0x2000007d        0x3 
 .data.USBD_CUSTOM_HID_DeviceQualifierDesc
                0x20000080        0xa ./Middlewares/ST/STM32_USB_Device_Library/Class/CustomHID/Src/usbd_customhid.o
 .data.CUSTOMHIDInEpAdd
                0x2000008a        0x1 ./Middlewares/ST/STM32_USB_Device_Library/Class/CustomHID/Src/usbd_customhid.o
 .data.CUSTOMHIDOutEpAdd
                0x2000008b        0x1 ./Middlewares/ST/STM32_USB_Device_Library/Class/CustomHID/Src/usbd_customhid.o
 .data.CUSTOM_HID_ReportDesc_FS
                0x2000008c       0x2d ./USB_DEVICE/App/usbd_custom_hid_if.o
 *fill*         0x200000b9        0x3 
 .data.USBD_CustomHID_fops_FS
                0x200000bc       0x10 ./USB_DEVICE/App/usbd_custom_hid_if.o
                0x200000bc                USBD_CustomHID_fops_FS
 .data.FS_Desc  0x200000cc       0x1c ./USB_DEVICE/App/usbd_desc.o
                0x200000cc                FS_Desc
 .data.USBD_FS_DeviceDesc
                0x200000e8       0x12 ./USB_DEVICE/App/usbd_desc.o
                0x200000e8                USBD_FS_DeviceDesc
 *fill*         0x200000fa        0x2 
 .data.USBD_LangIDDesc
                0x200000fc        0x4 ./USB_DEVICE/App/usbd_desc.o
                0x200000fc                USBD_LangIDDesc
 .data.USBD_StringSerial
                0x20000100       0x1a ./USB_DEVICE/App/usbd_desc.o
                0x20000100                USBD_StringSerial
 *(.RamFunc)
 *(.RamFunc*)
                0x2000011c                        . = ALIGN (0x4)
 *fill*         0x2000011a        0x2 
                0x2000011c                        _edata = .

.igot.plt       0x2000011c        0x0 load address 0x08008290
 .igot.plt      0x2000011c        0x0 C:/ST/STM32CubeIDE_1.16.0/STM32CubeIDE/plugins/com.st.stm32cube.ide.mcu.externaltools.gnu-tools-for-stm32.12.3.rel1.win32_1.0.200.202406191623/tools/bin/../lib/gcc/arm-none-eabi/12.3.1/thumb/v7e-m+fp/hard/crtbegin.o
                0x2000011c                        . = ALIGN (0x4)

.bss            0x20000120      0xa70 load address 0x08008290
                0x20000120                        _sbss = .
                0x20000120                        __bss_start__ = _sbss
 *(.bss)
 .bss           0x20000120       0x1c C:/ST/STM32CubeIDE_1.16.0/STM32CubeIDE/plugins/com.st.stm32cube.ide.mcu.externaltools.gnu-tools-for-stm32.12.3.rel1.win32_1.0.200.202406191623/tools/bin/../lib/gcc/arm-none-eabi/12.3.1/thumb/v7e-m+fp/hard/crtbegin.o
 *(.bss*)
 .bss.hadc1     0x2000013c       0x48 ./Core/Src/adc.o
                0x2000013c                hadc1
 .bss.systick_counter
                0x20000184        0x4 ./Core/Src/getters.o
                0x20000184                systick_counter
 .bss.raw_X     0x20000188        0x4 ./Core/Src/getters.o
                0x20000188                raw_X
 .bss.raw_Y     0x2000018c        0x4 ./Core/Src/getters.o
                0x2000018c                raw_Y
 .bss.adc_X     0x20000190        0x1 ./Core/Src/getters.o
                0x20000190                adc_X
 .bss.adc_Y     0x20000191        0x1 ./Core/Src/getters.o
                0x20000191                adc_Y
 .bss.X_value   0x20000192        0x1 ./Core/Src/getters.o
                0x20000192                X_value
 .bss.Y_value   0x20000193        0x1 ./Core/Src/getters.o
                0x20000193                Y_value
 .bss.LimiterClicked
                0x20000194        0x1 ./Core/Src/getters.o
                0x20000194                LimiterClicked
 *fill*         0x20000195        0x3 
 .bss.X_val     0x20000198        0x8 ./Core/Src/main.o
                0x20000198                X_val
 .bss.Y_val     0x200001a0        0x8 ./Core/Src/main.o
                0x200001a0                Y_val
 .bss.Limiter   0x200001a8        0x1 ./Core/Src/main.o
                0x200001a8                Limiter
 *fill*         0x200001a9        0x3 
 .bss.uwTick    0x200001ac        0x4 ./Drivers/STM32F4xx_HAL_Driver/Src/stm32f4xx_hal.o
                0x200001ac                uwTick
 .bss.cfgidx.0  0x200001b0        0x1 ./Middlewares/ST/STM32_USB_Device_Library/Core/Src/usbd_ctlreq.o
 *fill*         0x200001b1        0x3 
 .bss.hUsbDeviceFS
                0x200001b4      0x2dc ./USB_DEVICE/App/usb_device.o
                0x200001b4                hUsbDeviceFS
 .bss.USBD_StrDesc
                0x20000490      0x200 ./USB_DEVICE/App/usbd_desc.o
                0x20000490                USBD_StrDesc
 .bss.hpcd_USB_OTG_FS
                0x20000690      0x4e4 ./USB_DEVICE/Target/usbd_conf.o
                0x20000690                hpcd_USB_OTG_FS
 .bss.mem.0     0x20000b74       0x1c ./USB_DEVICE/Target/usbd_conf.o
 *(COMMON)
                0x20000b90                        . = ALIGN (0x4)
                0x20000b90                        _ebss = .
                0x20000b90                        __bss_end__ = _ebss

._user_heap_stack
                0x20000b90      0x600 load address 0x08008290
                0x20000b90                        . = ALIGN (0x8)
                [!provide]                        PROVIDE (end = .)
                0x20000b90                        PROVIDE (_end = .)
                0x20000d90                        . = (. + _Min_Heap_Size)
 *fill*         0x20000b90      0x200 
                0x20001190                        . = (. + _Min_Stack_Size)
 *fill*         0x20000d90      0x400 
                0x20001190                        . = ALIGN (0x8)

/DISCARD/
 libc.a(*)
 libm.a(*)
 libgcc.a(*)

.ARM.attributes
                0x00000000       0x30
 *(.ARM.attributes)
 .ARM.attributes
                0x00000000       0x22 C:/ST/STM32CubeIDE_1.16.0/STM32CubeIDE/plugins/com.st.stm32cube.ide.mcu.externaltools.gnu-tools-for-stm32.12.3.rel1.win32_1.0.200.202406191623/tools/bin/../lib/gcc/arm-none-eabi/12.3.1/thumb/v7e-m+fp/hard/crti.o
 .ARM.attributes
                0x00000022       0x34 C:/ST/STM32CubeIDE_1.16.0/STM32CubeIDE/plugins/com.st.stm32cube.ide.mcu.externaltools.gnu-tools-for-stm32.12.3.rel1.win32_1.0.200.202406191623/tools/bin/../lib/gcc/arm-none-eabi/12.3.1/thumb/v7e-m+fp/hard/crtbegin.o
 .ARM.attributes
                0x00000056       0x34 ./Core/Src/adc.o
 .ARM.attributes
                0x0000008a       0x34 ./Core/Src/getters.o
 .ARM.attributes
                0x000000be       0x34 ./Core/Src/gpio.o
 .ARM.attributes
                0x000000f2       0x34 ./Core/Src/irq.o
 .ARM.attributes
                0x00000126       0x34 ./Core/Src/main.o
 .ARM.attributes
                0x0000015a       0x34 ./Core/Src/stm32f4xx_hal_msp.o
 .ARM.attributes
                0x0000018e       0x34 ./Core/Src/stm32f4xx_it.o
 .ARM.attributes
                0x000001c2       0x34 ./Core/Src/system_stm32f4xx.o
 .ARM.attributes
                0x000001f6       0x21 ./Core/Startup/startup_stm32f401rctx.o
 .ARM.attributes
                0x00000217       0x34 ./Drivers/STM32F4xx_HAL_Driver/Src/stm32f4xx_hal.o
 .ARM.attributes
                0x0000024b       0x34 ./Drivers/STM32F4xx_HAL_Driver/Src/stm32f4xx_hal_adc.o
 .ARM.attributes
                0x0000027f       0x34 ./Drivers/STM32F4xx_HAL_Driver/Src/stm32f4xx_hal_cortex.o
 .ARM.attributes
                0x000002b3       0x34 ./Drivers/STM32F4xx_HAL_Driver/Src/stm32f4xx_hal_gpio.o
 .ARM.attributes
                0x000002e7       0x34 ./Drivers/STM32F4xx_HAL_Driver/Src/stm32f4xx_hal_pcd.o
 .ARM.attributes
                0x0000031b       0x34 ./Drivers/STM32F4xx_HAL_Driver/Src/stm32f4xx_hal_pcd_ex.o
 .ARM.attributes
                0x0000034f       0x34 ./Drivers/STM32F4xx_HAL_Driver/Src/stm32f4xx_hal_rcc.o
 .ARM.attributes
                0x00000383       0x34 ./Drivers/STM32F4xx_HAL_Driver/Src/stm32f4xx_ll_usb.o
 .ARM.attributes
                0x000003b7       0x34 ./Middlewares/ST/STM32_USB_Device_Library/Class/CustomHID/Src/usbd_customhid.o
 .ARM.attributes
                0x000003eb       0x34 ./Middlewares/ST/STM32_USB_Device_Library/Core/Src/usbd_core.o
 .ARM.attributes
                0x0000041f       0x34 ./Middlewares/ST/STM32_USB_Device_Library/Core/Src/usbd_ctlreq.o
 .ARM.attributes
                0x00000453       0x34 ./Middlewares/ST/STM32_USB_Device_Library/Core/Src/usbd_ioreq.o
 .ARM.attributes
                0x00000487       0x34 ./USB_DEVICE/App/usb_device.o
 .ARM.attributes
                0x000004bb       0x34 ./USB_DEVICE/App/usbd_custom_hid_if.o
 .ARM.attributes
                0x000004ef       0x34 ./USB_DEVICE/App/usbd_desc.o
 .ARM.attributes
                0x00000523       0x34 ./USB_DEVICE/Target/usbd_conf.o
 .ARM.attributes
                0x00000557       0x34 C:/ST/STM32CubeIDE_1.16.0/STM32CubeIDE/plugins/com.st.stm32cube.ide.mcu.externaltools.gnu-tools-for-stm32.12.3.rel1.win32_1.0.200.202406191623/tools/bin/../lib/gcc/arm-none-eabi/12.3.1/../../../../arm-none-eabi/lib/thumb/v7e-m+fp/hard\libc_nano.a(libc_a-memset.o)
 .ARM.attributes
                0x0000058b       0x34 C:/ST/STM32CubeIDE_1.16.0/STM32CubeIDE/plugins/com.st.stm32cube.ide.mcu.externaltools.gnu-tools-for-stm32.12.3.rel1.win32_1.0.200.202406191623/tools/bin/../lib/gcc/arm-none-eabi/12.3.1/../../../../arm-none-eabi/lib/thumb/v7e-m+fp/hard\libc_nano.a(libc_a-init.o)
 .ARM.attributes
                0x000005bf       0x22 C:/ST/STM32CubeIDE_1.16.0/STM32CubeIDE/plugins/com.st.stm32cube.ide.mcu.externaltools.gnu-tools-for-stm32.12.3.rel1.win32_1.0.200.202406191623/tools/bin/../lib/gcc/arm-none-eabi/12.3.1/thumb/v7e-m+fp/hard\libgcc.a(_arm_addsubdf3.o)
 .ARM.attributes
                0x000005e1       0x22 C:/ST/STM32CubeIDE_1.16.0/STM32CubeIDE/plugins/com.st.stm32cube.ide.mcu.externaltools.gnu-tools-for-stm32.12.3.rel1.win32_1.0.200.202406191623/tools/bin/../lib/gcc/arm-none-eabi/12.3.1/thumb/v7e-m+fp/hard\libgcc.a(_arm_muldivdf3.o)
 .ARM.attributes
                0x00000603       0x22 C:/ST/STM32CubeIDE_1.16.0/STM32CubeIDE/plugins/com.st.stm32cube.ide.mcu.externaltools.gnu-tools-for-stm32.12.3.rel1.win32_1.0.200.202406191623/tools/bin/../lib/gcc/arm-none-eabi/12.3.1/thumb/v7e-m+fp/hard\libgcc.a(_arm_cmpdf2.o)
 .ARM.attributes
                0x00000625       0x22 C:/ST/STM32CubeIDE_1.16.0/STM32CubeIDE/plugins/com.st.stm32cube.ide.mcu.externaltools.gnu-tools-for-stm32.12.3.rel1.win32_1.0.200.202406191623/tools/bin/../lib/gcc/arm-none-eabi/12.3.1/thumb/v7e-m+fp/hard\libgcc.a(_aeabi_uldivmod.o)
 .ARM.attributes
                0x00000647       0x34 C:/ST/STM32CubeIDE_1.16.0/STM32CubeIDE/plugins/com.st.stm32cube.ide.mcu.externaltools.gnu-tools-for-stm32.12.3.rel1.win32_1.0.200.202406191623/tools/bin/../lib/gcc/arm-none-eabi/12.3.1/thumb/v7e-m+fp/hard\libgcc.a(_udivmoddi4.o)
 .ARM.attributes
                0x0000067b       0x22 C:/ST/STM32CubeIDE_1.16.0/STM32CubeIDE/plugins/com.st.stm32cube.ide.mcu.externaltools.gnu-tools-for-stm32.12.3.rel1.win32_1.0.200.202406191623/tools/bin/../lib/gcc/arm-none-eabi/12.3.1/thumb/v7e-m+fp/hard\libgcc.a(_dvmd_tls.o)
 .ARM.attributes
                0x0000069d       0x22 C:/ST/STM32CubeIDE_1.16.0/STM32CubeIDE/plugins/com.st.stm32cube.ide.mcu.externaltools.gnu-tools-for-stm32.12.3.rel1.win32_1.0.200.202406191623/tools/bin/../lib/gcc/arm-none-eabi/12.3.1/thumb/v7e-m+fp/hard/crtn.o
OUTPUT(joystick.elf elf32-littlearm)
LOAD linker stubs
LOAD C:/ST/STM32CubeIDE_1.16.0/STM32CubeIDE/plugins/com.st.stm32cube.ide.mcu.externaltools.gnu-tools-for-stm32.12.3.rel1.win32_1.0.200.202406191623/tools/bin/../lib/gcc/arm-none-eabi/12.3.1/../../../../arm-none-eabi/lib/thumb/v7e-m+fp/hard\libc.a
LOAD C:/ST/STM32CubeIDE_1.16.0/STM32CubeIDE/plugins/com.st.stm32cube.ide.mcu.externaltools.gnu-tools-for-stm32.12.3.rel1.win32_1.0.200.202406191623/tools/bin/../lib/gcc/arm-none-eabi/12.3.1/../../../../arm-none-eabi/lib/thumb/v7e-m+fp/hard\libm.a
LOAD C:/ST/STM32CubeIDE_1.16.0/STM32CubeIDE/plugins/com.st.stm32cube.ide.mcu.externaltools.gnu-tools-for-stm32.12.3.rel1.win32_1.0.200.202406191623/tools/bin/../lib/gcc/arm-none-eabi/12.3.1/thumb/v7e-m+fp/hard\libgcc.a

.debug_info     0x00000000     0xf9d5
 .debug_info    0x00000000      0x9c6 ./Core/Src/adc.o
 .debug_info    0x000009c6      0x85d ./Core/Src/getters.o
 .debug_info    0x00001223      0x59d ./Core/Src/gpio.o
 .debug_info    0x000017c0       0xf1 ./Core/Src/irq.o
 .debug_info    0x000018b1      0xf8f ./Core/Src/main.o
 .debug_info    0x00002840      0x291 ./Core/Src/stm32f4xx_hal_msp.o
 .debug_info    0x00002ad1      0x655 ./Core/Src/stm32f4xx_it.o
 .debug_info    0x00003126      0x53e ./Core/Src/system_stm32f4xx.o
 .debug_info    0x00003664       0x30 ./Core/Startup/startup_stm32f401rctx.o
 .debug_info    0x00003694      0x8bb ./Drivers/STM32F4xx_HAL_Driver/Src/stm32f4xx_hal.o
 .debug_info    0x00003f4f      0xcd1 ./Drivers/STM32F4xx_HAL_Driver/Src/stm32f4xx_hal_adc.o
 .debug_info    0x00004c20      0xcc1 ./Drivers/STM32F4xx_HAL_Driver/Src/stm32f4xx_hal_cortex.o
 .debug_info    0x000058e1      0x6f9 ./Drivers/STM32F4xx_HAL_Driver/Src/stm32f4xx_hal_gpio.o
 .debug_info    0x00005fda     0x1577 ./Drivers/STM32F4xx_HAL_Driver/Src/stm32f4xx_hal_pcd.o
 .debug_info    0x00007551      0x6ea ./Drivers/STM32F4xx_HAL_Driver/Src/stm32f4xx_hal_pcd_ex.o
 .debug_info    0x00007c3b      0x8f3 ./Drivers/STM32F4xx_HAL_Driver/Src/stm32f4xx_hal_rcc.o
 .debug_info    0x0000852e     0x1993 ./Drivers/STM32F4xx_HAL_Driver/Src/stm32f4xx_ll_usb.o
 .debug_info    0x00009ec1      0xc53 ./Middlewares/ST/STM32_USB_Device_Library/Class/CustomHID/Src/usbd_customhid.o
 .debug_info    0x0000ab14      0xe05 ./Middlewares/ST/STM32_USB_Device_Library/Core/Src/usbd_core.o
 .debug_info    0x0000b919      0xade ./Middlewares/ST/STM32_USB_Device_Library/Core/Src/usbd_ctlreq.o
 .debug_info    0x0000c3f7      0x755 ./Middlewares/ST/STM32_USB_Device_Library/Core/Src/usbd_ioreq.o
 .debug_info    0x0000cb4c      0x6c4 ./USB_DEVICE/App/usb_device.o
 .debug_info    0x0000d210      0x76e ./USB_DEVICE/App/usbd_custom_hid_if.o
 .debug_info    0x0000d97e      0x458 ./USB_DEVICE/App/usbd_desc.o
 .debug_info    0x0000ddd6     0x1bff ./USB_DEVICE/Target/usbd_conf.o

.debug_abbrev   0x00000000     0x31d7
 .debug_abbrev  0x00000000      0x1f2 ./Core/Src/adc.o
 .debug_abbrev  0x000001f2      0x17b ./Core/Src/getters.o
 .debug_abbrev  0x0000036d      0x170 ./Core/Src/gpio.o
 .debug_abbrev  0x000004dd       0x85 ./Core/Src/irq.o
 .debug_abbrev  0x00000562      0x361 ./Core/Src/main.o
 .debug_abbrev  0x000008c3       0xd8 ./Core/Src/stm32f4xx_hal_msp.o
 .debug_abbrev  0x0000099b      0x1b9 ./Core/Src/stm32f4xx_it.o
 .debug_abbrev  0x00000b54      0x11a ./Core/Src/system_stm32f4xx.o
 .debug_abbrev  0x00000c6e       0x24 ./Core/Startup/startup_stm32f401rctx.o
 .debug_abbrev  0x00000c92      0x24b ./Drivers/STM32F4xx_HAL_Driver/Src/stm32f4xx_hal.o
 .debug_abbrev  0x00000edd      0x20e ./Drivers/STM32F4xx_HAL_Driver/Src/stm32f4xx_hal_adc.o
 .debug_abbrev  0x000010eb      0x328 ./Drivers/STM32F4xx_HAL_Driver/Src/stm32f4xx_hal_cortex.o
 .debug_abbrev  0x00001413      0x1d3 ./Drivers/STM32F4xx_HAL_Driver/Src/stm32f4xx_hal_gpio.o
 .debug_abbrev  0x000015e6      0x2b6 ./Drivers/STM32F4xx_HAL_Driver/Src/stm32f4xx_hal_pcd.o
 .debug_abbrev  0x0000189c      0x1da ./Drivers/STM32F4xx_HAL_Driver/Src/stm32f4xx_hal_pcd_ex.o
 .debug_abbrev  0x00001a76      0x2b5 ./Drivers/STM32F4xx_HAL_Driver/Src/stm32f4xx_hal_rcc.o
 .debug_abbrev  0x00001d2b      0x2b3 ./Drivers/STM32F4xx_HAL_Driver/Src/stm32f4xx_ll_usb.o
 .debug_abbrev  0x00001fde      0x2d0 ./Middlewares/ST/STM32_USB_Device_Library/Class/CustomHID/Src/usbd_customhid.o
 .debug_abbrev  0x000022ae      0x27c ./Middlewares/ST/STM32_USB_Device_Library/Core/Src/usbd_core.o
 .debug_abbrev  0x0000252a      0x26f ./Middlewares/ST/STM32_USB_Device_Library/Core/Src/usbd_ctlreq.o
 .debug_abbrev  0x00002799      0x19a ./Middlewares/ST/STM32_USB_Device_Library/Core/Src/usbd_ioreq.o
 .debug_abbrev  0x00002933      0x194 ./USB_DEVICE/App/usb_device.o
 .debug_abbrev  0x00002ac7      0x1f0 ./USB_DEVICE/App/usbd_custom_hid_if.o
 .debug_abbrev  0x00002cb7      0x1e1 ./USB_DEVICE/App/usbd_desc.o
 .debug_abbrev  0x00002e98      0x33f ./USB_DEVICE/Target/usbd_conf.o

.debug_aranges  0x00000000      0xcc0
 .debug_aranges
                0x00000000       0x30 ./Core/Src/adc.o
 .debug_aranges
                0x00000030       0x30 ./Core/Src/getters.o
 .debug_aranges
                0x00000060       0x20 ./Core/Src/gpio.o
 .debug_aranges
                0x00000080       0x20 ./Core/Src/irq.o
 .debug_aranges
                0x000000a0       0x48 ./Core/Src/main.o
 .debug_aranges
                0x000000e8       0x20 ./Core/Src/stm32f4xx_hal_msp.o
 .debug_aranges
                0x00000108       0x70 ./Core/Src/stm32f4xx_it.o
 .debug_aranges
                0x00000178       0x28 ./Core/Src/system_stm32f4xx.o
 .debug_aranges
                0x000001a0       0x28 ./Core/Startup/startup_stm32f401rctx.o
 .debug_aranges
                0x000001c8       0xf0 ./Drivers/STM32F4xx_HAL_Driver/Src/stm32f4xx_hal.o
 .debug_aranges
                0x000002b8       0xe8 ./Drivers/STM32F4xx_HAL_Driver/Src/stm32f4xx_hal_adc.o
 .debug_aranges
                0x000003a0      0x120 ./Drivers/STM32F4xx_HAL_Driver/Src/stm32f4xx_hal_cortex.o
 .debug_aranges
                0x000004c0       0x58 ./Drivers/STM32F4xx_HAL_Driver/Src/stm32f4xx_hal_gpio.o
 .debug_aranges
                0x00000518      0x148 ./Drivers/STM32F4xx_HAL_Driver/Src/stm32f4xx_hal_pcd.o
 .debug_aranges
                0x00000660       0x38 ./Drivers/STM32F4xx_HAL_Driver/Src/stm32f4xx_hal_pcd_ex.o
 .debug_aranges
                0x00000698       0x88 ./Drivers/STM32F4xx_HAL_Driver/Src/stm32f4xx_hal_rcc.o
 .debug_aranges
                0x00000720      0x1a0 ./Drivers/STM32F4xx_HAL_Driver/Src/stm32f4xx_ll_usb.o
 .debug_aranges
                0x000008c0       0x80 ./Middlewares/ST/STM32_USB_Device_Library/Class/CustomHID/Src/usbd_customhid.o
 .debug_aranges
                0x00000940       0xd8 ./Middlewares/ST/STM32_USB_Device_Library/Core/Src/usbd_core.o
 .debug_aranges
                0x00000a18       0x90 ./Middlewares/ST/STM32_USB_Device_Library/Core/Src/usbd_ctlreq.o
 .debug_aranges
                0x00000aa8       0x50 ./Middlewares/ST/STM32_USB_Device_Library/Core/Src/usbd_ioreq.o
 .debug_aranges
                0x00000af8       0x20 ./USB_DEVICE/App/usb_device.o
 .debug_aranges
                0x00000b18       0x38 ./USB_DEVICE/App/usbd_custom_hid_if.o
 .debug_aranges
                0x00000b50       0x60 ./USB_DEVICE/App/usbd_desc.o
 .debug_aranges
                0x00000bb0      0x110 ./USB_DEVICE/Target/usbd_conf.o

.debug_rnglists
                0x00000000      0x960
 .debug_rnglists
                0x00000000       0x21 ./Core/Src/adc.o
 .debug_rnglists
                0x00000021       0x21 ./Core/Src/getters.o
 .debug_rnglists
                0x00000042       0x14 ./Core/Src/gpio.o
 .debug_rnglists
                0x00000056       0x13 ./Core/Src/irq.o
 .debug_rnglists
                0x00000069       0x36 ./Core/Src/main.o
 .debug_rnglists
                0x0000009f       0x13 ./Core/Src/stm32f4xx_hal_msp.o
 .debug_rnglists
                0x000000b2       0x4f ./Core/Src/stm32f4xx_it.o
 .debug_rnglists
                0x00000101       0x1a ./Core/Src/system_stm32f4xx.o
 .debug_rnglists
                0x0000011b       0x19 ./Core/Startup/startup_stm32f401rctx.o
 .debug_rnglists
                0x00000134       0xaf ./Drivers/STM32F4xx_HAL_Driver/Src/stm32f4xx_hal.o
 .debug_rnglists
                0x000001e3       0xb5 ./Drivers/STM32F4xx_HAL_Driver/Src/stm32f4xx_hal_adc.o
 .debug_rnglists
                0x00000298       0xd4 ./Drivers/STM32F4xx_HAL_Driver/Src/stm32f4xx_hal_cortex.o
 .debug_rnglists
                0x0000036c       0x3f ./Drivers/STM32F4xx_HAL_Driver/Src/stm32f4xx_hal_gpio.o
 .debug_rnglists
                0x000003ab       0xfa ./Drivers/STM32F4xx_HAL_Driver/Src/stm32f4xx_hal_pcd.o
 .debug_rnglists
                0x000004a5       0x26 ./Drivers/STM32F4xx_HAL_Driver/Src/stm32f4xx_hal_pcd_ex.o
 .debug_rnglists
                0x000004cb       0x66 ./Drivers/STM32F4xx_HAL_Driver/Src/stm32f4xx_hal_rcc.o
 .debug_rnglists
                0x00000531      0x147 ./Drivers/STM32F4xx_HAL_Driver/Src/stm32f4xx_ll_usb.o
 .debug_rnglists
                0x00000678       0x5e ./Middlewares/ST/STM32_USB_Device_Library/Class/CustomHID/Src/usbd_customhid.o
 .debug_rnglists
                0x000006d6       0xa1 ./Middlewares/ST/STM32_USB_Device_Library/Core/Src/usbd_core.o
 .debug_rnglists
                0x00000777       0x6e ./Middlewares/ST/STM32_USB_Device_Library/Core/Src/usbd_ctlreq.o
 .debug_rnglists
                0x000007e5       0x37 ./Middlewares/ST/STM32_USB_Device_Library/Core/Src/usbd_ioreq.o
 .debug_rnglists
                0x0000081c       0x13 ./USB_DEVICE/App/usb_device.o
 .debug_rnglists
                0x0000082f       0x25 ./USB_DEVICE/App/usbd_custom_hid_if.o
 .debug_rnglists
                0x00000854       0x43 ./USB_DEVICE/App/usbd_desc.o
 .debug_rnglists
                0x00000897       0xc9 ./USB_DEVICE/Target/usbd_conf.o

.debug_macro    0x00000000    0x1c254
 .debug_macro   0x00000000      0x215 ./Core/Src/adc.o
 .debug_macro   0x00000215      0xab4 ./Core/Src/adc.o
 .debug_macro   0x00000cc9      0x29b ./Core/Src/adc.o
 .debug_macro   0x00000f64       0x2e ./Core/Src/adc.o
 .debug_macro   0x00000f92       0x28 ./Core/Src/adc.o
 .debug_macro   0x00000fba       0x22 ./Core/Src/adc.o
 .debug_macro   0x00000fdc       0x8e ./Core/Src/adc.o
 .debug_macro   0x0000106a       0x51 ./Core/Src/adc.o
 .debug_macro   0x000010bb      0x103 ./Core/Src/adc.o
 .debug_macro   0x000011be       0x6a ./Core/Src/adc.o
 .debug_macro   0x00001228      0x1df ./Core/Src/adc.o
 .debug_macro   0x00001407       0x1c ./Core/Src/adc.o
 .debug_macro   0x00001423       0x22 ./Core/Src/adc.o
 .debug_macro   0x00001445       0xfb ./Core/Src/adc.o
 .debug_macro   0x00001540     0x1011 ./Core/Src/adc.o
 .debug_macro   0x00002551      0x11f ./Core/Src/adc.o
 .debug_macro   0x00002670     0xb86c ./Core/Src/adc.o
 .debug_macro   0x0000dedc       0x6d ./Core/Src/adc.o
 .debug_macro   0x0000df49     0x368c ./Core/Src/adc.o
 .debug_macro   0x000115d5      0x189 ./Core/Src/adc.o
 .debug_macro   0x0001175e       0x5c ./Core/Src/adc.o
 .debug_macro   0x000117ba      0x416 ./Core/Src/adc.o
 .debug_macro   0x00011bd0      0x9e9 ./Core/Src/adc.o
 .debug_macro   0x000125b9      0x115 ./Core/Src/adc.o
 .debug_macro   0x000126ce       0xf8 ./Core/Src/adc.o
 .debug_macro   0x000127c6       0xa5 ./Core/Src/adc.o
 .debug_macro   0x0001286b      0x15f ./Core/Src/adc.o
 .debug_macro   0x000129ca      0x287 ./Core/Src/adc.o
 .debug_macro   0x00012c51       0x5f ./Core/Src/adc.o
 .debug_macro   0x00012cb0      0x236 ./Core/Src/adc.o
 .debug_macro   0x00012ee6      0x9e1 ./Core/Src/adc.o
 .debug_macro   0x000138c7      0x38b ./Core/Src/adc.o
 .debug_macro   0x00013c52      0x176 ./Core/Src/adc.o
 .debug_macro   0x00013dc8       0xf9 ./Core/Src/adc.o
 .debug_macro   0x00013ec1      0x132 ./Core/Src/adc.o
 .debug_macro   0x00013ff3      0x23a ./Core/Src/adc.o
 .debug_macro   0x0001422d       0x2e ./Core/Src/adc.o
 .debug_macro   0x0001425b      0x127 ./Core/Src/adc.o
 .debug_macro   0x00014382       0x85 ./Core/Src/adc.o
 .debug_macro   0x00014407       0x89 ./Core/Src/adc.o
 .debug_macro   0x00014490      0x293 ./Core/Src/adc.o
 .debug_macro   0x00014723       0xba ./Core/Src/adc.o
 .debug_macro   0x000147dd      0x126 ./Core/Src/adc.o
 .debug_macro   0x00014903       0x16 ./Core/Src/adc.o
 .debug_macro   0x00014919      0x224 ./Core/Src/getters.o
 .debug_macro   0x00014b3d      0xb8c ./Core/Src/getters.o
 .debug_macro   0x000156c9       0x1c ./Core/Src/getters.o
 .debug_macro   0x000156e5     0x1011 ./Core/Src/getters.o
 .debug_macro   0x000166f6      0x190 ./Core/Src/getters.o
 .debug_macro   0x00016886      0x215 ./Core/Src/gpio.o
 .debug_macro   0x00016a9b      0x218 ./Core/Src/irq.o
 .debug_macro   0x00016cb3       0x1c ./Core/Src/irq.o
 .debug_macro   0x00016ccf      0x45e ./Core/Src/main.o
 .debug_macro   0x0001712d       0x61 ./Core/Src/main.o
 .debug_macro   0x0001718e       0x2a ./Core/Src/main.o
 .debug_macro   0x000171b8       0x43 ./Core/Src/main.o
 .debug_macro   0x000171fb       0x34 ./Core/Src/main.o
 .debug_macro   0x0001722f       0x16 ./Core/Src/main.o
 .debug_macro   0x00017245       0x35 ./Core/Src/main.o
 .debug_macro   0x0001727a      0x38c ./Core/Src/main.o
 .debug_macro   0x00017606       0x10 ./Core/Src/main.o
 .debug_macro   0x00017616       0x16 ./Core/Src/main.o
 .debug_macro   0x0001762c       0x43 ./Core/Src/main.o
 .debug_macro   0x0001766f       0x34 ./Core/Src/main.o
 .debug_macro   0x000176a3       0x10 ./Core/Src/main.o
 .debug_macro   0x000176b3       0x58 ./Core/Src/main.o
 .debug_macro   0x0001770b       0x8e ./Core/Src/main.o
 .debug_macro   0x00017799       0x16 ./Core/Src/main.o
 .debug_macro   0x000177af      0x177 ./Core/Src/main.o
 .debug_macro   0x00017926       0x16 ./Core/Src/main.o
 .debug_macro   0x0001793c       0x16 ./Core/Src/main.o
 .debug_macro   0x00017952      0x138 ./Core/Src/main.o
 .debug_macro   0x00017a8a      0x1d6 ./Core/Src/main.o
 .debug_macro   0x00017c60       0x10 ./Core/Src/main.o
 .debug_macro   0x00017c70      0x417 ./Core/Src/main.o
 .debug_macro   0x00018087       0x10 ./Core/Src/main.o
 .debug_macro   0x00018097       0x16 ./Core/Src/main.o
 .debug_macro   0x000180ad       0x16 ./Core/Src/main.o
 .debug_macro   0x000180c3       0x29 ./Core/Src/main.o
 .debug_macro   0x000180ec       0x1c ./Core/Src/main.o
 .debug_macro   0x00018108       0xde ./Core/Src/main.o
 .debug_macro   0x000181e6       0x16 ./Core/Src/main.o
 .debug_macro   0x000181fc       0x20 ./Core/Src/main.o
 .debug_macro   0x0001821c       0x78 ./Core/Src/main.o
 .debug_macro   0x00018294      0x20f ./Core/Src/main.o
 .debug_macro   0x000184a3       0x18 ./Core/Src/main.o
 .debug_macro   0x000184bb      0x194 ./Core/Src/main.o
 .debug_macro   0x0001864f      0x3cd ./Core/Src/main.o
 .debug_macro   0x00018a1c       0x65 ./Core/Src/main.o
 .debug_macro   0x00018a81      0x20b ./Core/Src/stm32f4xx_hal_msp.o
 .debug_macro   0x00018c8c      0x219 ./Core/Src/stm32f4xx_it.o
 .debug_macro   0x00018ea5      0x1fc ./Core/Src/system_stm32f4xx.o
 .debug_macro   0x000190a1      0x25c ./Drivers/STM32F4xx_HAL_Driver/Src/stm32f4xx_hal.o
 .debug_macro   0x000192fd      0x1fd ./Drivers/STM32F4xx_HAL_Driver/Src/stm32f4xx_hal_adc.o
 .debug_macro   0x000194fa      0x1fc ./Drivers/STM32F4xx_HAL_Driver/Src/stm32f4xx_hal_cortex.o
 .debug_macro   0x000196f6      0x202 ./Drivers/STM32F4xx_HAL_Driver/Src/stm32f4xx_hal_gpio.o
 .debug_macro   0x000198f8      0x208 ./Drivers/STM32F4xx_HAL_Driver/Src/stm32f4xx_hal_pcd.o
 .debug_macro   0x00019b00      0x1fc ./Drivers/STM32F4xx_HAL_Driver/Src/stm32f4xx_hal_pcd_ex.o
 .debug_macro   0x00019cfc      0x220 ./Drivers/STM32F4xx_HAL_Driver/Src/stm32f4xx_hal_rcc.o
 .debug_macro   0x00019f1c      0x1fc ./Drivers/STM32F4xx_HAL_Driver/Src/stm32f4xx_ll_usb.o
 .debug_macro   0x0001a118      0x39a ./Middlewares/ST/STM32_USB_Device_Library/Class/CustomHID/Src/usbd_customhid.o
 .debug_macro   0x0001a4b2       0x9e ./Middlewares/ST/STM32_USB_Device_Library/Class/CustomHID/Src/usbd_customhid.o
 .debug_macro   0x0001a550      0x10b ./Middlewares/ST/STM32_USB_Device_Library/Class/CustomHID/Src/usbd_customhid.o
 .debug_macro   0x0001a65b       0x56 ./Middlewares/ST/STM32_USB_Device_Library/Class/CustomHID/Src/usbd_customhid.o
 .debug_macro   0x0001a6b1      0x381 ./Middlewares/ST/STM32_USB_Device_Library/Core/Src/usbd_core.o
 .debug_macro   0x0001aa32      0x215 ./Middlewares/ST/STM32_USB_Device_Library/Core/Src/usbd_core.o
 .debug_macro   0x0001ac47      0x38b ./Middlewares/ST/STM32_USB_Device_Library/Core/Src/usbd_ctlreq.o
 .debug_macro   0x0001afd2      0x387 ./Middlewares/ST/STM32_USB_Device_Library/Core/Src/usbd_ioreq.o
 .debug_macro   0x0001b359      0x3bb ./USB_DEVICE/App/usb_device.o
 .debug_macro   0x0001b714       0x22 ./USB_DEVICE/App/usb_device.o
 .debug_macro   0x0001b736      0x3a0 ./USB_DEVICE/App/usbd_custom_hid_if.o
 .debug_macro   0x0001bad6      0x3c4 ./USB_DEVICE/App/usbd_desc.o
 .debug_macro   0x0001be9a       0x1c ./USB_DEVICE/App/usbd_desc.o
 .debug_macro   0x0001beb6      0x39e ./USB_DEVICE/Target/usbd_conf.o

.debug_line     0x00000000    0x1320a
 .debug_line    0x00000000      0x813 ./Core/Src/adc.o
 .debug_line    0x00000813      0x872 ./Core/Src/getters.o
 .debug_line    0x00001085      0x7a0 ./Core/Src/gpio.o
 .debug_line    0x00001825      0x795 ./Core/Src/irq.o
 .debug_line    0x00001fba     0x11ba ./Core/Src/main.o
 .debug_line    0x00003174      0x794 ./Core/Src/stm32f4xx_hal_msp.o
 .debug_line    0x00003908      0x889 ./Core/Src/stm32f4xx_it.o
 .debug_line    0x00004191      0x818 ./Core/Src/system_stm32f4xx.o
 .debug_line    0x000049a9       0x7a ./Core/Startup/startup_stm32f401rctx.o
 .debug_line    0x00004a23      0xa81 ./Drivers/STM32F4xx_HAL_Driver/Src/stm32f4xx_hal.o
 .debug_line    0x000054a4     0x123d ./Drivers/STM32F4xx_HAL_Driver/Src/stm32f4xx_hal_adc.o
 .debug_line    0x000066e1      0xd49 ./Drivers/STM32F4xx_HAL_Driver/Src/stm32f4xx_hal_cortex.o
 .debug_line    0x0000742a      0xbd1 ./Drivers/STM32F4xx_HAL_Driver/Src/stm32f4xx_hal_gpio.o
 .debug_line    0x00007ffb     0x1567 ./Drivers/STM32F4xx_HAL_Driver/Src/stm32f4xx_hal_pcd.o
 .debug_line    0x00009562      0x85e ./Drivers/STM32F4xx_HAL_Driver/Src/stm32f4xx_hal_pcd_ex.o
 .debug_line    0x00009dc0      0xdf2 ./Drivers/STM32F4xx_HAL_Driver/Src/stm32f4xx_hal_rcc.o
 .debug_line    0x0000abb2     0x1df4 ./Drivers/STM32F4xx_HAL_Driver/Src/stm32f4xx_ll_usb.o
 .debug_line    0x0000c9a6      0xe14 ./Middlewares/ST/STM32_USB_Device_Library/Class/CustomHID/Src/usbd_customhid.o
 .debug_line    0x0000d7ba      0xf93 ./Middlewares/ST/STM32_USB_Device_Library/Core/Src/usbd_core.o
 .debug_line    0x0000e74d     0x116c ./Middlewares/ST/STM32_USB_Device_Library/Core/Src/usbd_ctlreq.o
 .debug_line    0x0000f8b9      0xaad ./Middlewares/ST/STM32_USB_Device_Library/Core/Src/usbd_ioreq.o
 .debug_line    0x00010366      0xa7c ./USB_DEVICE/App/usb_device.o
 .debug_line    0x00010de2      0xaa2 ./USB_DEVICE/App/usbd_custom_hid_if.o
 .debug_line    0x00011884      0xb32 ./USB_DEVICE/App/usbd_desc.o
 .debug_line    0x000123b6      0xe54 ./USB_DEVICE/Target/usbd_conf.o

.debug_str      0x00000000    0x95474
 .debug_str     0x00000000    0x8a1aa ./Core/Src/adc.o
                              0x8a568 (size before relaxing)
 .debug_str     0x0008a1aa      0x8e7 ./Core/Src/getters.o
                              0x8aa95 (size before relaxing)
 .debug_str     0x0008aa91      0x3d1 ./Core/Src/gpio.o
                              0x8a478 (size before relaxing)
 .debug_str     0x0008ae62       0x42 ./Core/Src/irq.o
                              0x8a3f4 (size before relaxing)
 .debug_str     0x0008aea4     0x711e ./Core/Src/main.o
                              0x9194b (size before relaxing)
 .debug_str     0x00091fc2       0x2c ./Core/Src/stm32f4xx_hal_msp.o
                              0x8a02b (size before relaxing)
 .debug_str     0x00091fee      0x48e ./Core/Src/stm32f4xx_it.o
                              0x8a410 (size before relaxing)
 .debug_str     0x0009247c       0xdb ./Core/Src/system_stm32f4xx.o
                              0x8a087 (size before relaxing)
 .debug_str     0x00092557       0x44 ./Core/Startup/startup_stm32f401rctx.o
                                 0x78 (size before relaxing)
 .debug_str     0x0009259b      0x5a9 ./Drivers/STM32F4xx_HAL_Driver/Src/stm32f4xx_hal.o
                              0x8aaa9 (size before relaxing)
 .debug_str     0x00092b44      0x296 ./Drivers/STM32F4xx_HAL_Driver/Src/stm32f4xx_hal_adc.o
                              0x8a662 (size before relaxing)
 .debug_str     0x00092dda      0x347 ./Drivers/STM32F4xx_HAL_Driver/Src/stm32f4xx_hal_cortex.o
                              0x8a7e1 (size before relaxing)
 .debug_str     0x00093121      0x124 ./Drivers/STM32F4xx_HAL_Driver/Src/stm32f4xx_hal_gpio.o
                              0x8a202 (size before relaxing)
 .debug_str     0x00093245      0x831 ./Drivers/STM32F4xx_HAL_Driver/Src/stm32f4xx_hal_pcd.o
                              0x8ab53 (size before relaxing)
 .debug_str     0x00093a76      0x115 ./Drivers/STM32F4xx_HAL_Driver/Src/stm32f4xx_hal_pcd_ex.o
                              0x8a443 (size before relaxing)
 .debug_str     0x00093b8b      0x214 ./Drivers/STM32F4xx_HAL_Driver/Src/stm32f4xx_hal_rcc.o
                              0x8a4bb (size before relaxing)
 .debug_str     0x00093d9f      0x4b9 ./Drivers/STM32F4xx_HAL_Driver/Src/stm32f4xx_ll_usb.o
                              0x8aa2e (size before relaxing)
 .debug_str     0x00094258      0x8d3 ./Middlewares/ST/STM32_USB_Device_Library/Class/CustomHID/Src/usbd_customhid.o
                              0x8ecc0 (size before relaxing)
 .debug_str     0x00094b2b      0x357 ./Middlewares/ST/STM32_USB_Device_Library/Core/Src/usbd_core.o
                              0x8ea5a (size before relaxing)
 .debug_str     0x00094e82      0x139 ./Middlewares/ST/STM32_USB_Device_Library/Core/Src/usbd_ctlreq.o
                              0x8e885 (size before relaxing)
 .debug_str     0x00094fbb       0x67 ./Middlewares/ST/STM32_USB_Device_Library/Core/Src/usbd_ioreq.o
                              0x8e75a (size before relaxing)
 .debug_str     0x00095022       0xc6 ./USB_DEVICE/App/usb_device.o
                              0x8ea02 (size before relaxing)
 .debug_str     0x000950e8       0xb0 ./USB_DEVICE/App/usbd_custom_hid_if.o
                              0x8e9c3 (size before relaxing)
 .debug_str     0x00095198      0x274 ./USB_DEVICE/App/usbd_desc.o
                              0x8e660 (size before relaxing)
 .debug_str     0x0009540c       0x68 ./USB_DEVICE/Target/usbd_conf.o
                              0x8f709 (size before relaxing)

.comment        0x00000000       0x43
 .comment       0x00000000       0x43 ./Core/Src/adc.o
                                 0x44 (size before relaxing)
 .comment       0x00000043       0x44 ./Core/Src/getters.o
 .comment       0x00000043       0x44 ./Core/Src/gpio.o
 .comment       0x00000043       0x44 ./Core/Src/irq.o
 .comment       0x00000043       0x44 ./Core/Src/main.o
 .comment       0x00000043       0x44 ./Core/Src/stm32f4xx_hal_msp.o
 .comment       0x00000043       0x44 ./Core/Src/stm32f4xx_it.o
 .comment       0x00000043       0x44 ./Core/Src/system_stm32f4xx.o
 .comment       0x00000043       0x44 ./Drivers/STM32F4xx_HAL_Driver/Src/stm32f4xx_hal.o
 .comment       0x00000043       0x44 ./Drivers/STM32F4xx_HAL_Driver/Src/stm32f4xx_hal_adc.o
 .comment       0x00000043       0x44 ./Drivers/STM32F4xx_HAL_Driver/Src/stm32f4xx_hal_cortex.o
 .comment       0x00000043       0x44 ./Drivers/STM32F4xx_HAL_Driver/Src/stm32f4xx_hal_gpio.o
 .comment       0x00000043       0x44 ./Drivers/STM32F4xx_HAL_Driver/Src/stm32f4xx_hal_pcd.o
 .comment       0x00000043       0x44 ./Drivers/STM32F4xx_HAL_Driver/Src/stm32f4xx_hal_pcd_ex.o
 .comment       0x00000043       0x44 ./Drivers/STM32F4xx_HAL_Driver/Src/stm32f4xx_hal_rcc.o
 .comment       0x00000043       0x44 ./Drivers/STM32F4xx_HAL_Driver/Src/stm32f4xx_ll_usb.o
 .comment       0x00000043       0x44 ./Middlewares/ST/STM32_USB_Device_Library/Class/CustomHID/Src/usbd_customhid.o
 .comment       0x00000043       0x44 ./Middlewares/ST/STM32_USB_Device_Library/Core/Src/usbd_core.o
 .comment       0x00000043       0x44 ./Middlewares/ST/STM32_USB_Device_Library/Core/Src/usbd_ctlreq.o
 .comment       0x00000043       0x44 ./Middlewares/ST/STM32_USB_Device_Library/Core/Src/usbd_ioreq.o
 .comment       0x00000043       0x44 ./USB_DEVICE/App/usb_device.o
 .comment       0x00000043       0x44 ./USB_DEVICE/App/usbd_custom_hid_if.o
 .comment       0x00000043       0x44 ./USB_DEVICE/App/usbd_desc.o
 .comment       0x00000043       0x44 ./USB_DEVICE/Target/usbd_conf.o

.debug_frame    0x00000000     0x3370
 .debug_frame   0x00000000       0x7c ./Core/Src/adc.o
 .debug_frame   0x0000007c       0x78 ./Core/Src/getters.o
 .debug_frame   0x000000f4       0x34 ./Core/Src/gpio.o
 .debug_frame   0x00000128       0x38 ./Core/Src/irq.o
 .debug_frame   0x00000160       0xd8 ./Core/Src/main.o
 .debug_frame   0x00000238       0x38 ./Core/Src/stm32f4xx_hal_msp.o
 .debug_frame   0x00000270      0x13c ./Core/Src/stm32f4xx_it.o
 .debug_frame   0x000003ac       0x58 ./Core/Src/system_stm32f4xx.o
 .debug_frame   0x00000404      0x374 ./Drivers/STM32F4xx_HAL_Driver/Src/stm32f4xx_hal.o
 .debug_frame   0x00000778      0x3fc ./Drivers/STM32F4xx_HAL_Driver/Src/stm32f4xx_hal_adc.o
 .debug_frame   0x00000b74      0x4b8 ./Drivers/STM32F4xx_HAL_Driver/Src/stm32f4xx_hal_cortex.o
 .debug_frame   0x0000102c      0x14c ./Drivers/STM32F4xx_HAL_Driver/Src/stm32f4xx_hal_gpio.o
 .debug_frame   0x00001178      0x5b8 ./Drivers/STM32F4xx_HAL_Driver/Src/stm32f4xx_hal_pcd.o
 .debug_frame   0x00001730       0xb0 ./Drivers/STM32F4xx_HAL_Driver/Src/stm32f4xx_hal_pcd_ex.o
 .debug_frame   0x000017e0      0x1f4 ./Drivers/STM32F4xx_HAL_Driver/Src/stm32f4xx_hal_rcc.o
 .debug_frame   0x000019d4      0x7c0 ./Drivers/STM32F4xx_HAL_Driver/Src/stm32f4xx_ll_usb.o
 .debug_frame   0x00002194      0x1f4 ./Middlewares/ST/STM32_USB_Device_Library/Class/CustomHID/Src/usbd_customhid.o
 .debug_frame   0x00002388      0x390 ./Middlewares/ST/STM32_USB_Device_Library/Core/Src/usbd_core.o
 .debug_frame   0x00002718      0x23c ./Middlewares/ST/STM32_USB_Device_Library/Core/Src/usbd_ctlreq.o
 .debug_frame   0x00002954      0x10c ./Middlewares/ST/STM32_USB_Device_Library/Core/Src/usbd_ioreq.o
 .debug_frame   0x00002a60       0x2c ./USB_DEVICE/App/usb_device.o
 .debug_frame   0x00002a8c       0x9c ./USB_DEVICE/App/usbd_custom_hid_if.o
 .debug_frame   0x00002b28      0x160 ./USB_DEVICE/App/usbd_desc.o
 .debug_frame   0x00002c88      0x47c ./USB_DEVICE/Target/usbd_conf.o
 .debug_frame   0x00003104       0x20 C:/ST/STM32CubeIDE_1.16.0/STM32CubeIDE/plugins/com.st.stm32cube.ide.mcu.externaltools.gnu-tools-for-stm32.12.3.rel1.win32_1.0.200.202406191623/tools/bin/../lib/gcc/arm-none-eabi/12.3.1/../../../../arm-none-eabi/lib/thumb/v7e-m+fp/hard\libc_nano.a(libc_a-memset.o)
 .debug_frame   0x00003124       0x2c C:/ST/STM32CubeIDE_1.16.0/STM32CubeIDE/plugins/com.st.stm32cube.ide.mcu.externaltools.gnu-tools-for-stm32.12.3.rel1.win32_1.0.200.202406191623/tools/bin/../lib/gcc/arm-none-eabi/12.3.1/../../../../arm-none-eabi/lib/thumb/v7e-m+fp/hard\libc_nano.a(libc_a-init.o)
 .debug_frame   0x00003150       0xac C:/ST/STM32CubeIDE_1.16.0/STM32CubeIDE/plugins/com.st.stm32cube.ide.mcu.externaltools.gnu-tools-for-stm32.12.3.rel1.win32_1.0.200.202406191623/tools/bin/../lib/gcc/arm-none-eabi/12.3.1/thumb/v7e-m+fp/hard\libgcc.a(_arm_addsubdf3.o)
 .debug_frame   0x000031fc       0x50 C:/ST/STM32CubeIDE_1.16.0/STM32CubeIDE/plugins/com.st.stm32cube.ide.mcu.externaltools.gnu-tools-for-stm32.12.3.rel1.win32_1.0.200.202406191623/tools/bin/../lib/gcc/arm-none-eabi/12.3.1/thumb/v7e-m+fp/hard\libgcc.a(_arm_muldivdf3.o)
 .debug_frame   0x0000324c       0xc4 C:/ST/STM32CubeIDE_1.16.0/STM32CubeIDE/plugins/com.st.stm32cube.ide.mcu.externaltools.gnu-tools-for-stm32.12.3.rel1.win32_1.0.200.202406191623/tools/bin/../lib/gcc/arm-none-eabi/12.3.1/thumb/v7e-m+fp/hard\libgcc.a(_arm_cmpdf2.o)
 .debug_frame   0x00003310       0x2c C:/ST/STM32CubeIDE_1.16.0/STM32CubeIDE/plugins/com.st.stm32cube.ide.mcu.externaltools.gnu-tools-for-stm32.12.3.rel1.win32_1.0.200.202406191623/tools/bin/../lib/gcc/arm-none-eabi/12.3.1/thumb/v7e-m+fp/hard\libgcc.a(_aeabi_uldivmod.o)
 .debug_frame   0x0000333c       0x34 C:/ST/STM32CubeIDE_1.16.0/STM32CubeIDE/plugins/com.st.stm32cube.ide.mcu.externaltools.gnu-tools-for-stm32.12.3.rel1.win32_1.0.200.202406191623/tools/bin/../lib/gcc/arm-none-eabi/12.3.1/thumb/v7e-m+fp/hard\libgcc.a(_udivmoddi4.o)

.debug_line_str
                0x00000000       0x5c
 .debug_line_str
                0x00000000       0x5c ./Core/Startup/startup_stm32f401rctx.o